Component: ARM Compiler 5.06 update 6 (build 750) Tool: armlink [4d35ed]

==============================================================================

Section Cross References

    system_stm32f10x.o(i.SetSysClock) refers to system_stm32f10x.o(i.SetSysClockTo72) for SetSysClockTo72
    system_stm32f10x.o(i.SystemCoreClockUpdate) refers to system_stm32f10x.o(.data) for SystemCoreClock
    system_stm32f10x.o(i.SystemInit) refers to system_stm32f10x.o(i.SetSysClock) for SetSysClock
    startup_stm32f10x_hd.o(STACK) refers (Special) to heapauxi.o(.text) for __use_two_region_memory
    startup_stm32f10x_hd.o(HEAP) refers (Special) to heapauxi.o(.text) for __use_two_region_memory
    startup_stm32f10x_hd.o(RESET) refers (Special) to heapauxi.o(.text) for __use_two_region_memory
    startup_stm32f10x_hd.o(RESET) refers to startup_stm32f10x_hd.o(STACK) for __initial_sp
    startup_stm32f10x_hd.o(RESET) refers to startup_stm32f10x_hd.o(.text) for Reset_Handler
    startup_stm32f10x_hd.o(RESET) refers to os_cpu_a.o(.text) for PendSV_Handler
    startup_stm32f10x_hd.o(RESET) refers to main.o(i.SysTick_Handler) for SysTick_Handler
    startup_stm32f10x_hd.o(RESET) refers to uart.o(i.USART1_IRQHandler) for USART1_IRQHandler
    startup_stm32f10x_hd.o(RESET) refers to uart.o(i.USART2_IRQHandler) for USART2_IRQHandler
    startup_stm32f10x_hd.o(.text) refers (Special) to heapauxi.o(.text) for __use_two_region_memory
    startup_stm32f10x_hd.o(.text) refers to system_stm32f10x.o(i.SystemInit) for SystemInit
    startup_stm32f10x_hd.o(.text) refers to __main.o(!!!main) for __main
    startup_stm32f10x_hd.o(.text) refers to startup_stm32f10x_hd.o(HEAP) for Heap_Mem
    startup_stm32f10x_hd.o(.text) refers to startup_stm32f10x_hd.o(STACK) for Stack_Mem
    main.o(i.SysTick_Handler) refers to os_core.o(i.OSIntEnter) for OSIntEnter
    main.o(i.SysTick_Handler) refers to os_core.o(i.OSTimeTick) for OSTimeTick
    main.o(i.SysTick_Handler) refers to os_core.o(i.OSIntExit) for OSIntExit
    main.o(i.main) refers to delay.o(i.DelayInit) for DelayInit
    main.o(i.main) refers to uart.o(i.Usart1Init) for Usart1Init
    main.o(i.main) refers to led.o(i.led_init) for led_init
    main.o(i.main) refers to iic.o(i.IICPinInit) for IICPinInit
    main.o(i.main) refers to uart.o(i.Usart2Init) for Usart2Init
    main.o(i.main) refers to mpr121.o(i.MPR121Init) for MPR121Init
    main.o(i.main) refers to mg200.o(i.MG200Init) for MG200Init
    main.o(i.main) refers to spi.o(i.SPIPinInit) for SPIPinInit
    main.o(i.main) refers to funtion.o(i.GPIO_voice_init) for GPIO_voice_init
    main.o(i.main) refers to funtion.o(i.GPIO_key_init) for GPIO_key_init
    main.o(i.main) refers to monochome_oled.o(i.oled_init) for oled_init
    main.o(i.main) refers to main.o(i.Systick_Interrupt) for Systick_Interrupt
    main.o(i.main) refers to os_core.o(i.OSInit) for OSInit
    main.o(i.main) refers to os_task.o(i.OSTaskCreate) for OSTaskCreate
    main.o(i.main) refers to os_core.o(i.OSStart) for OSStart
    main.o(i.main) refers to noretval__2printf.o(.text) for __2printf
    main.o(i.main) refers to start_task.o(.bss) for StratStack
    main.o(i.main) refers to start_task.o(i.StartTask) for StartTask
    uart.o(i.NVIC_EnableIRQ) refers (Special) to use_no_semi.o(.text) for __use_no_semihosting_swi
    uart.o(i.NVIC_EncodePriority) refers (Special) to use_no_semi.o(.text) for __use_no_semihosting_swi
    uart.o(i.NVIC_SetPriority) refers (Special) to use_no_semi.o(.text) for __use_no_semihosting_swi
    uart.o(i.USART1_IRQHandler) refers (Special) to use_no_semi.o(.text) for __use_no_semihosting_swi
    uart.o(i.USART2_IRQHandler) refers (Special) to use_no_semi.o(.text) for __use_no_semihosting_swi
    uart.o(i.USART2_IRQHandler) refers to mg200.o(.bss) for MG200rev
    uart.o(i.Usart1Init) refers (Special) to use_no_semi.o(.text) for __use_no_semihosting_swi
    uart.o(i.Usart1Init) refers to uart.o(i.NVIC_EncodePriority) for NVIC_EncodePriority
    uart.o(i.Usart1Init) refers to uart.o(i.NVIC_SetPriority) for NVIC_SetPriority
    uart.o(i.Usart1Init) refers to uart.o(i.NVIC_EnableIRQ) for NVIC_EnableIRQ
    uart.o(i.Usart2Init) refers (Special) to use_no_semi.o(.text) for __use_no_semihosting_swi
    uart.o(i.Usart2Init) refers to uart.o(i.NVIC_EncodePriority) for NVIC_EncodePriority
    uart.o(i.Usart2Init) refers to uart.o(i.NVIC_SetPriority) for NVIC_SetPriority
    uart.o(i.Usart2Init) refers to uart.o(i.NVIC_EnableIRQ) for NVIC_EnableIRQ
    uart.o(i._sys_exit) refers (Special) to use_no_semi.o(.text) for __use_no_semihosting_swi
    uart.o(i._ttywrch) refers (Special) to use_no_semi.o(.text) for __use_no_semihosting_swi
    uart.o(i.ferror) refers (Special) to use_no_semi.o(.text) for __use_no_semihosting_swi
    uart.o(i.fputc) refers (Special) to use_no_semi.o(.text) for __use_no_semihosting_swi
    uart.o(i.uart1_send_string) refers (Special) to use_no_semi.o(.text) for __use_no_semihosting_swi
[...]
    user\src\uart.c                          0x00000000   Number         0  uart.o ABSOLUTE
    RESET                                    0x08000000   Section      304  startup_stm32f10x_hd.o(RESET)
    !!!main                                  0x08000130   Section        8  __main.o(!!!main)
    !!!scatter                               0x08000138   Section       52  __scatter.o(!!!scatter)
    !!handler_copy                           0x0800016c   Section       26  __scatter_copy.o(!!handler_copy)
    !!handler_zi                             0x08000188   Section       28  __scatter_zi.o(!!handler_zi)
    .ARM.Collect$$_printf_percent$$00000000  0x080001a4   Section        0  _printf_percent.o(.ARM.Collect$$_printf_percent$$00000000)
    .ARM.Collect$$_printf_percent$$00000009  0x080001a4   Section        6  _printf_d.o(.ARM.Collect$$_printf_percent$$00000009)
    .ARM.Collect$$_printf_percent$$00000014  0x080001aa   Section        6  _printf_s.o(.ARM.Collect$$_printf_percent$$00000014)
    .ARM.Collect$$_printf_percent$$00000017  0x080001b0   Section        4  _printf_percent_end.o(.ARM.Collect$$_printf_percent$$00000017)
    .ARM.Collect$$libinit$$00000000          0x080001b4   Section        2  libinit.o(.ARM.Collect$$libinit$$00000000)
    .ARM.Collect$$libinit$$00000002          0x080001b6   Section        0  libinit2.o(.ARM.Collect$$libinit$$00000002)
    .ARM.Collect$$libinit$$00000004          0x080001b6   Section        0  libinit2.o(.ARM.Collect$$libinit$$00000004)
    .ARM.Collect$$libinit$$0000000A          0x080001b6   Section        0  libinit2.o(.ARM.Collect$$libinit$$0000000A)
    .ARM.Collect$$libinit$$0000000C          0x080001b6   Section        0  libinit2.o(.ARM.Collect$$libinit$$0000000C)
    .ARM.Collect$$libinit$$0000000E          0x080001b6   Section        0  libinit2.o(.ARM.Collect$$libinit$$0000000E)
    .ARM.Collect$$libinit$$00000011          0x080001b6   Section        0  libinit2.o(.ARM.Collect$$libinit$$00000011)
    .ARM.Collect$$libinit$$00000013          0x080001b6   Section        0  libinit2.o(.ARM.Collect$$libinit$$00000013)
    .ARM.Collect$$libinit$$00000015          0x080001b6   Section        0  libinit2.o(.ARM.Collect$$libinit$$00000015)
    .ARM.Collect$$libinit$$00000017          0x080001b6   Section        0  libinit2.o(.ARM.Collect$$libinit$$00000017)
    .ARM.Collect$$libinit$$00000019          0x080001b6   Section        0  libinit2.o(.ARM.Collect$$libinit$$00000019)
    .ARM.Collect$$libinit$$0000001B          0x080001b6   Section        0  libinit2.o(.ARM.Collect$$libinit$$0000001B)
    .ARM.Collect$$libinit$$0000001D          0x080001b6   Section        0  libinit2.o(.ARM.Collect$$libinit$$0000001D)
    .ARM.Collect$$libinit$$0000001F          0x080001b6   Section        0  libinit2.o(.ARM.Collect$$libinit$$0000001F)
    .ARM.Collect$$libinit$$00000021          0x080001b6   Section        0  libinit2.o(.ARM.Collect$$libinit$$00000021)
    .ARM.Collect$$libinit$$00000023          0x080001b6   Section        0  libinit2.o(.ARM.Collect$$libinit$$00000023)
    .ARM.Collect$$libinit$$00000025          0x080001b6   Section        0  libinit2.o(.ARM.Collect$$libinit$$00000025)
    .ARM.Collect$$libinit$$0000002C          0x080001b6   Section        0  libinit2.o(.ARM.Collect$$libinit$$0000002C)
    .ARM.Collect$$libinit$$0000002E          0x080001b6   Section        0  libinit2.o(.ARM.Collect$$libinit$$0000002E)
    .ARM.Collect$$libinit$$00000030          0x080001b6   Section        0  libinit2.o(.ARM.Collect$$libinit$$00000030)
    .ARM.Collect$$libinit$$00000032          0x080001b6   Section        0  libinit2.o(.ARM.Collect$$libinit$$00000032)
    .ARM.Collect$$libinit$$00000033          0x080001b6   Section        2  libinit2.o(.ARM.Collect$$libinit$$00000033)
    .ARM.Collect$$libshutdown$$00000000      0x080001b8   Section        2  libshutdown.o(.ARM.Collect$$libshutdown$$00000000)
    .ARM.Collect$$libshutdown$$00000002      0x080001ba   Section        0  libshutdown2.o(.ARM.Collect$$libshutdown$$00000002)
    .ARM.Collect$$libshutdown$$00000004      0x080001ba   Section        0  libshutdown2.o(.ARM.Collect$$libshutdown$$00000004)
    .ARM.Collect$$libshutdown$$00000007      0x080001ba   Section        0  libshutdown2.o(.ARM.Collect$$libshutdown$$00000007)
    .ARM.Collect$$libshutdown$$0000000A      0x080001ba   Section        0  libshutdown2.o(.ARM.Collect$$libshutdown$$0000000A)
    .ARM.Collect$$libshutdown$$0000000C      0x080001ba   Section        0  libshutdown2.o(.ARM.Collect$$libshutdown$$0000000C)
    .ARM.Collect$$libshutdown$$0000000F      0x080001ba   Section        0  libshutdown2.o(.ARM.Collect$$libshutdown$$0000000F)
    .ARM.Collect$$libshutdown$$00000010      0x080001ba   Section        2  libshutdown2.o(.ARM.Collect$$libshutdown$$00000010)
    .ARM.Collect$$rtentry$$00000000          0x080001bc   Section        0  __rtentry.o(.ARM.Collect$$rtentry$$00000000)
    .ARM.Collect$$rtentry$$00000002          0x080001bc   Section        0  __rtentry2.o(.ARM.Collect$$rtentry$$00000002)
    .ARM.Collect$$rtentry$$00000004          0x080001bc   Section        6  __rtentry4.o(.ARM.Collect$$rtentry$$00000004)
    .ARM.Collect$$rtentry$$00000009          0x080001c2   Section        0  __rtentry2.o(.ARM.Collect$$rtentry$$00000009)
    .ARM.Collect$$rtentry$$0000000A          0x080001c2   Section        4  __rtentry2.o(.ARM.Collect$$rtentry$$0000000A)
    .ARM.Collect$$rtentry$$0000000C          0x080001c6   Section        0  __rtentry2.o(.ARM.Collect$$rtentry$$0000000C)
    .ARM.Collect$$rtentry$$0000000D          0x080001c6   Section        8  __rtentry2.o(.ARM.Collect$$rtentry$$0000000D)
    .ARM.Collect$$rtexit$$00000000           0x080001ce   Section        2  rtexit.o(.ARM.Collect$$rtexit$$00000000)
    .ARM.Collect$$rtexit$$00000002           0x080001d0   Section        0  rtexit2.o(.ARM.Collect$$rtexit$$00000002)
    .ARM.Collect$$rtexit$$00000003           0x080001d0   Section        4  rtexit2.o(.ARM.Collect$$rtexit$$00000003)
    .ARM.Collect$$rtexit$$00000004           0x080001d4   Section        6  rtexit2.o(.ARM.Collect$$rtexit$$00000004)
    .text                                    0x080001dc   Section       64  startup_stm32f10x_hd.o(.text)
    .text                                    0x0800021c   Section      164  os_cpu_a.o(.text)
    .text                                    0x080002c0   Section        2  use_no_semi.o(.text)
    .text                                    0x080002c4   Section        0  noretval__2printf.o(.text)
    .text                                    0x080002dc   Section        0  __printf.o(.text)
    .text                                    0x08000344   Section        0  _printf_str.o(.text)
    .text                                    0x08000398   Section        0  _printf_dec.o(.text)
    .text                                    0x08000410   Section        0  strlen.o(.text)
    .text                                    0x0800044e   Section       68  rt_memclr.o(.text)
    .text                                    0x08000492   Section       78  rt_memclr_w.o(.text)
    .text                                    0x080004e0   Section      128  strcmpv7m.o(.text)
    .text                                    0x08000560   Section        0  heapauxi.o(.text)
    .text                                    0x08000566   Section        0  _printf_intcommon.o(.text)
    .text                                    0x08000618   Section        0  _printf_char.o(.text)
    .text                                    0x08000644   Section        0  _printf_char_file.o(.text)
    .text                                    0x08000668   Section        0  _printf_char_common.o(.text)
    _printf_input_char                       0x08000669   Thumb Code    10  _printf_char_common.o(.text)
    .text                                    0x08000698   Section       74  sys_stackheap_outer.o(.text)
    .text                                    0x080006e2   Section        0  exit.o(.text)
    .text                                    0x080006f4   Section        8  libspace.o(.text)
    i.At24c02PageWrite                       0x080006fc   Section        0  at24c02.o(i.At24c02PageWrite)
    i.At24c02ReadBytes                       0x08000770   Section        0  at24c02.o(i.At24c02ReadBytes)
    i.At24c02WriteBytes                      0x080007da   Section        0  at24c02.o(i.At24c02WriteBytes)
    i.CaptureAndExtract                      0x08000832   Section        0  mg200.o(i.CaptureAndExtract)
    i.CheckPwTask                            0x08000854   Section        0  checkpwtask.o(i.CheckPwTask)
    i.DelayInit                              0x08000a44   Section        0  delay.o(i.DelayInit)
    i.Delayms                                0x08000a84   Section        0  delay.o(i.Delayms)
    i.Delayus                                0x08000ad8   Section        0  delay.o(i.Delayus)
    i.Enroll                                 0x08000b2c   Section        0  mg200.o(i.Enroll)
    i.EraseAll                               0x08000d2c   Section        0  mg200.o(i.EraseAll)
    i.EraseOne                               0x08000de0   Section        0  mg200.o(i.EraseOne)
    i.GPIO_key_init                          0x08000e74   Section        0  funtion.o(i.GPIO_key_init)
    i.GPIO_voice_init                        0x08000eac   Section        0  funtion.o(i.GPIO_voice_init)
    i.GetMPR121                              0x08000eec   Section        0  mpr121.o(i.GetMPR121)
    i.GetPwTask                              0x08000f80   Section        0  getpwtask.o(i.GetPwTask)
    i.IICPinInit                             0x08001080   Section        0  iic.o(i.IICPinInit)
    i.IICReadAck                             0x080010f0   Section        0  iic.o(i.IICReadAck)
    i.IICReadByte                            0x08001130   Section        0  iic.o(i.IICReadByte)
    i.IICSendAck                             0x08001188   Section        0  iic.o(i.IICSendAck)
    i.IICSendByte                            0x080011bc   Section        0  iic.o(i.IICSendByte)
    i.IICStart                               0x0800120c   Section        0  iic.o(i.IICStart)
    i.IICStop                                0x08001240   Section        0  iic.o(i.IICStop)
    i.MG200Ack                               0x08001270   Section        0  mg200.o(i.MG200Ack)
    i.MG200Init                              0x080012f4   Section        0  mg200.o(i.MG200Init)
    i.MG200SendByte                          0x08001344   Section        0  mg200.o(i.MG200SendByte)
    i.MG200SendCommond                       0x08001360   Section        0  mg200.o(i.MG200SendCommond)
    i.MPR121Init                             0x0800139c   Section        0  mpr121.o(i.MPR121Init)
    i.MPR121ReadDate                         0x080014b0   Section        0  mpr121.o(i.MPR121ReadDate)
    i.MPR121WriteDate                        0x080014f4   Section        0  mpr121.o(i.MPR121WriteDate)
    i.Match1N                                0x08001578   Section        0  mg200.o(i.Match1N)
    i.NVIC_EnableIRQ                         0x08001674   Section        0  uart.o(i.NVIC_EnableIRQ)
    NVIC_EnableIRQ                           0x08001675   Thumb Code    22  uart.o(i.NVIC_EnableIRQ)
    i.NVIC_EncodePriority                    0x0800168a   Section        0  uart.o(i.NVIC_EncodePriority)
    NVIC_EncodePriority                      0x0800168b   Thumb Code    64  uart.o(i.NVIC_EncodePriority)
    i.NVIC_SetPriority                       0x080016cc   Section        0  uart.o(i.NVIC_SetPriority)
    NVIC_SetPriority                         0x080016cd   Thumb Code    32  uart.o(i.NVIC_SetPriority)
    i.OSFlagCreate                           0x080016f4   Section        0  os_flag.o(i.OSFlagCreate)
    i.OSFlagPend                             0x08001760   Section        0  os_flag.o(i.OSFlagPend)
    i.OSFlagPost                             0x080019c8   Section        0  os_flag.o(i.OSFlagPost)
    i.OSInit                                 0x08001b0e   Section        0  os_core.o(i.OSInit)
    i.OSInitHookBegin                        0x08001b3a   Section        0  os_cpu_c.o(i.OSInitHookBegin)
    i.OSInitHookEnd                          0x08001b3c   Section        0  os_cpu_c.o(i.OSInitHookEnd)
    i.OSIntEnter                             0x08001b40   Section        0  os_core.o(i.OSIntEnter)
    i.OSIntExit                              0x08001b64   Section        0  os_core.o(i.OSIntExit)
    i.OSQCreate                              0x08001bf4   Section        0  os_q.o(i.OSQCreate)
    i.OSStart                                0x08001c90   Section        0  os_core.o(i.OSStart)
    i.OSTCBInitHook                          0x08001cd8   Section        0  os_cpu_c.o(i.OSTCBInitHook)
    i.OSTaskCreate                           0x08001cdc   Section        0  os_task.o(i.OSTaskCreate)
    i.OSTaskCreateExt                        0x08001d88   Section        0  os_task.o(i.OSTaskCreateExt)
    i.OSTaskCreateHook                       0x08001e48   Section        0  os_cpu_c.o(i.OSTaskCreateHook)
    i.OSTaskIdleHook                         0x08001e4a   Section        0  os_cpu_c.o(i.OSTaskIdleHook)
    i.OSTaskNameSet                          0x08001e4c   Section        0  os_task.o(i.OSTaskNameSet)
    i.OSTaskStatHook                         0x08001ef8   Section        0  os_cpu_c.o(i.OSTaskStatHook)
    i.OSTaskStkChk                           0x08001efc   Section        0  os_task.o(i.OSTaskStkChk)
    i.OSTaskStkInit                          0x08001f9c   Section        0  os_cpu_c.o(i.OSTaskStkInit)
    i.OSTaskSuspend                          0x08002038   Section        0  os_task.o(i.OSTaskSuspend)
    i.OSTaskSwHook                           0x080020f4   Section        0  os_cpu_c.o(i.OSTaskSwHook)
    i.OSTimeDly                              0x080020f8   Section        0  os_time.o(i.OSTimeDly)
    i.OSTimeTick                             0x08002168   Section        0  os_core.o(i.OSTimeTick)
    i.OSTimeTickHook                         0x08002254   Section        0  os_cpu_c.o(i.OSTimeTickHook)
    i.OS_EventWaitListInit                   0x08002256   Section        0  os_core.o(i.OS_EventWaitListInit)
    i.OS_FlagBlock                           0x08002274   Section        0  os_flag.o(i.OS_FlagBlock)
    OS_FlagBlock                             0x08002275   Thumb Code   152  os_flag.o(i.OS_FlagBlock)
    i.OS_FlagInit                            0x08002318   Section        0  os_flag.o(i.OS_FlagInit)
    i.OS_FlagTaskRdy                         0x08002364   Section        0  os_flag.o(i.OS_FlagTaskRdy)
    OS_FlagTaskRdy                           0x08002365   Thumb Code    82  os_flag.o(i.OS_FlagTaskRdy)
    i.OS_FlagUnlink                          0x080023c0   Section        0  os_flag.o(i.OS_FlagUnlink)
    i.OS_InitEventList                       0x080023e4   Section        0  os_core.o(i.OS_InitEventList)
    OS_InitEventList                         0x080023e5   Thumb Code    52  os_core.o(i.OS_InitEventList)
    i.OS_InitMisc                            0x08002420   Section        0  os_core.o(i.OS_InitMisc)
    OS_InitMisc                              0x08002421   Thumb Code    44  os_core.o(i.OS_InitMisc)
    i.OS_InitRdyList                         0x08002474   Section        0  os_core.o(i.OS_InitRdyList)
    OS_InitRdyList                           0x08002475   Thumb Code    46  os_core.o(i.OS_InitRdyList)
    i.OS_InitTCBList                         0x080024bc   Section        0  os_core.o(i.OS_InitTCBList)
    OS_InitTCBList                           0x080024bd   Thumb Code    88  os_core.o(i.OS_InitTCBList)
    i.OS_InitTaskIdle                        0x08002524   Section        0  os_core.o(i.OS_InitTaskIdle)
    OS_InitTaskIdle                          0x08002525   Thumb Code    50  os_core.o(i.OS_InitTaskIdle)
    i.OS_InitTaskStat                        0x08002574   Section        0  os_core.o(i.OS_InitTaskStat)
    OS_InitTaskStat                          0x08002575   Thumb Code    50  os_core.o(i.OS_InitTaskStat)
    i.OS_MemClr                              0x080025c4   Section        0  os_core.o(i.OS_MemClr)
    i.OS_QInit                               0x080025d8   Section        0  os_q.o(i.OS_QInit)
    i.OS_Sched                               0x08002610   Section        0  os_core.o(i.OS_Sched)
    i.OS_SchedNew                            0x08002684   Section        0  os_core.o(i.OS_SchedNew)
    OS_SchedNew                              0x08002685   Thumb Code    26  os_core.o(i.OS_SchedNew)
    i.OS_StrCopy                             0x080026b0   Section        0  os_core.o(i.OS_StrCopy)
    i.OS_StrLen                              0x080026cc   Section        0  os_core.o(i.OS_StrLen)
    i.OS_TCBInit                             0x080026e0   Section        0  os_core.o(i.OS_TCBInit)
    i.OS_TaskIdle                            0x080027fc   Section        0  os_core.o(i.OS_TaskIdle)
    i.OS_TaskStat                            0x08002820   Section        0  os_core.o(i.OS_TaskStat)
    i.OS_TaskStatStkChk                      0x080028a8   Section        0  os_core.o(i.OS_TaskStatStkChk)
    i.OS_TaskStkClr                          0x080028e4   Section        0  os_task.o(i.OS_TaskStkClr)
    i.OpenFailTask                           0x08002900   Section        0  openfailtask.o(i.OpenFailTask)
    i.OpendoorTask                           0x08002980   Section        0  open_door.o(i.OpendoorTask)
    i.RootFutionTask                         0x08002a18   Section        0  rootfutiontask.o(i.RootFutionTask)
    i.SPIPinInit                             0x08002ea8   Section        0  spi.o(i.SPIPinInit)
    i.SetSysClock                            0x08002ee8   Section        0  system_stm32f10x.o(i.SetSysClock)
    SetSysClock                              0x08002ee9   Thumb Code     8  system_stm32f10x.o(i.SetSysClock)
    i.SetSysClockTo72                        0x08002ef0   Section        0  system_stm32f10x.o(i.SetSysClockTo72)
    SetSysClockTo72                          0x08002ef1   Thumb Code   214  system_stm32f10x.o(i.SetSysClockTo72)
    i.StartTask                              0x08002fd0   Section        0  start_task.o(i.StartTask)
    i.SysTick_Handler                        0x080030bc   Section        0  main.o(i.SysTick_Handler)
    i.SystemInit                             0x080030cc   Section        0  system_stm32f10x.o(i.SystemInit)
    i.Systick_Interrupt                      0x0800312c   Section        0  main.o(i.Systick_Interrupt)
    i.USART1_IRQHandler                      0x080031f4   Section        0  uart.o(i.USART1_IRQHandler)
    i.USART2_IRQHandler                      0x08003220   Section        0  uart.o(i.USART2_IRQHandler)
    i.Usart1Init                             0x08003274   Section        0  uart.o(i.Usart1Init)
    i.Usart2Init                             0x0800333c   Section        0  uart.o(i.Usart2Init)
    i._sys_exit                              0x0800340c   Section        0  uart.o(i._sys_exit)
    i.ferror                                 0x08003410   Section        0  uart.o(i.ferror)
    i.format                                 0x08003418   Section        0  funtion.o(i.format)
    i.fputc                                  0x08003424   Section        0  uart.o(i.fputc)
    i.get_key                                0x08003440   Section        0  funtion.o(i.get_key)
    i.get_key_buf                            0x080035c8   Section        0  funtion.o(i.get_key_buf)
    i.led_init                               0x08003660   Section        0  led.o(i.led_init)
    i.main                                   0x080036a8   Section        0  main.o(i.main)
    i.oled_delay_microsecond                 0x08003750   Section        0  monochome_oled.o(i.oled_delay_microsecond)
    i.oled_display_arbitrary_string          0x08003764   Section        0  monochome_oled.o(i.oled_display_arbitrary_string)
    i.oled_display_chinese_character         0x08003814   Section        0  monochome_oled.o(i.oled_display_chinese_character)
    i.oled_display_clear                     0x08003850   Section        0  monochome_oled.o(i.oled_display_clear)
    i.oled_display_english_character         0x0800387a   Section        0  monochome_oled.o(i.oled_display_english_character)
    i.oled_init                              0x080038b8   Section        0  monochome_oled.o(i.oled_init)
    i.oled_port_init                         0x0800399c   Section        0  monochome_oled.o(i.oled_port_init)
    i.oled_set_display_location              0x08003aac   Section        0  monochome_oled.o(i.oled_set_display_location)
    i.oled_spi_init                          0x08003ad0   Section        0  monochome_oled.o(i.oled_spi_init)
    i.oled_spi_read_write_byte               0x08003b5c   Section        0  monochome_oled.o(i.oled_spi_read_write_byte)
    i.oled_spi_write_command                 0x08003b90   Section        0  monochome_oled.o(i.oled_spi_write_command)
    i.oled_spi_write_data                    0x08003bc4   Section        0  monochome_oled.o(i.oled_spi_write_data)
    i.open_dor                               0x08003bf8   Section        0  funtion.o(i.open_dor)
    i.root_get_key                           0x08003c5c   Section        0  funtion.o(i.root_get_key)
    i.time_init                              0x08003c78   Section        0  time.o(i.time_init)
    i.voice_data                             0x08003d20   Section        0  funtion.o(i.voice_data)
    i.voice_high                             0x08003d58   Section        0  funtion.o(i.voice_high)
    i.voice_low                              0x08003d88   Section        0  funtion.o(i.voice_low)
    i.voice_synchronization                  0x08003db4   Section        0  funtion.o(i.voice_synchronization)
    .constdata                               0x08003de4   Section     7281  oled_memory.o(.constdata)
    .constdata                               0x08005a55   Section      256  os_core.o(.constdata)
    .data                                    0x20000000   Section        8  main.o(.data)
    .data                                    0x20000008   Section        4  uart.o(.data)
    .data                                    0x2000000c   Section        9  funtion.o(.data)
    .data                                    0x20000018   Section       72  os_core.o(.data)
    .data                                    0x20000060   Section       20  start_task.o(.data)
    .data                                    0x20000074   Section        4  open_door.o(.data)
    .data                                    0x20000078   Section        3  getpwtask.o(.data)
    .data                                    0x2000007b   Section       14  checkpwtask.o(.data)
    .data                                    0x2000008c   Section       36  rootfutiontask.o(.data)
    u                                        0x200000ac   Data           4  rootfutiontask.o(.data)
    .data                                    0x200000b0   Section        4  openfailtask.o(.data)
    .bss                                     0x200000b4   Section       12  mg200.o(.bss)
    .bss                                     0x200000c0   Section     2772  os_core.o(.bss)
    .bss                                     0x20000b94   Section     3584  start_task.o(.bss)
    .bss                                     0x20001994   Section        9  getpwtask.o(.bss)
    .bss                                     0x2000199d   Section       18  checkpwtask.o(.bss)
    .bss                                     0x200019af   Section       18  rootfutiontask.o(.bss)
    .bss                                     0x200019c4   Section       96  libspace.o(.bss)
    HEAP                                     0x20001a28   Section      512  startup_stm32f10x_hd.o(HEAP)
    Heap_Mem                                 0x20001a28   Data         512  startup_stm32f10x_hd.o(HEAP)
    STACK                                    0x20001c28   Section     1024  startup_stm32f10x_hd.o(STACK)
    Stack_Mem                                0x20001c28   Data        1024  startup_stm32f10x_hd.o(STACK)
    __initial_sp                             0x20002028   Data           0  startup_stm32f10x_hd.o(STACK)

    Global Symbols

    Symbol Name                              Value     Ov Type        Size  Object(Section)

    BuildAttributes$$THM_ISAv4$P$D$K$B$S$PE$A:L22UL41UL21$X:L11$S22US41US21$IEEE1$IW$USESV6$~STKCKD$USESV7$~SHL$OSPACE$ROPI$EBA8$UX$STANDARDLIB$REQ8$PRES8$EABIv2 0x00000000   Number         0  anon$$obj.o ABSOLUTE
    __ARM_use_no_argv                        0x00000000   Number         0  main.o ABSOLUTE
    __ARM_exceptions_init                     - Undefined Weak Reference
    __alloca_initialize                       - Undefined Weak Reference
    __arm_preinit_                            - Undefined Weak Reference
    __cpp_initialize__aeabi_                  - Undefined Weak Reference
    __cxa_finalize                            - Undefined Weak Reference
    __rt_locale                               - Undefined Weak Reference
    __sigvec_lookup                           - Undefined Weak Reference
    _atexit_init                              - Undefined Weak Reference
    _call_atexit_fns                          - Undefined Weak Reference
    _clock_init                               - Undefined Weak Reference
    _fp_trap_init                             - Undefined Weak Reference
    _fp_trap_shutdown                         - Undefined Weak Reference
    _get_lc_collate                           - Undefined Weak Reference
    _get_lc_ctype                             - Undefined Weak Reference
    _get_lc_monetary                          - Undefined Weak Reference
    _get_lc_numeric                           - Undefined Weak Reference
    _get_lc_time                              - Undefined Weak Reference
    _getenv_init                              - Undefined Weak Reference
    _handle_redirection                       - Undefined Weak Reference
    _init_alloc                               - Undefined Weak Reference
    _init_user_alloc                          - Undefined Weak Reference
    _initio                                   - Undefined Weak Reference
    _printf_mbtowc                            - Undefined Weak Reference
    _printf_post_padding                      - Undefined Weak Reference
    _printf_pre_padding                       - Undefined Weak Reference
    _printf_truncate_signed                   - Undefined Weak Reference
    _printf_truncate_unsigned                 - Undefined Weak Reference
    _rand_init                                - Undefined Weak Reference
    _signal_finish                            - Undefined Weak Reference
    _signal_init                              - Undefined Weak Reference
    _terminate_alloc                          - Undefined Weak Reference
    _terminate_user_alloc                     - Undefined Weak Reference
    _terminateio                              - Undefined Weak Reference
    __Vectors_Size                           0x00000130   Number         0  startup_stm32f10x_hd.o ABSOLUTE
    __Vectors                                0x08000000   Data           4  startup_stm32f10x_hd.o(RESET)
    __Vectors_End                            0x08000130   Data           0  startup_stm32f10x_hd.o(RESET)
    __main                                   0x08000131   Thumb Code     8  __main.o(!!!main)
    __scatterload                            0x08000139   Thumb Code     0  __scatter.o(!!!scatter)
    __scatterload_rt2                        0x08000139   Thumb Code    44  __scatter.o(!!!scatter)
    __scatterload_rt2_thumb_only             0x08000139   Thumb Code     0  __scatter.o(!!!scatter)
    __scatterload_null                       0x08000147   Thumb Code     0  __scatter.o(!!!scatter)
    __scatterload_copy                       0x0800016d   Thumb Code    26  __scatter_copy.o(!!handler_copy)
    __scatterload_zeroinit                   0x08000189   Thumb Code    28  __scatter_zi.o(!!handler_zi)
    _printf_d                                0x080001a5   Thumb Code     0  _printf_d.o(.ARM.Collect$$_printf_percent$$00000009)
    _printf_percent                          0x080001a5   Thumb Code     0  _printf_percent.o(.ARM.Collect$$_printf_percent$$00000000)
    _printf_s                                0x080001ab   Thumb Code     0  _printf_s.o(.ARM.Collect$$_printf_percent$$00000014)
    _printf_percent_end                      0x080001b1   Thumb Code     0  _printf_percent_end.o(.ARM.Collect$$_printf_percent$$00000017)
    __rt_lib_init                            0x080001b5   Thumb Code     0  libinit.o(.ARM.Collect$$libinit$$00000000)
    __rt_lib_init_alloca_1                   0x080001b7   Thumb Code     0  libinit2.o(.ARM.Collect$$libinit$$0000002E)
    __rt_lib_init_argv_1                     0x080001b7   Thumb Code     0  libinit2.o(.ARM.Collect$$libinit$$0000002C)
    __rt_lib_init_atexit_1                   0x080001b7   Thumb Code     0  libinit2.o(.ARM.Collect$$libinit$$0000001B)
    __rt_lib_init_clock_1                    0x080001b7   Thumb Code     0  libinit2.o(.ARM.Collect$$libinit$$00000021)
    __rt_lib_init_cpp_1                      0x080001b7   Thumb Code     0  libinit2.o(.ARM.Collect$$libinit$$00000032)
    __rt_lib_init_exceptions_1               0x080001b7   Thumb Code     0  libinit2.o(.ARM.Collect$$libinit$$00000030)
    __rt_lib_init_fp_1                       0x080001b7   Thumb Code     0  libinit2.o(.ARM.Collect$$libinit$$00000002)
    __rt_lib_init_fp_trap_1                  0x080001b7   Thumb Code     0  libinit2.o(.ARM.Collect$$libinit$$0000001F)
    __rt_lib_init_getenv_1                   0x080001b7   Thumb Code     0  libinit2.o(.ARM.Collect$$libinit$$00000023)
    __rt_lib_init_heap_1                     0x080001b7   Thumb Code     0  libinit2.o(.ARM.Collect$$libinit$$0000000A)
    __rt_lib_init_lc_collate_1               0x080001b7   Thumb Code     0  libinit2.o(.ARM.Collect$$libinit$$00000011)
    __rt_lib_init_lc_ctype_1                 0x080001b7   Thumb Code     0  libinit2.o(.ARM.Collect$$libinit$$00000013)
    __rt_lib_init_lc_monetary_1              0x080001b7   Thumb Code     0  libinit2.o(.ARM.Collect$$libinit$$00000015)
    __rt_lib_init_lc_numeric_1               0x080001b7   Thumb Code     0  libinit2.o(.ARM.Collect$$libinit$$00000017)
    __rt_lib_init_lc_time_1                  0x080001b7   Thumb Code     0  libinit2.o(.ARM.Collect$$libinit$$00000019)
    __rt_lib_init_preinit_1                  0x080001b7   Thumb Code     0  libinit2.o(.ARM.Collect$$libinit$$00000004)
    __rt_lib_init_rand_1                     0x080001b7   Thumb Code     0  libinit2.o(.ARM.Collect$$libinit$$0000000E)
    __rt_lib_init_return                     0x080001b7   Thumb Code     0  libinit2.o(.ARM.Collect$$libinit$$00000033)
    __rt_lib_init_signal_1                   0x080001b7   Thumb Code     0  libinit2.o(.ARM.Collect$$libinit$$0000001D)
    __rt_lib_init_stdio_1                    0x080001b7   Thumb Code     0  libinit2.o(.ARM.Collect$$libinit$$00000025)
    __rt_lib_init_user_alloc_1               0x080001b7   Thumb Code     0  libinit2.o(.ARM.Collect$$libinit$$0000000C)
    __rt_lib_shutdown                        0x080001b9   Thumb Code     0  libshutdown.o(.ARM.Collect$$libshutdown$$00000000)
    __rt_lib_shutdown_cpp_1                  0x080001bb   Thumb Code     0  libshutdown2.o(.ARM.Collect$$libshutdown$$00000002)
    __rt_lib_shutdown_fp_trap_1              0x080001bb   Thumb Code     0  libshutdown2.o(.ARM.Collect$$libshutdown$$00000007)
    __rt_lib_shutdown_heap_1                 0x080001bb   Thumb Code     0  libshutdown2.o(.ARM.Collect$$libshutdown$$0000000F)
    __rt_lib_shutdown_return                 0x080001bb   Thumb Code     0  libshutdown2.o(.ARM.Collect$$libshutdown$$00000010)
    __rt_lib_shutdown_signal_1               0x080001bb   Thumb Code     0  libshutdown2.o(.ARM.Collect$$libshutdown$$0000000A)
    __rt_lib_shutdown_stdio_1                0x080001bb   Thumb Code     0  libshutdown2.o(.ARM.Collect$$libshutdown$$00000004)
    __rt_lib_shutdown_user_alloc_1           0x080001bb   Thumb Code     0  libshutdown2.o(.ARM.Collect$$libshutdown$$0000000C)
    __rt_entry                               0x080001bd   Thumb Code     0  __rtentry.o(.ARM.Collect$$rtentry$$00000000)
    __rt_entry_presh_1                       0x080001bd   Thumb Code     0  __rtentry2.o(.ARM.Collect$$rtentry$$00000002)
    __rt_entry_sh                            0x080001bd   Thumb Code     0  __rtentry4.o(.ARM.Collect$$rtentry$$00000004)
    __rt_entry_li                            0x080001c3   Thumb Code     0  __rtentry2.o(.ARM.Collect$$rtentry$$0000000A)
    __rt_entry_postsh_1                      0x080001c3   Thumb Code     0  __rtentry2.o(.ARM.Collect$$rtentry$$00000009)
    __rt_entry_main                          0x080001c7   Thumb Code     0  __rtentry2.o(.ARM.Collect$$rtentry$$0000000D)
    __rt_entry_postli_1                      0x080001c7   Thumb Code     0  __rtentry2.o(.ARM.Collect$$rtentry$$0000000C)
    __rt_exit                                0x080001cf   Thumb Code     0  rtexit.o(.ARM.Collect$$rtexit$$00000000)
    __rt_exit_ls                             0x080001d1   Thumb Code     0  rtexit2.o(.ARM.Collect$$rtexit$$00000003)
    __rt_exit_prels_1                        0x080001d1   Thumb Code     0  rtexit2.o(.ARM.Collect$$rtexit$$00000002)
    __rt_exit_exit                           0x080001d5   Thumb Code     0  rtexit2.o(.ARM.Collect$$rtexit$$00000004)
    Reset_Handler                            0x080001dd   Thumb Code     8  startup_stm32f10x_hd.o(.text)
    NMI_Handler                              0x080001e5   Thumb Code     2  startup_stm32f10x_hd.o(.text)
    HardFault_Handler                        0x080001e7   Thumb Code     2  startup_stm32f10x_hd.o(.text)
    MemManage_Handler                        0x080001e9   Thumb Code     2  startup_stm32f10x_hd.o(.text)
    BusFault_Handler                         0x080001eb   Thumb Code     2  startup_stm32f10x_hd.o(.text)
    UsageFault_Handler                       0x080001ed   Thumb Code     2  startup_stm32f10x_hd.o(.text)
    SVC_Handler                              0x080001ef   Thumb Code     2  startup_stm32f10x_hd.o(.text)
    DebugMon_Handler                         0x080001f1   Thumb Code     2  startup_stm32f10x_hd.o(.text)
    ADC1_2_IRQHandler                        0x080001f7   Thumb Code     0  startup_stm32f10x_hd.o(.text)
    ADC3_IRQHandler                          0x080001f7   Thumb Code     0  startup_stm32f10x_hd.o(.text)
    CAN1_RX1_IRQHandler                      0x080001f7   Thumb Code     0  startup_stm32f10x_hd.o(.text)
    CAN1_SCE_IRQHandler                      0x080001f7   Thumb Code     0  startup_stm32f10x_hd.o(.text)
    DMA1_Channel1_IRQHandler                 0x080001f7   Thumb Code     0  startup_stm32f10x_hd.o(.text)
    DMA1_Channel2_IRQHandler                 0x080001f7   Thumb Code     0  startup_stm32f10x_hd.o(.text)
    DMA1_Channel3_IRQHandler                 0x080001f7   Thumb Code     0  startup_stm32f10x_hd.o(.text)
    DMA1_Channel4_IRQHandler                 0x080001f7   Thumb Code     0  startup_stm32f10x_hd.o(.text)
    DMA1_Channel5_IRQHandler                 0x080001f7   Thumb Code     0  startup_stm32f10x_hd.o(.text)
    DMA1_Channel6_IRQHandler                 0x080001f7   Thumb Code     0  startup_stm32f10x_hd.o(.text)
    DMA1_Channel7_IRQHandler                 0x080001f7   Thumb Code     0  startup_stm32f10x_hd.o(.text)
    DMA2_Channel1_IRQHandler                 0x080001f7   Thumb Code     0  startup_stm32f10x_hd.o(.text)
    DMA2_Channel2_IRQHandler                 0x080001f7   Thumb Code     0  startup_stm32f10x_hd.o(.text)
    DMA2_Channel3_IRQHandler                 0x080001f7   Thumb Code     0  startup_stm32f10x_hd.o(.text)
    DMA2_Channel4_5_IRQHandler               0x080001f7   Thumb Code     0  startup_stm32f10x_hd.o(.text)
    EXTI0_IRQHandler                         0x080001f7   Thumb Code     0  startup_stm32f10x_hd.o(.text)
    EXTI15_10_IRQHandler                     0x080001f7   Thumb Code     0  startup_stm32f10x_hd.o(.text)
    EXTI1_IRQHandler                         0x080001f7   Thumb Code     0  startup_stm32f10x_hd.o(.text)
    EXTI2_IRQHandler                         0x080001f7   Thumb Code     0  startup_stm32f10x_hd.o(.text)
    EXTI3_IRQHandler                         0x080001f7   Thumb Code     0  startup_stm32f10x_hd.o(.text)
    EXTI4_IRQHandler                         0x080001f7   Thumb Code     0  startup_stm32f10x_hd.o(.text)
    EXTI9_5_IRQHandler                       0x080001f7   Thumb Code     0  startup_stm32f10x_hd.o(.text)
    FLASH_IRQHandler                         0x080001f7   Thumb Code     0  startup_stm32f10x_hd.o(.text)
    FSMC_IRQHandler                          0x080001f7   Thumb Code     0  startup_stm32f10x_hd.o(.text)
    I2C1_ER_IRQHandler                       0x080001f7   Thumb Code     0  startup_stm32f10x_hd.o(.text)
    I2C1_EV_IRQHandler                       0x080001f7   Thumb Code     0  startup_stm32f10x_hd.o(.text)
    I2C2_ER_IRQHandler                       0x080001f7   Thumb Code     0  startup_stm32f10x_hd.o(.text)
    I2C2_EV_IRQHandler                       0x080001f7   Thumb Code     0  startup_stm32f10x_hd.o(.text)
    PVD_IRQHandler                           0x080001f7   Thumb Code     0  startup_stm32f10x_hd.o(.text)
    RCC_IRQHandler                           0x080001f7   Thumb Code     0  startup_stm32f10x_hd.o(.text)
    RTCAlarm_IRQHandler                      0x080001f7   Thumb Code     0  startup_stm32f10x_hd.o(.text)
    RTC_IRQHandler                           0x080001f7   Thumb Code     0  startup_stm32f10x_hd.o(.text)
    SDIO_IRQHandler                          0x080001f7   Thumb Code     0  startup_stm32f10x_hd.o(.text)
    SPI1_IRQHandler                          0x080001f7   Thumb Code     0  startup_stm32f10x_hd.o(.text)
    SPI2_IRQHandler                          0x080001f7   Thumb Code     0  startup_stm32f10x_hd.o(.text)
    SPI3_IRQHandler                          0x080001f7   Thumb Code     0  startup_stm32f10x_hd.o(.text)
    TAMPER_IRQHandler                        0x080001f7   Thumb Code     0  startup_stm32f10x_hd.o(.text)
    TIM1_BRK_IRQHandler                      0x080001f7   Thumb Code     0  startup_stm32f10x_hd.o(.text)
    TIM1_CC_IRQHandler                       0x080001f7   Thumb Code     0  startup_stm32f10x_hd.o(.text)
    TIM1_TRG_COM_IRQHandler                  0x080001f7   Thumb Code     0  startup_stm32f10x_hd.o(.text)
    TIM1_UP_IRQHandler                       0x080001f7   Thumb Code     0  startup_stm32f10x_hd.o(.text)
    TIM2_IRQHandler                          0x080001f7   Thumb Code     0  startup_stm32f10x_hd.o(.text)
    TIM3_IRQHandler                          0x080001f7   Thumb Code     0  startup_stm32f10x_hd.o(.text)
    TIM4_IRQHandler                          0x080001f7   Thumb Code     0  startup_stm32f10x_hd.o(.text)
    TIM5_IRQHandler                          0x080001f7   Thumb Code     0  startup_stm32f10x_hd.o(.text)
    TIM6_IRQHandler                          0x080001f7   Thumb Code     0  startup_stm32f10x_hd.o(.text)
    TIM7_IRQHandler                          0x080001f7   Thumb Code     0  startup_stm32f10x_hd.o(.text)
    TIM8_BRK_IRQHandler                      0x080001f7   Thumb Code     0  startup_stm32f10x_hd.o(.text)
    TIM8_CC_IRQHandler                       0x080001f7   Thumb Code     0  startup_stm32f10x_hd.o(.text)
    TIM8_TRG_COM_IRQHandler                  0x080001f7   Thumb Code     0  startup_stm32f10x_hd.o(.text)
    TIM8_UP_IRQHandler                       0x080001f7   Thumb Code     0  startup_stm32f10x_hd.o(.text)
    UART4_IRQHandler                         0x080001f7   Thumb Code     0  startup_stm32f10x_hd.o(.text)
    UART5_IRQHandler                         0x080001f7   Thumb Code     0  startup_stm32f10x_hd.o(.text)
    USART3_IRQHandler                        0x080001f7   Thumb Code     0  startup_stm32f10x_hd.o(.text)
    USBWakeUp_IRQHandler                     0x080001f7   Thumb Code     0  startup_stm32f10x_hd.o(.text)
    USB_HP_CAN1_TX_IRQHandler                0x080001f7   Thumb Code     0  startup_stm32f10x_hd.o(.text)
    USB_LP_CAN1_RX0_IRQHandler               0x080001f7   Thumb Code     0  startup_stm32f10x_hd.o(.text)
    WWDG_IRQHandler                          0x080001f7   Thumb Code     0  startup_stm32f10x_hd.o(.text)
    __user_initial_stackheap                 0x080001f9   Thumb Code     0  startup_stm32f10x_hd.o(.text)
    OS_CPU_SR_Save                           0x0800021d   Thumb Code     0  os_cpu_a.o(.text)
    OS_CPU_SR_Restore                        0x08000225   Thumb Code     0  os_cpu_a.o(.text)
    OSStartHighRdy                           0x0800022b   Thumb Code     0  os_cpu_a.o(.text)
    OSCtxSw                                  0x0800024b   Thumb Code     0  os_cpu_a.o(.text)
    OSIntCtxSw                               0x08000255   Thumb Code     0  os_cpu_a.o(.text)
    PendSV_Handler                           0x0800025f   Thumb Code     0  os_cpu_a.o(.text)
    __I$use$semihosting                      0x080002c1   Thumb Code     0  use_no_semi.o(.text)
    __use_no_semihosting_swi                 0x080002c1   Thumb Code     2  use_no_semi.o(.text)
    __2printf                                0x080002c5   Thumb Code    20  noretval__2printf.o(.text)
    __printf                                 0x080002dd   Thumb Code   104  __printf.o(.text)
    _printf_str                              0x08000345   Thumb Code    82  _printf_str.o(.text)
    _printf_int_dec                          0x08000399   Thumb Code   104  _printf_dec.o(.text)
    strlen                                   0x08000411   Thumb Code    62  strlen.o(.text)
    __aeabi_memclr                           0x0800044f   Thumb Code     0  rt_memclr.o(.text)
    __rt_memclr                              0x0800044f   Thumb Code    68  rt_memclr.o(.text)
    _memset                                  0x08000453   Thumb Code     0  rt_memclr.o(.text)
    __aeabi_memclr4                          0x08000493   Thumb Code     0  rt_memclr_w.o(.text)
    __aeabi_memclr8                          0x08000493   Thumb Code     0  rt_memclr_w.o(.text)
    __rt_memclr_w                            0x08000493   Thumb Code    78  rt_memclr_w.o(.text)
    _memset_w                                0x08000497   Thumb Code     0  rt_memclr_w.o(.text)
    strcmp                                   0x080004e1   Thumb Code   128  strcmpv7m.o(.text)
    __use_two_region_memory                  0x08000561   Thumb Code     2  heapauxi.o(.text)
    __rt_heap_escrow$2region                 0x08000563   Thumb Code     2  heapauxi.o(.text)
    __rt_heap_expand$2region                 0x08000565   Thumb Code     2  heapauxi.o(.text)
    _printf_int_common                       0x08000567   Thumb Code   178  _printf_intcommon.o(.text)
    _printf_cs_common                        0x08000619   Thumb Code    20  _printf_char.o(.text)
    _printf_char                             0x0800062d   Thumb Code    16  _printf_char.o(.text)
    _printf_string                           0x0800063d   Thumb Code     8  _printf_char.o(.text)
    _printf_char_file                        0x08000645   Thumb Code    32  _printf_char_file.o(.text)
    _printf_char_common                      0x08000673   Thumb Code    32  _printf_char_common.o(.text)
    __user_setup_stackheap                   0x08000699   Thumb Code    74  sys_stackheap_outer.o(.text)
    exit                                     0x080006e3   Thumb Code    18  exit.o(.text)
    __user_libspace                          0x080006f5   Thumb Code     8  libspace.o(.text)
    __user_perproc_libspace                  0x080006f5   Thumb Code     0  libspace.o(.text)
    __user_perthread_libspace                0x080006f5   Thumb Code     0  libspace.o(.text)
    At24c02PageWrite                         0x080006fd   Thumb Code   116  at24c02.o(i.At24c02PageWrite)
    At24c02ReadBytes                         0x08000771   Thumb Code   106  at24c02.o(i.At24c02ReadBytes)
    At24c02WriteBytes                        0x080007db   Thumb Code    88  at24c02.o(i.At24c02WriteBytes)
    CaptureAndExtract                        0x08000833   Thumb Code    34  mg200.o(i.CaptureAndExtract)
    CheckPwTask                              0x08000855   Thumb Code   372  checkpwtask.o(i.CheckPwTask)
    DelayInit                                0x08000a45   Thumb Code    56  delay.o(i.DelayInit)
    Delayms                                  0x08000a85   Thumb Code    80  delay.o(i.Delayms)
    Delayus                                  0x08000ad9   Thumb Code    78  delay.o(i.Delayus)
    Enroll                                   0x08000b2d   Thumb Code   314  mg200.o(i.Enroll)
    EraseAll                                 0x08000d2d   Thumb Code   102  mg200.o(i.EraseAll)
    EraseOne                                 0x08000de1   Thumb Code   108  mg200.o(i.EraseOne)
    GPIO_key_init                            0x08000e75   Thumb Code    46  funtion.o(i.GPIO_key_init)
    GPIO_voice_init                          0x08000ead   Thumb Code    56  funtion.o(i.GPIO_voice_init)
    GetMPR121                                0x08000eed   Thumb Code   148  mpr121.o(i.GetMPR121)
    GetPwTask                                0x08000f81   Thumb Code   176  getpwtask.o(i.GetPwTask)
    IICPinInit                               0x08001081   Thumb Code    92  iic.o(i.IICPinInit)
    IICReadAck                               0x080010f1   Thumb Code    54  iic.o(i.IICReadAck)
    IICReadByte                              0x08001131   Thumb Code    80  iic.o(i.IICReadByte)
    IICSendAck                               0x08001189   Thumb Code    46  iic.o(i.IICSendAck)
    IICSendByte                              0x080011bd   Thumb Code    76  iic.o(i.IICSendByte)
    IICStart                                 0x0800120d   Thumb Code    44  iic.o(i.IICStart)
    IICStop                                  0x08001241   Thumb Code    40  iic.o(i.IICStop)
    MG200Ack                                 0x08001271   Thumb Code   126  mg200.o(i.MG200Ack)
    MG200Init                                0x080012f5   Thumb Code    64  mg200.o(i.MG200Init)
    MG200SendByte                            0x08001345   Thumb Code    22  mg200.o(i.MG200SendByte)
    MG200SendCommond                         0x08001361   Thumb Code    60  mg200.o(i.MG200SendCommond)
    MPR121Init                               0x0800139d   Thumb Code   276  mpr121.o(i.MPR121Init)
    MPR121ReadDate                           0x080014b1   Thumb Code    68  mpr121.o(i.MPR121ReadDate)
    MPR121WriteDate                          0x080014f5   Thumb Code    84  mpr121.o(i.MPR121WriteDate)
    Match1N                                  0x08001579   Thumb Code   180  mg200.o(i.Match1N)
    OSFlagCreate                             0x080016f5   Thumb Code    98  os_flag.o(i.OSFlagCreate)
    OSFlagPend                               0x08001761   Thumb Code   602  os_flag.o(i.OSFlagPend)
    OSFlagPost                               0x080019c9   Thumb Code   326  os_flag.o(i.OSFlagPost)
    OSInit                                   0x08001b0f   Thumb Code    44  os_core.o(i.OSInit)
    OSInitHookBegin                          0x08001b3b   Thumb Code     2  os_cpu_c.o(i.OSInitHookBegin)
    OSInitHookEnd                            0x08001b3d   Thumb Code     2  os_cpu_c.o(i.OSInitHookEnd)
    OSIntEnter                               0x08001b41   Thumb Code    28  os_core.o(i.OSIntEnter)
    OSIntExit                                0x08001b65   Thumb Code   112  os_core.o(i.OSIntExit)
    OSQCreate                                0x08001bf5   Thumb Code   142  os_q.o(i.OSQCreate)
    OSStart                                  0x08001c91   Thumb Code    48  os_core.o(i.OSStart)
    OSTCBInitHook                            0x08001cd9   Thumb Code     2  os_cpu_c.o(i.OSTCBInitHook)
    OSTaskCreate                             0x08001cdd   Thumb Code   158  os_task.o(i.OSTaskCreate)
    OSTaskCreateExt                          0x08001d89   Thumb Code   180  os_task.o(i.OSTaskCreateExt)
    OSTaskCreateHook                         0x08001e49   Thumb Code     2  os_cpu_c.o(i.OSTaskCreateHook)
    OSTaskIdleHook                           0x08001e4b   Thumb Code     2  os_cpu_c.o(i.OSTaskIdleHook)
    OSTaskNameSet                            0x08001e4d   Thumb Code   160  os_task.o(i.OSTaskNameSet)
    OSTaskStatHook                           0x08001ef9   Thumb Code     2  os_cpu_c.o(i.OSTaskStatHook)
    OSTaskStkChk                             0x08001efd   Thumb Code   150  os_task.o(i.OSTaskStkChk)
    OSTaskStkInit                            0x08001f9d   Thumb Code   154  os_cpu_c.o(i.OSTaskStkInit)
    OSTaskSuspend                            0x08002039   Thumb Code   172  os_task.o(i.OSTaskSuspend)
    OSTaskSwHook                             0x080020f5   Thumb Code     2  os_cpu_c.o(i.OSTaskSwHook)
    OSTimeDly                                0x080020f9   Thumb Code    96  os_time.o(i.OSTimeDly)
    OSTimeTick                               0x08002169   Thumb Code   210  os_core.o(i.OSTimeTick)
    OSTimeTickHook                           0x08002255   Thumb Code     2  os_cpu_c.o(i.OSTimeTickHook)
    OS_EventWaitListInit                     0x08002257   Thumb Code    28  os_core.o(i.OS_EventWaitListInit)
    OS_FlagInit                              0x08002319   Thumb Code    68  os_flag.o(i.OS_FlagInit)
    OS_FlagUnlink                            0x080023c1   Thumb Code    36  os_flag.o(i.OS_FlagUnlink)
    OS_MemClr                                0x080025c5   Thumb Code    18  os_core.o(i.OS_MemClr)
    OS_QInit                                 0x080025d9   Thumb Code    46  os_q.o(i.OS_QInit)
    OS_Sched                                 0x08002611   Thumb Code    86  os_core.o(i.OS_Sched)
    OS_StrCopy                               0x080026b1   Thumb Code    28  os_core.o(i.OS_StrCopy)
    OS_StrLen                                0x080026cd   Thumb Code    20  os_core.o(i.OS_StrLen)
    OS_TCBInit                               0x080026e1   Thumb Code   260  os_core.o(i.OS_TCBInit)
    OS_TaskIdle                              0x080027fd   Thumb Code    32  os_core.o(i.OS_TaskIdle)
    OS_TaskStat                              0x08002821   Thumb Code   114  os_core.o(i.OS_TaskStat)
    OS_TaskStatStkChk                        0x080028a9   Thumb Code    54  os_core.o(i.OS_TaskStatStkChk)
    OS_TaskStkClr                            0x080028e5   Thumb Code    26  os_task.o(i.OS_TaskStkClr)
    OpenFailTask                             0x08002901   Thumb Code    80  openfailtask.o(i.OpenFailTask)
    OpendoorTask                             0x08002981   Thumb Code   104  open_door.o(i.OpendoorTask)
    RootFutionTask                           0x08002a19   Thumb Code   792  rootfutiontask.o(i.RootFutionTask)
    SPIPinInit                               0x08002ea9   Thumb Code    44  spi.o(i.SPIPinInit)
    StartTask                                0x08002fd1   Thumb Code   152  start_task.o(i.StartTask)
    SysTick_Handler                          0x080030bd   Thumb Code    16  main.o(i.SysTick_Handler)
    SystemInit                               0x080030cd   Thumb Code    78  system_stm32f10x.o(i.SystemInit)
    Systick_Interrupt                        0x0800312d   Thumb Code   190  main.o(i.Systick_Interrupt)
    USART1_IRQHandler                        0x080031f5   Thumb Code    40  uart.o(i.USART1_IRQHandler)
    USART2_IRQHandler                        0x08003221   Thumb Code    74  uart.o(i.USART2_IRQHandler)
    Usart1Init                               0x08003275   Thumb Code   182  uart.o(i.Usart1Init)
    Usart2Init                               0x0800333d   Thumb Code   192  uart.o(i.Usart2Init)
    _sys_exit                                0x0800340d   Thumb Code     4  uart.o(i._sys_exit)
    ferror                                   0x08003411   Thumb Code     8  uart.o(i.ferror)
    format                                   0x08003419   Thumb Code     8  funtion.o(i.format)
    fputc                                    0x08003425   Thumb Code    22  uart.o(i.fputc)
    get_key                                  0x08003441   Thumb Code   336  funtion.o(i.get_key)
    get_key_buf                              0x080035c9   Thumb Code   116  funtion.o(i.get_key_buf)
    led_init                                 0x08003661   Thumb Code    62  led.o(i.led_init)
    main                                     0x080036a9   Thumb Code   120  main.o(i.main)
    oled_delay_microsecond                   0x08003751   Thumb Code    18  monochome_oled.o(i.oled_delay_microsecond)
    oled_display_arbitrary_string            0x08003765   Thumb Code   162  monochome_oled.o(i.oled_display_arbitrary_string)
    oled_display_chinese_character           0x08003815   Thumb Code    60  monochome_oled.o(i.oled_display_chinese_character)
    oled_display_clear                       0x08003851   Thumb Code    42  monochome_oled.o(i.oled_display_clear)
    oled_display_english_character           0x0800387b   Thumb Code    60  monochome_oled.o(i.oled_display_english_character)
    oled_init                                0x080038b9   Thumb Code   220  monochome_oled.o(i.oled_init)
    oled_port_init                           0x0800399d   Thumb Code   254  monochome_oled.o(i.oled_port_init)
    oled_set_display_location                0x08003aad   Thumb Code    36  monochome_oled.o(i.oled_set_display_location)
    oled_spi_init                            0x08003ad1   Thumb Code   132  monochome_oled.o(i.oled_spi_init)
    oled_spi_read_write_byte                 0x08003b5d   Thumb Code    46  monochome_oled.o(i.oled_spi_read_write_byte)
    oled_spi_write_command                   0x08003b91   Thumb Code    46  monochome_oled.o(i.oled_spi_write_command)
    oled_spi_write_data                      0x08003bc5   Thumb Code    46  monochome_oled.o(i.oled_spi_write_data)
    open_dor                                 0x08003bf9   Thumb Code    94  funtion.o(i.open_dor)
    root_get_key                             0x08003c5d   Thumb Code    24  funtion.o(i.root_get_key)
    time_init                                0x08003c79   Thumb Code   158  time.o(i.time_init)
    voice_data                               0x08003d21   Thumb Code    52  funtion.o(i.voice_data)
    voice_high                               0x08003d59   Thumb Code    44  funtion.o(i.voice_high)
    voice_low                                0x08003d89   Thumb Code    40  funtion.o(i.voice_low)
    voice_synchronization                    0x08003db5   Thumb Code    44  funtion.o(i.voice_synchronization)
    chinese_character_buff                   0x08003de4   Data        3424  oled_memory.o(.constdata)
    chinese_character_code_list              0x08004b44   Data         207  oled_memory.o(.constdata)
    english_character_buff                   0x08004c13   Data        1520  oled_memory.o(.constdata)
    boot_animation                           0x08005203   Data        2130  oled_memory.o(.constdata)
    OSUnMapTbl                               0x08005a55   Data         256  os_core.o(.constdata)
    Region$$Table$$Base                      0x08005b58   Number         0  anon$$obj.o(Region$$Table)
    Region$$Table$$Limit                     0x08005b78   Number         0  anon$$obj.o(Region$$Table)
    OS_MBOX                                  0x20000000   Data           4  main.o(.data)
    OSQ                                      0x20000004   Data           4  main.o(.data)
    __stdout                                 0x20000008   Data           4  uart.o(.data)
    i                                        0x2000000c   Data           4  funtion.o(.data)
    at                                       0x20000010   Data           4  funtion.o(.data)
    voice_flag                               0x20000014   Data           1  funtion.o(.data)
    OSCtxSwCtr                               0x20000018   Data           4  os_core.o(.data)
    OSEventFreeList                          0x2000001c   Data           4  os_core.o(.data)
    OSFlagFreeList                           0x20000020   Data           4  os_core.o(.data)
    OSCPUUsage                               0x20000024   Data           1  os_core.o(.data)
    OSIdleCtrMax                             0x20000028   Data           4  os_core.o(.data)
    OSIdleCtrRun                             0x2000002c   Data           4  os_core.o(.data)
    OSStatRdy                                0x20000030   Data           1  os_core.o(.data)
    OSIntNesting                             0x20000031   Data           1  os_core.o(.data)
    OSLockNesting                            0x20000032   Data           1  os_core.o(.data)
    OSPrioCur                                0x20000033   Data           1  os_core.o(.data)
    OSPrioHighRdy                            0x20000034   Data           1  os_core.o(.data)
    OSRdyGrp                                 0x20000035   Data           1  os_core.o(.data)
    OSRdyTbl                                 0x20000036   Data           8  os_core.o(.data)
    OSRunning                                0x2000003e   Data           1  os_core.o(.data)
    OSTaskCtr                                0x2000003f   Data           1  os_core.o(.data)
    OSIdleCtr                                0x20000040   Data           4  os_core.o(.data)
    OSTCBCur                                 0x20000044   Data           4  os_core.o(.data)
    OSTCBFreeList                            0x20000048   Data           4  os_core.o(.data)
    OSTCBHighRdy                             0x2000004c   Data           4  os_core.o(.data)
    OSTCBList                                0x20000050   Data           4  os_core.o(.data)
    OSTickStepState                          0x20000054   Data           1  os_core.o(.data)
    OSQFreeList                              0x20000058   Data           4  os_core.o(.data)
    OSTime                                   0x2000005c   Data           4  os_core.o(.data)
    perr                                     0x20000060   Data           1  start_task.o(.data)
    OSFLAGCHEK                               0x20000064   Data           4  start_task.o(.data)
    OSFLAGGET                                0x20000068   Data           4  start_task.o(.data)
    OSFLAGFAIL                               0x2000006c   Data           4  start_task.o(.data)
    OSFLAGRootFution                         0x20000070   Data           4  start_task.o(.data)
    error8                                   0x20000074   Data           1  open_door.o(.data)
    error9                                   0x20000075   Data           1  open_door.o(.data)
    error10                                  0x20000076   Data           1  open_door.o(.data)
    open_flag                                0x20000077   Data           1  open_door.o(.data)
    error1                                   0x20000078   Data           1  getpwtask.o(.data)
    error2                                   0x20000079   Data           1  getpwtask.o(.data)
    error3                                   0x2000007a   Data           1  getpwtask.o(.data)
    error4                                   0x2000007b   Data           1  checkpwtask.o(.data)
    error5                                   0x2000007c   Data           1  checkpwtask.o(.data)
    error6                                   0x2000007d   Data           1  checkpwtask.o(.data)
    error7                                   0x2000007e   Data           1  checkpwtask.o(.data)
    check_flag                               0x2000007f   Data           1  checkpwtask.o(.data)
    finger_mesg                              0x20000080   Data           1  checkpwtask.o(.data)
    check_buf                                0x20000081   Data           8  checkpwtask.o(.data)
    funtion_error                            0x2000008c   Data           1  rootfutiontask.o(.data)
    funtion_flag                             0x2000008e   Data           2  rootfutiontask.o(.data)
    finger                                   0x20000090   Data           1  rootfutiontask.o(.data)
    finger_del                               0x20000091   Data           1  rootfutiontask.o(.data)
    finger_delall                            0x20000092   Data           1  rootfutiontask.o(.data)
    i1                                       0x20000094   Data           4  rootfutiontask.o(.data)
    i2                                       0x20000098   Data           8  rootfutiontask.o(.data)
    i3                                       0x200000a0   Data           4  rootfutiontask.o(.data)
    flagi2                                   0x200000a4   Data           2  rootfutiontask.o(.data)
    flagat                                   0x200000a6   Data           2  rootfutiontask.o(.data)
    flagat1                                  0x200000a8   Data           2  rootfutiontask.o(.data)
    fail_flag                                0x200000b0   Data           1  openfailtask.o(.data)
    error11                                  0x200000b1   Data           1  openfailtask.o(.data)
    error12                                  0x200000b2   Data           1  openfailtask.o(.data)
    error13                                  0x200000b3   Data           1  openfailtask.o(.data)
    MG200rev                                 0x200000b4   Data          12  mg200.o(.bss)
    OSEventTbl                               0x200000c0   Data         200  os_core.o(.bss)
    OSFlagTbl                                0x20000188   Data         140  os_core.o(.bss)
    OSTaskStatStk                            0x20000214   Data         512  os_core.o(.bss)
    OSTaskIdleStk                            0x20000414   Data         512  os_core.o(.bss)
    OSTCBPrioTbl                             0x20000614   Data         256  os_core.o(.bss)
    OSTCBTbl                                 0x20000714   Data        1056  os_core.o(.bss)
    OSQTbl                                   0x20000b34   Data          96  os_core.o(.bss)
    StratStack                               0x20000b94   Data         512  start_task.o(.bss)
    PassWordStack                            0x20000d94   Data         512  start_task.o(.bss)
    GetPwStack                               0x20000f94   Data         512  start_task.o(.bss)
    CheckPwStack                             0x20001194   Data         512  start_task.o(.bss)
    OpendoorStack                            0x20001394   Data         512  start_task.o(.bss)
    OpenFailStack                            0x20001594   Data         512  start_task.o(.bss)
    RootFutionStack                          0x20001794   Data         512  start_task.o(.bss)
    key_buf                                  0x20001994   Data           9  getpwtask.o(.bss)
    read_passwd_buf                          0x2000199d   Data           9  checkpwtask.o(.bss)
    root_passwd_buf                          0x200019a6   Data           9  checkpwtask.o(.bss)
    passwd_buf                               0x200019af   Data           9  rootfutiontask.o(.bss)
    root_buf                                 0x200019b8   Data           9  rootfutiontask.o(.bss)
    __libspace_start                         0x200019c4   Data          96  libspace.o(.bss)
    __temporary_stack_top$libspace           0x20001a24   Data           0  libspace.o(.bss)



==============================================================================

Memory Map of the image

  Image Entry point : 0x08000131

  Load Region LR_IROM1 (Base: 0x08000000, Size: 0x00005c2c, Max: 0x00010000, ABSOLUTE)

    Execution Region ER_IROM1 (Exec base: 0x08000000, Load base: 0x08000000, Size: 0x00005b78, Max: 0x00010000, ABSOLUTE)

    Exec Addr    Load Addr    Size         Type   Attr      Idx    E Section Name        Object

    0x08000000   0x08000000   0x00000130   Data   RO           49    RESET               startup_stm32f10x_hd.o
    0x08000130   0x08000130   0x00000008   Code   RO         1653  * !!!main             c_w.l(__main.o)
    0x08000138   0x08000138   0x00000034   Code   RO         1815    !!!scatter          c_w.l(__scatter.o)
    0x0800016c   0x0800016c   0x0000001a   Code   RO         1817    !!handler_copy      c_w.l(__scatter_copy.o)
    0x08000186   0x08000186   0x00000002   PAD
    0x08000188   0x08000188   0x0000001c   Code   RO         1819    !!handler_zi        c_w.l(__scatter_zi.o)
    0x080001a4   0x080001a4   0x00000000   Code   RO         1642    .ARM.Collect$$_printf_percent$$00000000  c_w.l(_printf_percent.o)
    0x080001a4   0x080001a4   0x00000006   Code   RO         1641    .ARM.Collect$$_printf_percent$$00000009  c_w.l(_printf_d.o)
    0x080001aa   0x080001aa   0x00000006   Code   RO         1640    .ARM.Collect$$_printf_percent$$00000014  c_w.l(_printf_s.o)
    0x080001b0   0x080001b0   0x00000004   Code   RO         1662    .ARM.Collect$$_printf_percent$$00000017  c_w.l(_printf_percent_end.o)
    0x080001b4   0x080001b4   0x00000002   Code   RO         1691    .ARM.Collect$$libinit$$00000000  c_w.l(libinit.o)
    0x080001b6   0x080001b6   0x00000000   Code   RO         1698    .ARM.Collect$$libinit$$00000002  c_w.l(libinit2.o)
    0x080001b6   0x080001b6   0x00000000   Code   RO         1700    .ARM.Collect$$libinit$$00000004  c_w.l(libinit2.o)
    0x080001b6   0x080001b6   0x00000000   Code   RO         1703    .ARM.Collect$$libinit$$0000000A  c_w.l(libinit2.o)
    0x080001b6   0x080001b6   0x00000000   Code   RO         1705    .ARM.Collect$$libinit$$0000000C  c_w.l(libinit2.o)
    0x080001b6   0x080001b6   0x00000000   Code   RO         1707    .ARM.Collect$$libinit$$0000000E  c_w.l(libinit2.o)
    0x080001b6   0x080001b6   0x00000000   Code   RO         1710    .ARM.Collect$$libinit$$00000011  c_w.l(libinit2.o)
    0x080001b6   0x080001b6   0x00000000   Code   RO         1712    .ARM.Collect$$libinit$$00000013  c_w.l(libinit2.o)
    0x080001b6   0x080001b6   0x00000000   Code   RO         1714    .ARM.Collect$$libinit$$00000015  c_w.l(libinit2.o)
    0x080001b6   0x080001b6   0x00000000   Code   RO         1716    .ARM.Collect$$libinit$$00000017  c_w.l(libinit2.o)
    0x080001b6   0x080001b6   0x00000000   Code   RO         1718    .ARM.Collect$$libinit$$00000019  c_w.l(libinit2.o)
    0x080001b6   0x080001b6   0x00000000   Code   RO         1720    .ARM.Collect$$libinit$$0000001B  c_w.l(libinit2.o)
    0x080001b6   0x080001b6   0x00000000   Code   RO         1722    .ARM.Collect$$libinit$$0000001D  c_w.l(libinit2.o)
    0x080001b6   0x080001b6   0x00000000   Code   RO         1724    .ARM.Collect$$libinit$$0000001F  c_w.l(libinit2.o)
    0x080001b6   0x080001b6   0x00000000   Code   RO         1726    .ARM.Collect$$libinit$$00000021  c_w.l(libinit2.o)
    0x080001b6   0x080001b6   0x00000000   Code   RO         1728    .ARM.Collect$$libinit$$00000023  c_w.l(libinit2.o)
    0x080001b6   0x080001b6   0x00000000   Code   RO         1730    .ARM.Collect$$libinit$$00000025  c_w.l(libinit2.o)
    0x080001b6   0x080001b6   0x00000000   Code   RO         1734    .ARM.Collect$$libinit$$0000002C  c_w.l(libinit2.o)
    0x080001b6   0x080001b6   0x00000000   Code   RO         1736    .ARM.Collect$$libinit$$0000002E  c_w.l(libinit2.o)
    0x080001b6   0x080001b6   0x00000000   Code   RO         1738    .ARM.Collect$$libinit$$00000030  c_w.l(libinit2.o)
    0x080001b6   0x080001b6   0x00000000   Code   RO         1740    .ARM.Collect$$libinit$$00000032  c_w.l(libinit2.o)
    0x080001b6   0x080001b6   0x00000002   Code   RO         1741    .ARM.Collect$$libinit$$00000033  c_w.l(libinit2.o)
    0x080001b8   0x080001b8   0x00000002   Code   RO         1759    .ARM.Collect$$libshutdown$$00000000  c_w.l(libshutdown.o)
    0x080001ba   0x080001ba   0x00000000   Code   RO         1769    .ARM.Collect$$libshutdown$$00000002  c_w.l(libshutdown2.o)
    0x080001ba   0x080001ba   0x00000000   Code   RO         1771    .ARM.Collect$$libshutdown$$00000004  c_w.l(libshutdown2.o)
    0x080001ba   0x080001ba   0x00000000   Code   RO         1774    .ARM.Collect$$libshutdown$$00000007  c_w.l(libshutdown2.o)
    0x080001ba   0x080001ba   0x00000000   Code   RO         1777    .ARM.Collect$$libshutdown$$0000000A  c_w.l(libshutdown2.o)
    0x080001ba   0x080001ba   0x00000000   Code   RO         1779    .ARM.Collect$$libshutdown$$0000000C  c_w.l(libshutdown2.o)
    0x080001ba   0x080001ba   0x00000000   Code   RO         1782    .ARM.Collect$$libshutdown$$0000000F  c_w.l(libshutdown2.o)
    0x080001ba   0x080001ba   0x00000002   Code   RO         1783    .ARM.Collect$$libshutdown$$00000010  c_w.l(libshutdown2.o)
    0x080001bc   0x080001bc   0x00000000   Code   RO         1655    .ARM.Collect$$rtentry$$00000000  c_w.l(__rtentry.o)
    0x080001bc   0x080001bc   0x00000000   Code   RO         1664    .ARM.Collect$$rtentry$$00000002  c_w.l(__rtentry2.o)
    0x080001bc   0x080001bc   0x00000006   Code   RO         1676    .ARM.Collect$$rtentry$$00000004  c_w.l(__rtentry4.o)
    0x080001c2   0x080001c2   0x00000000   Code   RO         1666    .ARM.Collect$$rtentry$$00000009  c_w.l(__rtentry2.o)
    0x080001c2   0x080001c2   0x00000004   Code   RO         1667    .ARM.Collect$$rtentry$$0000000A  c_w.l(__rtentry2.o)
    0x080001c6   0x080001c6   0x00000000   Code   RO         1669    .ARM.Collect$$rtentry$$0000000C  c_w.l(__rtentry2.o)
    0x080001c6   0x080001c6   0x00000008   Code   RO         1670    .ARM.Collect$$rtentry$$0000000D  c_w.l(__rtentry2.o)
    0x080001ce   0x080001ce   0x00000002   Code   RO         1695    .ARM.Collect$$rtexit$$00000000  c_w.l(rtexit.o)
    0x080001d0   0x080001d0   0x00000000   Code   RO         1743    .ARM.Collect$$rtexit$$00000002  c_w.l(rtexit2.o)
    0x080001d0   0x080001d0   0x00000004   Code   RO         1744    .ARM.Collect$$rtexit$$00000003  c_w.l(rtexit2.o)
    0x080001d4   0x080001d4   0x00000006   Code   RO         1745    .ARM.Collect$$rtexit$$00000004  c_w.l(rtexit2.o)
    0x080001da   0x080001da   0x00000002   PAD
    0x080001dc   0x080001dc   0x00000040   Code   RO           50    .text               startup_stm32f10x_hd.o
    0x0800021c   0x0800021c   0x000000a4   Code   RO         1369    .text               os_cpu_a.o
    0x080002c0   0x080002c0   0x00000002   Code   RO         1608    .text               c_w.l(use_no_semi.o)
    0x080002c2   0x080002c2   0x00000002   PAD
    0x080002c4   0x080002c4   0x00000018   Code   RO         1612    .text               c_w.l(noretval__2printf.o)
    0x080002dc   0x080002dc   0x00000068   Code   RO         1614    .text               c_w.l(__printf.o)
    0x08000344   0x08000344   0x00000052   Code   RO         1616    .text               c_w.l(_printf_str.o)
    0x08000396   0x08000396   0x00000002   PAD
    0x08000398   0x08000398   0x00000078   Code   RO         1618    .text               c_w.l(_printf_dec.o)
    0x08000410   0x08000410   0x0000003e   Code   RO         1643    .text               c_w.l(strlen.o)
    0x0800044e   0x0800044e   0x00000044   Code   RO         1645    .text               c_w.l(rt_memclr.o)
    0x08000492   0x08000492   0x0000004e   Code   RO         1647    .text               c_w.l(rt_memclr_w.o)
    0x080004e0   0x080004e0   0x00000080   Code   RO         1649    .text               c_w.l(strcmpv7m.o)
    0x08000560   0x08000560   0x00000006   Code   RO         1651    .text               c_w.l(heapauxi.o)
    0x08000566   0x08000566   0x000000b2   Code   RO         1656    .text               c_w.l(_printf_intcommon.o)
    0x08000618   0x08000618   0x0000002c   Code   RO         1658    .text               c_w.l(_printf_char.o)
    0x08000644   0x08000644   0x00000024   Code   RO         1660    .text               c_w.l(_printf_char_file.o)
    0x08000668   0x08000668   0x00000030   Code   RO         1678    .text               c_w.l(_printf_char_common.o)
    0x08000698   0x08000698   0x0000004a   Code   RO         1680    .text               c_w.l(sys_stackheap_outer.o)
    0x080006e2   0x080006e2   0x00000012   Code   RO         1684    .text               c_w.l(exit.o)
    0x080006f4   0x080006f4   0x00000008   Code   RO         1692    .text               c_w.l(libspace.o)
    0x080006fc   0x080006fc   0x00000074   Code   RO          327    i.At24c02PageWrite  at24c02.o
    0x08000770   0x08000770   0x0000006a   Code   RO          328    i.At24c02ReadBytes  at24c02.o
    0x080007da   0x080007da   0x00000058   Code   RO          330    i.At24c02WriteBytes  at24c02.o
    0x08000832   0x08000832   0x00000022   Code   RO          659    i.CaptureAndExtract  mg200.o
    0x08000854   0x08000854   0x000001f0   Code   RO         1541    i.CheckPwTask       checkpwtask.o
    0x08000a44   0x08000a44   0x00000040   Code   RO          251    i.DelayInit         delay.o
    0x08000a84   0x08000a84   0x00000054   Code   RO          252    i.Delayms           delay.o
    0x08000ad8   0x08000ad8   0x00000054   Code   RO          253    i.Delayus           delay.o
    0x08000b2c   0x08000b2c   0x00000200   Code   RO          660    i.Enroll            mg200.o
    0x08000d2c   0x08000d2c   0x000000b4   Code   RO          661    i.EraseAll          mg200.o
    0x08000de0   0x08000de0   0x00000094   Code   RO          662    i.EraseOne          mg200.o
    0x08000e74   0x08000e74   0x00000038   Code   RO          553    i.GPIO_key_init     funtion.o
    0x08000eac   0x08000eac   0x00000040   Code   RO          554    i.GPIO_voice_init   funtion.o
    0x08000eec   0x08000eec   0x00000094   Code   RO          357    i.GetMPR121         mpr121.o
    0x08000f80   0x08000f80   0x00000100   Code   RO         1501    i.GetPwTask         getpwtask.o
    0x08001080   0x08001080   0x00000070   Code   RO          279    i.IICPinInit        iic.o
    0x080010f0   0x080010f0   0x00000040   Code   RO          280    i.IICReadAck        iic.o
    0x08001130   0x08001130   0x00000058   Code   RO          281    i.IICReadByte       iic.o
    0x08001188   0x08001188   0x00000034   Code   RO          282    i.IICSendAck        iic.o
    0x080011bc   0x080011bc   0x00000050   Code   RO          283    i.IICSendByte       iic.o
    0x0800120c   0x0800120c   0x00000034   Code   RO          284    i.IICStart          iic.o
    0x08001240   0x08001240   0x00000030   Code   RO          285    i.IICStop           iic.o
    0x08001270   0x08001270   0x00000084   Code   RO          664    i.MG200Ack          mg200.o
    0x080012f4   0x080012f4   0x00000050   Code   RO          665    i.MG200Init         mg200.o
    0x08001344   0x08001344   0x0000001c   Code   RO          666    i.MG200SendByte     mg200.o
    0x08001360   0x08001360   0x0000003c   Code   RO          667    i.MG200SendCommond  mg200.o
    0x0800139c   0x0800139c   0x00000114   Code   RO          358    i.MPR121Init        mpr121.o
    0x080014b0   0x080014b0   0x00000044   Code   RO          359    i.MPR121ReadDate    mpr121.o
    0x080014f4   0x080014f4   0x00000084   Code   RO          360    i.MPR121WriteDate   mpr121.o
    0x08001578   0x08001578   0x000000fc   Code   RO          668    i.Match1N           mg200.o
    0x08001674   0x08001674   0x00000016   Code   RO          156    i.NVIC_EnableIRQ    uart.o
    0x0800168a   0x0800168a   0x00000040   Code   RO          157    i.NVIC_EncodePriority  uart.o
    0x080016ca   0x080016ca   0x00000002   PAD
    0x080016cc   0x080016cc   0x00000028   Code   RO          158    i.NVIC_SetPriority  uart.o
    0x080016f4   0x080016f4   0x0000006c   Code   RO          935    i.OSFlagCreate      os_flag.o
    0x08001760   0x08001760   0x00000268   Code   RO          939    i.OSFlagPend        os_flag.o
    0x080019c8   0x080019c8   0x00000146   Code   RO          941    i.OSFlagPost        os_flag.o
    0x08001b0e   0x08001b0e   0x0000002c   Code   RO          747    i.OSInit            os_core.o
    0x08001b3a   0x08001b3a   0x00000002   Code   RO         1372    i.OSInitHookBegin   os_cpu_c.o
    0x08001b3c   0x08001b3c   0x00000002   Code   RO         1373    i.OSInitHookEnd     os_cpu_c.o
    0x08001b3e   0x08001b3e   0x00000002   PAD
    0x08001b40   0x08001b40   0x00000024   Code   RO          748    i.OSIntEnter        os_core.o
    0x08001b64   0x08001b64   0x00000090   Code   RO          749    i.OSIntExit         os_core.o
    0x08001bf4   0x08001bf4   0x0000009c   Code   RO         1124    i.OSQCreate         os_q.o
    0x08001c90   0x08001c90   0x00000048   Code   RO          752    i.OSStart           os_core.o
    0x08001cd8   0x08001cd8   0x00000002   Code   RO         1374    i.OSTCBInitHook     os_cpu_c.o
    0x08001cda   0x08001cda   0x00000002   PAD
    0x08001cdc   0x08001cdc   0x000000ac   Code   RO         1250    i.OSTaskCreate      os_task.o
    0x08001d88   0x08001d88   0x000000c0   Code   RO         1251    i.OSTaskCreateExt   os_task.o
    0x08001e48   0x08001e48   0x00000002   Code   RO         1375    i.OSTaskCreateHook  os_cpu_c.o
    0x08001e4a   0x08001e4a   0x00000002   Code   RO         1377    i.OSTaskIdleHook    os_cpu_c.o
    0x08001e4c   0x08001e4c   0x000000ac   Code   RO         1255    i.OSTaskNameSet     os_task.o
    0x08001ef8   0x08001ef8   0x00000002   Code   RO         1378    i.OSTaskStatHook    os_cpu_c.o
    0x08001efa   0x08001efa   0x00000002   PAD
    0x08001efc   0x08001efc   0x000000a0   Code   RO         1258    i.OSTaskStkChk      os_task.o
    0x08001f9c   0x08001f9c   0x0000009a   Code   RO         1379    i.OSTaskStkInit     os_cpu_c.o
    0x08002036   0x08002036   0x00000002   PAD
    0x08002038   0x08002038   0x000000bc   Code   RO         1259    i.OSTaskSuspend     os_task.o
    0x080020f4   0x080020f4   0x00000002   Code   RO         1380    i.OSTaskSwHook      os_cpu_c.o
    0x080020f6   0x080020f6   0x00000002   PAD
    0x080020f8   0x080020f8   0x00000070   Code   RO         1327    i.OSTimeDly         os_time.o
    0x08002168   0x08002168   0x000000ec   Code   RO          754    i.OSTimeTick        os_core.o
    0x08002254   0x08002254   0x00000002   Code   RO         1381    i.OSTimeTickHook    os_cpu_c.o
    0x08002256   0x08002256   0x0000001c   Code   RO          760    i.OS_EventWaitListInit  os_core.o
    0x08002272   0x08002272   0x00000002   PAD
    0x08002274   0x08002274   0x000000a4   Code   RO          943    i.OS_FlagBlock      os_flag.o
    0x08002318   0x08002318   0x0000004c   Code   RO          944    i.OS_FlagInit       os_flag.o
    0x08002364   0x08002364   0x0000005c   Code   RO          945    i.OS_FlagTaskRdy    os_flag.o
    0x080023c0   0x080023c0   0x00000024   Code   RO          946    i.OS_FlagUnlink     os_flag.o
    0x080023e4   0x080023e4   0x0000003c   Code   RO          761    i.OS_InitEventList  os_core.o
    0x08002420   0x08002420   0x00000054   Code   RO          762    i.OS_InitMisc       os_core.o
    0x08002474   0x08002474   0x00000048   Code   RO          763    i.OS_InitRdyList    os_core.o
    0x080024bc   0x080024bc   0x00000068   Code   RO          764    i.OS_InitTCBList    os_core.o
    0x08002524   0x08002524   0x00000050   Code   RO          765    i.OS_InitTaskIdle   os_core.o
    0x08002574   0x08002574   0x00000050   Code   RO          766    i.OS_InitTaskStat   os_core.o
    0x080025c4   0x080025c4   0x00000012   Code   RO          767    i.OS_MemClr         os_core.o
    0x080025d6   0x080025d6   0x00000002   PAD
    0x080025d8   0x080025d8   0x00000038   Code   RO         1133    i.OS_QInit          os_q.o
    0x08002610   0x08002610   0x00000074   Code   RO          769    i.OS_Sched          os_core.o
    0x08002684   0x08002684   0x0000002c   Code   RO          770    i.OS_SchedNew       os_core.o
    0x080026b0   0x080026b0   0x0000001c   Code   RO          771    i.OS_StrCopy        os_core.o
    0x080026cc   0x080026cc   0x00000014   Code   RO          772    i.OS_StrLen         os_core.o
    0x080026e0   0x080026e0   0x0000011c   Code   RO          773    i.OS_TCBInit        os_core.o
    0x080027fc   0x080027fc   0x00000024   Code   RO          774    i.OS_TaskIdle       os_core.o
    0x08002820   0x08002820   0x00000088   Code   RO          775    i.OS_TaskStat       os_core.o
    0x080028a8   0x080028a8   0x0000003c   Code   RO          776    i.OS_TaskStatStkChk  os_core.o
    0x080028e4   0x080028e4   0x0000001a   Code   RO         1260    i.OS_TaskStkClr     os_task.o
    0x080028fe   0x080028fe   0x00000002   PAD
    0x08002900   0x08002900   0x00000080   Code   RO         1587    i.OpenFailTask      openfailtask.o
    0x08002980   0x08002980   0x00000098   Code   RO         1478    i.OpendoorTask      open_door.o
    0x08002a18   0x08002a18   0x00000490   Code   RO         1566    i.RootFutionTask    rootfutiontask.o
    0x08002ea8   0x08002ea8   0x00000040   Code   RO          391    i.SPIPinInit        spi.o
    0x08002ee8   0x08002ee8   0x00000008   Code   RO            1    i.SetSysClock       system_stm32f10x.o
    0x08002ef0   0x08002ef0   0x000000e0   Code   RO            2    i.SetSysClockTo72   system_stm32f10x.o
    0x08002fd0   0x08002fd0   0x000000ec   Code   RO         1454    i.StartTask         start_task.o
    0x080030bc   0x080030bc   0x00000010   Code   RO           55    i.SysTick_Handler   main.o
    0x080030cc   0x080030cc   0x00000060   Code   RO            4    i.SystemInit        system_stm32f10x.o
    0x0800312c   0x0800312c   0x000000c8   Code   RO           56    i.Systick_Interrupt  main.o
    0x080031f4   0x080031f4   0x0000002c   Code   RO          159    i.USART1_IRQHandler  uart.o
    0x08003220   0x08003220   0x00000054   Code   RO          160    i.USART2_IRQHandler  uart.o
    0x08003274   0x08003274   0x000000c8   Code   RO          161    i.Usart1Init        uart.o
    0x0800333c   0x0800333c   0x000000d0   Code   RO          162    i.Usart2Init        uart.o
    0x0800340c   0x0800340c   0x00000004   Code   RO          163    i._sys_exit         uart.o
    0x08003410   0x08003410   0x00000008   Code   RO          165    i.ferror            uart.o
    0x08003418   0x08003418   0x0000000c   Code   RO          557    i.format            funtion.o
    0x08003424   0x08003424   0x0000001c   Code   RO          166    i.fputc             uart.o
    0x08003440   0x08003440   0x00000188   Code   RO          558    i.get_key           funtion.o
    0x080035c8   0x080035c8   0x00000098   Code   RO          559    i.get_key_buf       funtion.o
    0x08003660   0x08003660   0x00000048   Code   RO          445    i.led_init          led.o
    0x080036a8   0x080036a8   0x000000a8   Code   RO           57    i.main              main.o
    0x08003750   0x08003750   0x00000012   Code   RO          457    i.oled_delay_microsecond  monochome_oled.o
    0x08003762   0x08003762   0x00000002   PAD
    0x08003764   0x08003764   0x000000b0   Code   RO          458    i.oled_display_arbitrary_string  monochome_oled.o
    0x08003814   0x08003814   0x0000003c   Code   RO          459    i.oled_display_chinese_character  monochome_oled.o
    0x08003850   0x08003850   0x0000002a   Code   RO          460    i.oled_display_clear  monochome_oled.o
    0x0800387a   0x0800387a   0x0000003c   Code   RO          461    i.oled_display_english_character  monochome_oled.o
    0x080038b6   0x080038b6   0x00000002   PAD
    0x080038b8   0x080038b8   0x000000e4   Code   RO          463    i.oled_init         monochome_oled.o
    0x0800399c   0x0800399c   0x00000110   Code   RO          464    i.oled_port_init    monochome_oled.o
    0x08003aac   0x08003aac   0x00000024   Code   RO          465    i.oled_set_display_location  monochome_oled.o
    0x08003ad0   0x08003ad0   0x0000008c   Code   RO          466    i.oled_spi_init     monochome_oled.o
    0x08003b5c   0x08003b5c   0x00000034   Code   RO          467    i.oled_spi_read_write_byte  monochome_oled.o
    0x08003b90   0x08003b90   0x00000034   Code   RO          468    i.oled_spi_write_command  monochome_oled.o
    0x08003bc4   0x08003bc4   0x00000034   Code   RO          469    i.oled_spi_write_data  monochome_oled.o
    0x08003bf8   0x08003bf8   0x00000064   Code   RO          561    i.open_dor          funtion.o
    0x08003c5c   0x08003c5c   0x0000001c   Code   RO          562    i.root_get_key      funtion.o
    0x08003c78   0x08003c78   0x000000a8   Code   RO          735    i.time_init         time.o
    0x08003d20   0x08003d20   0x00000038   Code   RO          563    i.voice_data        funtion.o
    0x08003d58   0x08003d58   0x00000030   Code   RO          564    i.voice_high        funtion.o
    0x08003d88   0x08003d88   0x0000002c   Code   RO          565    i.voice_low         funtion.o
    0x08003db4   0x08003db4   0x00000030   Code   RO          567    i.voice_synchronization  funtion.o
    0x08003de4   0x08003de4   0x00001c71   Data   RO          541    .constdata          oled_memory.o
    0x08005a55   0x08005a55   0x00000100   Data   RO          778    .constdata          os_core.o
    0x08005b55   0x08005b55   0x00000003   PAD
    0x08005b58   0x08005b58   0x00000020   Data   RO         1813    Region$$Table       anon$$obj.o


    Execution Region RW_IRAM1 (Exec base: 0x20000000, Load base: 0x08005b78, Size: 0x00002028, Max: 0x00005000, ABSOLUTE)

    Exec Addr    Load Addr    Size         Type   Attr      Idx    E Section Name        Object

    0x20000000   0x08005b78   0x00000008   Data   RW           58    .data               main.o
    0x20000008   0x08005b80   0x00000004   Data   RW          169    .data               uart.o
    0x2000000c   0x08005b84   0x00000009   Data   RW          568    .data               funtion.o
    0x20000015   0x08005b8d   0x00000003   PAD
    0x20000018   0x08005b90   0x00000048   Data   RW          779    .data               os_core.o
    0x20000060   0x08005bd8   0x00000014   Data   RW         1456    .data               start_task.o
    0x20000074   0x08005bec   0x00000004   Data   RW         1479    .data               open_door.o
    0x20000078   0x08005bf0   0x00000003   Data   RW         1503    .data               getpwtask.o
    0x2000007b   0x08005bf3   0x0000000e   Data   RW         1543    .data               checkpwtask.o
    0x20000089   0x08005c01   0x00000003   PAD
    0x2000008c   0x08005c04   0x00000024   Data   RW         1568    .data               rootfutiontask.o
    0x200000b0   0x08005c28   0x00000004   Data   RW         1588    .data               openfailtask.o
    0x200000b4        -       0x0000000c   Zero   RW          669    .bss                mg200.o
    0x200000c0        -       0x00000ad4   Zero   RW          777    .bss                os_core.o
    0x20000b94        -       0x00000e00   Zero   RW         1455    .bss                start_task.o
    0x20001994        -       0x00000009   Zero   RW         1502    .bss                getpwtask.o
    0x2000199d        -       0x00000012   Zero   RW         1542    .bss                checkpwtask.o
    0x200019af        -       0x00000012   Zero   RW         1567    .bss                rootfutiontask.o
    0x200019c1   0x08005c2c   0x00000003   PAD
    0x200019c4        -       0x00000060   Zero   RW         1693    .bss                c_w.l(libspace.o)
    0x20001a24   0x08005c2c   0x00000004   PAD
    0x20001a28        -       0x00000200   Zero   RW           48    HEAP                startup_stm32f10x_hd.o
    0x20001c28        -       0x00000400   Zero   RW           47    STACK               startup_stm32f10x_hd.o


==============================================================================

Image component sizes


      Code (inc. data)   RO Data    RW Data    ZI Data      Debug   Object Name

       310          0          0          0          0       2482   at24c02.o
       496        124          0         14         18       1829   checkpwtask.o
       232         18          0          0          0       1320   delay.o
      1000        140          0          9          0       5901   funtion.o
       256         80          0          3          9       1515   getpwtask.o
       496         64          0          0          0       3264   iic.o
        72         10          0          0          0        387   led.o
       384         58          0          8          0     228438   main.o
      1426        416          0          0         12       6202   mg200.o
      1188         66          0          0          0       7363   monochome_oled.o
       624         48          0          0          0       2324   mpr121.o
         0          0       7281          0          0        835   oled_memory.o
       152         48          0          4          0        785   open_door.o
       128         48          0          4          0        775   openfailtask.o
      1782        344        256         72       2772      20265   os_core.o
       164         32          0          0          0        288   os_cpu_a.o
       170          0          0          0          0      14359   os_cpu_c.o
      1418         54          0          0          0       6083   os_flag.o
       212         24          0          0          0       1255   os_q.o
       910         64          0          0          0       5428   os_task.o
       112         16          0          0          0        584   os_time.o
      1168        398          0         36         18       2228   rootfutiontask.o
        64         20          0          0          0        381   spi.o
       236         84          0         20       3584       1709   start_task.o
        64         26        304          0       1536        792   startup_stm32f10x_hd.o
       328         28          0          0          0       6341   system_stm32f10x.o
       168         10          0          0          0        464   time.o
       702         62          0          4          0      21496   uart.o

    ----------------------------------------------------------------------
     14284       2282       7876        180       7952     345093   Object Totals
         0          0         32          0          0          0   (incl. Generated)
        22          0          3          6          3          0   (incl. Padding)

    ----------------------------------------------------------------------

      Code (inc. data)   RO Data    RW Data    ZI Data      Debug   Library Member Name

         8          0          0          0          0         68   __main.o
       104          0          0          0          0         84   __printf.o
         0          0          0          0          0          0   __rtentry.o
        12          0          0          0          0          0   __rtentry2.o
         6          0          0          0          0          0   __rtentry4.o
        52          8          0          0          0          0   __scatter.o
        26          0          0          0          0          0   __scatter_copy.o
        28          0          0          0          0          0   __scatter_zi.o
        44          0          0          0          0        108   _printf_char.o
        48          6          0          0          0         96   _printf_char_common.o
        36          4          0          0          0         80   _printf_char_file.o
         6          0          0          0          0          0   _printf_d.o
       120         16          0          0          0         92   _printf_dec.o
       178          0          0          0          0         88   _printf_intcommon.o
         0          0          0          0          0          0   _printf_percent.o
         4          0          0          0          0          0   _printf_percent_end.o
         6          0          0          0          0          0   _printf_s.o
        82          0          0          0          0         80   _printf_str.o
        18          0          0          0          0         80   exit.o
         6          0          0          0          0        152   heapauxi.o
         2          0          0          0          0          0   libinit.o
         2          0          0          0          0          0   libinit2.o
         2          0          0          0          0          0   libshutdown.o
         2          0          0          0          0          0   libshutdown2.o
         8          4          0          0         96         68   libspace.o
        24          4          0          0          0         84   noretval__2printf.o
        68          0          0          0          0         68   rt_memclr.o
        78          0          0          0          0         80   rt_memclr_w.o
         2          0          0          0          0          0   rtexit.o
        10          0          0          0          0          0   rtexit2.o
       128          0          0          0          0         68   strcmpv7m.o
        62          0          0          0          0         76   strlen.o
        74          0          0          0          0         80   sys_stackheap_outer.o
         2          0          0          0          0         68   use_no_semi.o

    ----------------------------------------------------------------------
      1256         42          0          0        100       1520   Library Totals
         8          0          0          0          4          0   (incl. Padding)

    ----------------------------------------------------------------------

      Code (inc. data)   RO Data    RW Data    ZI Data      Debug   Library Name

      1248         42          0          0         96       1520   c_w.l

    ----------------------------------------------------------------------
      1256         42          0          0        100       1520   Library Totals

    ----------------------------------------------------------------------

==============================================================================


      Code (inc. data)   RO Data    RW Data    ZI Data      Debug   

     15540       2324       7876        180       8052     339901   Grand Totals
     15540       2324       7876        180       8052     339901   ELF Image Totals
     15540       2324       7876        180          0          0   ROM Totals

==============================================================================

    Total RO  Size (Code + RO Data)                23416 (  22.87kB)
    Total RW  Size (RW Data + ZI Data)              8232 (   8.04kB)
    Total ROM Size (Code + RO Data + RW Data)      23596 (  23.04kB)

==============================================================================

