Component: ARM Compiler 5.06 update 6 (build 750) Tool: armlink [4d35ed]

==============================================================================

Section Cross References

    startup_stm32f40_41xxx.o(STACK) refers (Special) to heapauxi.o(.text) for __use_two_region_memory
    startup_stm32f40_41xxx.o(HEAP) refers (Special) to heapauxi.o(.text) for __use_two_region_memory
    startup_stm32f40_41xxx.o(RESET) refers (Special) to heapauxi.o(.text) for __use_two_region_memory
    startup_stm32f40_41xxx.o(RESET) refers to startup_stm32f40_41xxx.o(STACK) for __initial_sp
    startup_stm32f40_41xxx.o(RESET) refers to startup_stm32f40_41xxx.o(.text) for Reset_Handler
    startup_stm32f40_41xxx.o(RESET) refers to stm32f4xx_it.o(i.NMI_Handler) for NMI_Handler
    startup_stm32f40_41xxx.o(RESET) refers to stm32f4xx_it.o(i.HardFault_Handler) for HardFault_Handler
    startup_stm32f40_41xxx.o(RESET) refers to stm32f4xx_it.o(i.MemManage_Handler) for MemManage_Handler
    startup_stm32f40_41xxx.o(RESET) refers to stm32f4xx_it.o(i.BusFault_Handler) for BusFault_Handler
    startup_stm32f40_41xxx.o(RESET) refers to stm32f4xx_it.o(i.UsageFault_Handler) for UsageFault_Handler
    startup_stm32f40_41xxx.o(RESET) refers to stm32f4xx_it.o(i.SVC_Handler) for SVC_Handler
    startup_stm32f40_41xxx.o(RESET) refers to stm32f4xx_it.o(i.DebugMon_Handler) for DebugMon_Handler
    startup_stm32f40_41xxx.o(RESET) refers to os_cpu_a.o(.text) for OS_CPU_PendSVHandler
    startup_stm32f40_41xxx.o(RESET) refers to main.o(i.SysTick_Handler) for SysTick_Handler
    startup_stm32f40_41xxx.o(RESET) refers to tim_in_1.o(i.TIM1_CC_IRQHandler) for TIM1_CC_IRQHandler
    startup_stm32f40_41xxx.o(RESET) refers to pwm_out.o(i.TIM3_IRQHandler) for TIM3_IRQHandler
    startup_stm32f40_41xxx.o(RESET) refers to uart.o(i.USART1_IRQHandler) for USART1_IRQHandler
    startup_stm32f40_41xxx.o(RESET) refers to touch.o(i.TIM6_DAC_IRQHandler) for TIM6_DAC_IRQHandler
    startup_stm32f40_41xxx.o(.text) refers (Special) to heapauxi.o(.text) for __use_two_region_memory
    startup_stm32f40_41xxx.o(.text) refers to system_stm32f4xx.o(i.SystemInit) for SystemInit
    startup_stm32f40_41xxx.o(.text) refers to __main.o(!!!main) for __main
    startup_stm32f40_41xxx.o(.text) refers to startup_stm32f40_41xxx.o(HEAP) for Heap_Mem
    startup_stm32f40_41xxx.o(.text) refers to startup_stm32f40_41xxx.o(STACK) for Stack_Mem
    system_stm32f4xx.o(i.SystemCoreClockUpdate) refers to system_stm32f4xx.o(.data) for SystemCoreClock
    system_stm32f4xx.o(i.SystemInit) refers to system_stm32f4xx.o(i.SetSysClock) for SetSysClock
    main.o(i.SysTick_Handler) refers to os_core.o(i.OSIntEnter) for OSIntEnter
    main.o(i.SysTick_Handler) refers to os_core.o(i.OSTimeTick) for OSTimeTick
    main.o(i.SysTick_Handler) refers to os_core.o(i.OSIntExit) for OSIntExit
    main.o(i.main) refers to _printf_percent.o(.ARM.Collect$$_printf_percent$$00000000) for _printf_percent
    main.o(i.main) refers to _printf_d.o(.ARM.Collect$$_printf_percent$$00000009) for _printf_d
    main.o(i.main) refers to _printf_dec.o(.text) for _printf_int_dec
    main.o(i.main) refers to led.o(i.led_init) for led_init
    main.o(i.main) refers to led.o(i.key_init) for key_init
    main.o(i.main) refers to uart.o(i.uart1_init) for uart1_init
    main.o(i.main) refers to noretval__2printf.o(.text) for __2printf
    main.o(i.main) refers to ili9486.o(i.LCD_Port_Init) for LCD_Port_Init
    main.o(i.main) refers to ili9486.o(i.LCD_Init) for LCD_Init
    main.o(i.main) refers to delay.o(i.Delay_init) for Delay_init
    main.o(i.main) refers to touch.o(i.init_touch_gpio) for init_touch_gpio
    main.o(i.main) refers to main.o(i.systick_init) for systick_init
    main.o(i.main) refers to tim_in_1.o(i.tim_in_init) for tim_in_init
    main.o(i.main) refers to os_core.o(i.OSInit) for OSInit
    main.o(i.main) refers to ili9486.o(i.LCD_display_pic) for LCD_display_pic
    main.o(i.main) refers to delay.o(i.delay_ms) for delay_ms
    main.o(i.main) refers to main.o(.constdata) for gImage_11
    led.o(i.key_status) refers to led.o(.data) for key_static
    uart.o(.rev16_text) refers (Special) to use_no_semi.o(.text) for __use_no_semihosting_swi
    uart.o(.revsh_text) refers (Special) to use_no_semi.o(.text) for __use_no_semihosting_swi
    uart.o(.rrx_text) refers (Special) to use_no_semi.o(.text) for __use_no_semihosting_swi
    uart.o(i.USART1_IRQHandler) refers (Special) to use_no_semi.o(.text) for __use_no_semihosting_swi
    uart.o(i.USART1_IRQHandler) refers to uart.o(.data) for group
    uart.o(i.USART1_IRQHandler) refers to uart.o(.bss) for font_buffer
    uart.o(i._sys_exit) refers (Special) to use_no_semi.o(.text) for __use_no_semihosting_swi
    uart.o(i._ttywrch) refers (Special) to use_no_semi.o(.text) for __use_no_semihosting_swi
    uart.o(i._ttywrch) refers to uart.o(i.sendchar) for sendchar
    uart.o(i.ferror) refers (Special) to use_no_semi.o(.text) for __use_no_semihosting_swi
[...]
    .text                                    0x08000970   Section        8  libspace.o(.text)
    .text                                    0x08000978   Section        8  rt_locale_intlibspace.o(.text)
    .text                                    0x08000980   Section        8  rt_errno_addr_intlibspace.o(.text)
    .text                                    0x08000988   Section      138  lludiv10.o(.text)
    .text                                    0x08000a14   Section        0  _printf_char_common.o(.text)
    _printf_input_char                       0x08000a15   Thumb Code    10  _printf_char_common.o(.text)
    .text                                    0x08000a44   Section        0  _printf_fp_infnan.o(.text)
    .text                                    0x08000ac4   Section        0  bigflt0.o(.text)
    .text                                    0x08000ba8   Section       74  sys_stackheap_outer.o(.text)
    .text                                    0x08000bf2   Section        0  exit.o(.text)
    .text                                    0x08000c04   Section      128  strcmpv7m.o(.text)
    CL$$btod_d2e                             0x08000c84   Section       62  btod.o(CL$$btod_d2e)
    CL$$btod_d2e_denorm_low                  0x08000cc2   Section       70  btod.o(CL$$btod_d2e_denorm_low)
    CL$$btod_d2e_norm_op1                    0x08000d08   Section       96  btod.o(CL$$btod_d2e_norm_op1)
    CL$$btod_div_common                      0x08000d68   Section      824  btod.o(CL$$btod_div_common)
    CL$$btod_e2e                             0x080010a0   Section      220  btod.o(CL$$btod_e2e)
    CL$$btod_ediv                            0x0800117c   Section       42  btod.o(CL$$btod_ediv)
    CL$$btod_emul                            0x080011a6   Section       42  btod.o(CL$$btod_emul)
    CL$$btod_mult_common                     0x080011d0   Section      580  btod.o(CL$$btod_mult_common)
    i.BusFault_Handler                       0x08001414   Section        0  stm32f4xx_it.o(i.BusFault_Handler)
    i.DebugMon_Handler                       0x08001418   Section        0  stm32f4xx_it.o(i.DebugMon_Handler)
    i.Delay_init                             0x0800141c   Section        0  delay.o(i.Delay_init)
    i.HardFault_Handler                      0x0800145c   Section        0  stm32f4xx_it.o(i.HardFault_Handler)
    i.LCD_Clear                              0x08001460   Section        0  ili9486.o(i.LCD_Clear)
    i.LCD_ILI9486_CMD                        0x080014d0   Section        0  ili9486.o(i.LCD_ILI9486_CMD)
    i.LCD_ILI9486_Parameter                  0x080016ac   Section        0  ili9486.o(i.LCD_ILI9486_Parameter)
    i.LCD_Init                               0x08001888   Section        0  ili9486.o(i.LCD_Init)
    i.LCD_Port_Init                          0x08001a44   Section        0  ili9486.o(i.LCD_Port_Init)
    i.LCD_display_pic                        0x08001bb8   Section        0  ili9486.o(i.LCD_display_pic)
    i.MemManage_Handler                      0x08001c56   Section        0  stm32f4xx_it.o(i.MemManage_Handler)
    i.NMI_Handler                            0x08001c5a   Section        0  stm32f4xx_it.o(i.NMI_Handler)
    i.OSInit                                 0x08001c5c   Section        0  os_core.o(i.OSInit)
    i.OSInitHookBegin                        0x08001c88   Section        0  os_cpu_c.o(i.OSInitHookBegin)
    i.OSInitHookEnd                          0x08001cb8   Section        0  os_cpu_c.o(i.OSInitHookEnd)
    i.OSIntEnter                             0x08001cbc   Section        0  os_core.o(i.OSIntEnter)
    i.OSIntExit                              0x08001ce0   Section        0  os_core.o(i.OSIntExit)
    i.OSTCBInitHook                          0x08001d70   Section        0  os_cpu_c.o(i.OSTCBInitHook)
    i.OSTaskCreateExt                        0x08001d74   Section        0  os_task.o(i.OSTaskCreateExt)
    i.OSTaskCreateHook                       0x08001e2c   Section        0  os_cpu_c.o(i.OSTaskCreateHook)
    i.OSTaskDel                              0x08001e30   Section        0  os_task.o(i.OSTaskDel)
    i.OSTaskDelHook                          0x08001f90   Section        0  os_cpu_c.o(i.OSTaskDelHook)
    i.OSTaskIdleHook                         0x08001f92   Section        0  os_cpu_c.o(i.OSTaskIdleHook)
    i.OSTaskNameSet                          0x08001f94   Section        0  os_task.o(i.OSTaskNameSet)
    i.OSTaskReturnHook                       0x08002004   Section        0  os_cpu_c.o(i.OSTaskReturnHook)
    i.OSTaskStatHook                         0x08002006   Section        0  os_cpu_c.o(i.OSTaskStatHook)
    i.OSTaskStkChk                           0x08002008   Section        0  os_task.o(i.OSTaskStkChk)
    i.OSTaskStkInit                          0x08002090   Section        0  os_cpu_c.o(i.OSTaskStkInit)
    i.OSTaskSuspend                          0x080022b8   Section        0  os_task.o(i.OSTaskSuspend)
    i.OSTaskSwHook                           0x08002360   Section        0  os_cpu_c.o(i.OSTaskSwHook)
    i.OSTimeDly                              0x08002364   Section        0  os_time.o(i.OSTimeDly)
    i.OSTimeTick                             0x080023dc   Section        0  os_core.o(i.OSTimeTick)
    i.OSTimeTickHook                         0x080024c8   Section        0  os_cpu_c.o(i.OSTimeTickHook)
    i.OS_Dummy                               0x080024ca   Section        0  os_core.o(i.OS_Dummy)
    i.OS_EventTaskRemove                     0x080024cc   Section        0  os_core.o(i.OS_EventTaskRemove)
    i.OS_EventTaskRemoveMulti                0x080024fa   Section        0  os_core.o(i.OS_EventTaskRemoveMulti)
    i.OS_FlagInit                            0x08002534   Section        0  os_flag.o(i.OS_FlagInit)
    i.OS_FlagUnlink                          0x0800258c   Section        0  os_flag.o(i.OS_FlagUnlink)
    i.OS_InitEventList                       0x080025b0   Section        0  os_core.o(i.OS_InitEventList)
    OS_InitEventList                         0x080025b1   Thumb Code    84  os_core.o(i.OS_InitEventList)
    i.OS_InitMisc                            0x08002610   Section        0  os_core.o(i.OS_InitMisc)
    OS_InitMisc                              0x08002611   Thumb Code    48  os_core.o(i.OS_InitMisc)
    i.OS_InitRdyList                         0x0800266c   Section        0  os_core.o(i.OS_InitRdyList)
    OS_InitRdyList                           0x0800266d   Thumb Code    44  os_core.o(i.OS_InitRdyList)
    i.OS_InitTCBList                         0x080026b0   Section        0  os_core.o(i.OS_InitTCBList)
    OS_InitTCBList                           0x080026b1   Thumb Code   106  os_core.o(i.OS_InitTCBList)
    i.OS_InitTaskIdle                        0x08002730   Section        0  os_core.o(i.OS_InitTaskIdle)
    OS_InitTaskIdle                          0x08002731   Thumb Code    50  os_core.o(i.OS_InitTaskIdle)
    i.OS_InitTaskStat                        0x08002780   Section        0  os_core.o(i.OS_InitTaskStat)
    OS_InitTaskStat                          0x08002781   Thumb Code    50  os_core.o(i.OS_InitTaskStat)
    i.OS_MemClr                              0x080027d0   Section        0  os_core.o(i.OS_MemClr)
    i.OS_QInit                               0x080027e4   Section        0  os_q.o(i.OS_QInit)
    i.OS_Sched                               0x08002834   Section        0  os_core.o(i.OS_Sched)
    i.OS_SchedNew                            0x080028a8   Section        0  os_core.o(i.OS_SchedNew)
    OS_SchedNew                              0x080028a9   Thumb Code    26  os_core.o(i.OS_SchedNew)
    i.OS_TCBInit                             0x080028d4   Section        0  os_core.o(i.OS_TCBInit)
    i.OS_TaskIdle                            0x08002a14   Section        0  os_core.o(i.OS_TaskIdle)
    i.OS_TaskReturn                          0x08002a3c   Section        0  os_task.o(i.OS_TaskReturn)
    i.OS_TaskStat                            0x08002a54   Section        0  os_core.o(i.OS_TaskStat)
    i.OS_TaskStatStkChk                      0x08002af4   Section        0  os_core.o(i.OS_TaskStatStkChk)
    i.OS_TaskStkClr                          0x08002b30   Section        0  os_task.o(i.OS_TaskStkClr)
    i.SVC_Handler                            0x08002b4a   Section        0  stm32f4xx_it.o(i.SVC_Handler)
    i.SetSysClock                            0x08002b4c   Section        0  system_stm32f4xx.o(i.SetSysClock)
    SetSysClock                              0x08002b4d   Thumb Code   220  system_stm32f4xx.o(i.SetSysClock)
    i.SysTick_Handler                        0x08002c38   Section        0  main.o(i.SysTick_Handler)
    i.SystemInit                             0x08002c48   Section        0  system_stm32f4xx.o(i.SystemInit)
    i.TIM1_CC_IRQHandler                     0x08002cb0   Section        0  tim_in_1.o(i.TIM1_CC_IRQHandler)
    i.TIM3_IRQHandler                        0x08002d80   Section        0  pwm_out.o(i.TIM3_IRQHandler)
    i.TIM6_DAC_IRQHandler                    0x08002e58   Section        0  touch.o(i.TIM6_DAC_IRQHandler)
    i.USART1_IRQHandler                      0x08002f28   Section        0  uart.o(i.USART1_IRQHandler)
    i.UsageFault_Handler                     0x08002fe4   Section        0  stm32f4xx_it.o(i.UsageFault_Handler)
    i.__ARM_fpclassify                       0x08002fe8   Section        0  fpclassify.o(i.__ARM_fpclassify)
    i.__hardfp_cos                           0x08003018   Section        0  cos.o(i.__hardfp_cos)
    i.__hardfp_sin                           0x080030e0   Section        0  sin.o(i.__hardfp_sin)
    i.__ieee754_rem_pio2                     0x080031a8   Section        0  rred.o(i.__ieee754_rem_pio2)
    i.__kernel_cos                           0x080035e0   Section        0  cos_i.o(i.__kernel_cos)
    i.__kernel_poly                          0x08003750   Section        0  poly.o(i.__kernel_poly)
    i.__kernel_sin                           0x08003848   Section        0  sin_i.o(i.__kernel_sin)
    i.__mathlib_dbl_infnan                   0x08003978   Section        0  dunder.o(i.__mathlib_dbl_infnan)
    i.__mathlib_dbl_invalid                  0x08003990   Section        0  dunder.o(i.__mathlib_dbl_invalid)
    i.__mathlib_dbl_underflow                0x080039b0   Section        0  dunder.o(i.__mathlib_dbl_underflow)
    i._sys_exit                              0x080039d0   Section        0  uart.o(i._sys_exit)
    i.cos                                    0x080039d4   Section        0  cos.o(i.cos)
    i.delay_ms                               0x080039e4   Section        0  delay.o(i.delay_ms)
    i.delay_us                               0x08003a00   Section        0  delay.o(i.delay_us)
    i.dispaly_point                          0x08003a1a   Section        0  ili9486.o(i.dispaly_point)
    i.display_line                           0x08003a6c   Section        0  ili9486.o(i.display_line)
    i.fabs                                   0x08003ba8   Section        0  fabs.o(i.fabs)
    i.ferror                                 0x08003bc0   Section        0  uart.o(i.ferror)
    i.fputc                                  0x08003bc8   Section        0  uart.o(i.fputc)
    i.get_xyad_aveval                        0x08003bd8   Section        0  touch.o(i.get_xyad_aveval)
    i.init_timer6                            0x08003ce0   Section        0  touch.o(i.init_timer6)
    i.init_touch_gpio                        0x08003d30   Section        0  touch.o(i.init_touch_gpio)
    i.key_init                               0x08003e50   Section        0  led.o(i.key_init)
    i.lcd_dis_adjust_point                   0x08003ea4   Section        0  touch.o(i.lcd_dis_adjust_point)
    i.led_init                               0x08003ee8   Section        0  led.o(i.led_init)
    i.main                                   0x08003f9c   Section        0  main.o(i.main)
    i.return_xy_adval                        0x08004010   Section        0  touch.o(i.return_xy_adval)
    i.rev_touch_data                         0x0800406c   Section        0  touch.o(i.rev_touch_data)
    i.send_byte                              0x080040c4   Section        0  uart.o(i.send_byte)
    i.send_touch_cmd                         0x080040dc   Section        0  touch.o(i.send_touch_cmd)
    i.sendchar                               0x0800413c   Section        0  uart.o(i.sendchar)
    i.sin                                    0x0800414a   Section        0  sin.o(i.sin)
    i.systick_init                           0x0800415a   Section        0  main.o(i.systick_init)
    i.tim_in_init                            0x08004184   Section        0  tim_in_1.o(i.tim_in_init)
    i.touch_adjust                           0x08004354   Section        0  touch.o(i.touch_adjust)
    i.uart1_init                             0x08004664   Section        0  uart.o(i.uart1_init)
    i.uart1_int_init                         0x08004784   Section        0  uart.o(i.uart1_int_init)
    locale$$code                             0x0800484c   Section       44  lc_numeric_c.o(locale$$code)
    x$fpl$basic                              0x08004878   Section       24  basic.o(x$fpl$basic)
    $v0                                      0x08004878   Number         0  basic.o(x$fpl$basic)
    x$fpl$d2f                                0x08004890   Section       98  d2f.o(x$fpl$d2f)
    $v0                                      0x08004890   Number         0  d2f.o(x$fpl$d2f)
    x$fpl$dadd                               0x080048f4   Section      336  daddsub_clz.o(x$fpl$dadd)
    $v0                                      0x080048f4   Number         0  daddsub_clz.o(x$fpl$dadd)
    _dadd1                                   0x08004905   Thumb Code     0  daddsub_clz.o(x$fpl$dadd)
    x$fpl$ddiv                               0x08004a44   Section      688  ddiv.o(x$fpl$ddiv)
    $v0                                      0x08004a44   Number         0  ddiv.o(x$fpl$ddiv)
    ddiv_entry                               0x08004a4b   Thumb Code     0  ddiv.o(x$fpl$ddiv)
    x$fpl$dfix                               0x08004cf4   Section       94  dfix.o(x$fpl$dfix)
    $v0                                      0x08004cf4   Number         0  dfix.o(x$fpl$dfix)
    x$fpl$dflt                               0x08004d52   Section       46  dflt_clz.o(x$fpl$dflt)
    $v0                                      0x08004d52   Number         0  dflt_clz.o(x$fpl$dflt)
    x$fpl$dfltu                              0x08004d80   Section       38  dflt_clz.o(x$fpl$dfltu)
    $v0                                      0x08004d80   Number         0  dflt_clz.o(x$fpl$dfltu)
    x$fpl$dmul                               0x08004da8   Section      340  dmul.o(x$fpl$dmul)
    $v0                                      0x08004da8   Number         0  dmul.o(x$fpl$dmul)
    x$fpl$dnaninf                            0x08004efc   Section      156  dnaninf.o(x$fpl$dnaninf)
    $v0                                      0x08004efc   Number         0  dnaninf.o(x$fpl$dnaninf)
    x$fpl$dretinf                            0x08004f98   Section       12  dretinf.o(x$fpl$dretinf)
    $v0                                      0x08004f98   Number         0  dretinf.o(x$fpl$dretinf)
    x$fpl$drsb                               0x08004fa4   Section       22  daddsub_clz.o(x$fpl$drsb)
    $v0                                      0x08004fa4   Number         0  daddsub_clz.o(x$fpl$drsb)
    x$fpl$dsub                               0x08004fbc   Section      468  daddsub_clz.o(x$fpl$dsub)
    $v0                                      0x08004fbc   Number         0  daddsub_clz.o(x$fpl$dsub)
    _dsub1                                   0x08004fcd   Thumb Code     0  daddsub_clz.o(x$fpl$dsub)
    x$fpl$f2d                                0x08005190   Section       86  f2d.o(x$fpl$f2d)
    $v0                                      0x08005190   Number         0  f2d.o(x$fpl$f2d)
    x$fpl$fnaninf                            0x080051e6   Section      140  fnaninf.o(x$fpl$fnaninf)
    $v0                                      0x080051e6   Number         0  fnaninf.o(x$fpl$fnaninf)
    x$fpl$fpinit                             0x08005272   Section       10  fpinit.o(x$fpl$fpinit)
    $v0                                      0x08005272   Number         0  fpinit.o(x$fpl$fpinit)
    x$fpl$fretinf                            0x0800527c   Section       10  fretinf.o(x$fpl$fretinf)
    $v0                                      0x0800527c   Number         0  fretinf.o(x$fpl$fretinf)
    x$fpl$printf1                            0x08005286   Section        4  printf1.o(x$fpl$printf1)
    $v0                                      0x08005286   Number         0  printf1.o(x$fpl$printf1)
    .constdata                               0x0800528a   Section    115224  main.o(.constdata)
    x$fpl$usenofp                            0x0800528a   Section        0  usenofp.o(x$fpl$usenofp)
    .constdata                               0x080214a4   Section       16  touch.o(.constdata)
    .constdata                               0x080214b4   Section      256  os_core.o(.constdata)
    .constdata                               0x080215b8   Section       48  cos_i.o(.constdata)
    C                                        0x080215b8   Data          48  cos_i.o(.constdata)
    .constdata                               0x080215e8   Section      200  rred.o(.constdata)
    pio2s                                    0x080215e8   Data          48  rred.o(.constdata)
    twooverpi                                0x08021618   Data         152  rred.o(.constdata)
    .constdata                               0x080216b0   Section       40  sin_i.o(.constdata)
    S                                        0x080216b0   Data          40  sin_i.o(.constdata)
    .constdata                               0x080216d8   Section      148  bigflt0.o(.constdata)
    tenpwrs_x                                0x080216d8   Data          60  bigflt0.o(.constdata)
    tenpwrs_i                                0x08021714   Data          64  bigflt0.o(.constdata)
    locale$$data                             0x0802178c   Section       28  lc_numeric_c.o(locale$$data)
    __lcnum_c_name                           0x08021790   Data           2  lc_numeric_c.o(locale$$data)
    __lcnum_c_start                          0x08021798   Data           0  lc_numeric_c.o(locale$$data)
    __lcnum_c_point                          0x080217a4   Data           0  lc_numeric_c.o(locale$$data)
    __lcnum_c_thousands                      0x080217a6   Data           0  lc_numeric_c.o(locale$$data)
    __lcnum_c_grouping                       0x080217a7   Data           0  lc_numeric_c.o(locale$$data)
    __lcnum_c_end                            0x080217a8   Data           0  lc_numeric_c.o(locale$$data)
    .data                                    0x20000000   Section       20  uart.o(.data)
    rev_cnt                                  0x20000000   Data           4  uart.o(.data)
    group                                    0x20000004   Data           1  uart.o(.data)
    addr_cnt                                 0x20000008   Data           4  uart.o(.data)
    .data                                    0x20000014   Section        8  pwm_out.o(.data)
    .data                                    0x2000001c   Section        6  tim_in_1.o(.data)
    .data                                    0x20000022   Section        1  touch.o(.data)
    t_pen_buf                                0x20000022   Data           1  touch.o(.data)
    .data                                    0x20000024   Section       76  os_core.o(.data)
    .data                                    0x20000070   Section        4  os_cpu_c.o(.data)
    .bss                                     0x20000074   Section      516  uart.o(.bss)
    .bss                                     0x20000278   Section       30  touch.o(.bss)
    .bss                                     0x20000298   Section     3872  os_core.o(.bss)
    .bss                                     0x200011b8   Section      512  os_cpu_c.o(.bss)
    .bss                                     0x200013b8   Section       96  libspace.o(.bss)
    HEAP                                     0x20001418   Section      512  startup_stm32f40_41xxx.o(HEAP)
    Heap_Mem                                 0x20001418   Data         512  startup_stm32f40_41xxx.o(HEAP)
    STACK                                    0x20001618   Section     1024  startup_stm32f40_41xxx.o(STACK)
    Stack_Mem                                0x20001618   Data        1024  startup_stm32f40_41xxx.o(STACK)
    __initial_sp                             0x20001a18   Data           0  startup_stm32f40_41xxx.o(STACK)

    Global Symbols

    Symbol Name                              Value     Ov Type        Size  Object(Section)

    BuildAttributes$$THM_ISAv4$E$P$D$K$B$S$7EM$VFPi3$EXTD16$VFPS$VFMA$PE$A:L22UL41UL21$X:L11$S22US41US21$IEEE1$IW$USESV6$~STKCKD$USESV7$~SHL$OTIME$ROPI$IEEEX$EBA8$UX$STANDARDLIB$REQ8$PRES8$EABIv2 0x00000000   Number         0  anon$$obj.o ABSOLUTE
    __ARM_use_no_argv                        0x00000000   Number         0  main.o ABSOLUTE
    __ARM_exceptions_init                     - Undefined Weak Reference
    __alloca_initialize                       - Undefined Weak Reference
    __arm_preinit_                            - Undefined Weak Reference
    __cpp_initialize__aeabi_                  - Undefined Weak Reference
    __cxa_finalize                            - Undefined Weak Reference
    __sigvec_lookup                           - Undefined Weak Reference
    __user_heap_extent                        - Undefined Weak Reference
    _atexit_init                              - Undefined Weak Reference
    _call_atexit_fns                          - Undefined Weak Reference
    _clock_init                               - Undefined Weak Reference
    _fp_trap_init                             - Undefined Weak Reference
    _fp_trap_shutdown                         - Undefined Weak Reference
    _get_lc_collate                           - Undefined Weak Reference
    _get_lc_ctype                             - Undefined Weak Reference
    _get_lc_monetary                          - Undefined Weak Reference
    _get_lc_time                              - Undefined Weak Reference
    _getenv_init                              - Undefined Weak Reference
    _handle_redirection                       - Undefined Weak Reference
    _initio                                   - Undefined Weak Reference
    _mutex_acquire                            - Undefined Weak Reference
    _mutex_free                               - Undefined Weak Reference
    _mutex_release                            - Undefined Weak Reference
    _printf_post_padding                      - Undefined Weak Reference
    _printf_pre_padding                       - Undefined Weak Reference
    _printf_truncate_signed                   - Undefined Weak Reference
    _printf_truncate_unsigned                 - Undefined Weak Reference
    _rand_init                                - Undefined Weak Reference
    _signal_finish                            - Undefined Weak Reference
    _signal_init                              - Undefined Weak Reference
    _terminateio                              - Undefined Weak Reference
    __Vectors_Size                           0x00000188   Number         0  startup_stm32f40_41xxx.o ABSOLUTE
    __Vectors                                0x08000000   Data           4  startup_stm32f40_41xxx.o(RESET)
    __Vectors_End                            0x08000188   Data           0  startup_stm32f40_41xxx.o(RESET)
    __main                                   0x08000189   Thumb Code     8  __main.o(!!!main)
    __scatterload                            0x08000191   Thumb Code     0  __scatter.o(!!!scatter)
    __scatterload_rt2                        0x08000191   Thumb Code    44  __scatter.o(!!!scatter)
    __scatterload_rt2_thumb_only             0x08000191   Thumb Code     0  __scatter.o(!!!scatter)
    __scatterload_null                       0x0800019f   Thumb Code     0  __scatter.o(!!!scatter)
    __scatterload_copy                       0x080001c5   Thumb Code    26  __scatter_copy.o(!!handler_copy)
    __scatterload_zeroinit                   0x080001e1   Thumb Code    28  __scatter_zi.o(!!handler_zi)
    _printf_f                                0x080001fd   Thumb Code     0  _printf_f.o(.ARM.Collect$$_printf_percent$$00000003)
    _printf_percent                          0x080001fd   Thumb Code     0  _printf_percent.o(.ARM.Collect$$_printf_percent$$00000000)
    _printf_d                                0x08000203   Thumb Code     0  _printf_d.o(.ARM.Collect$$_printf_percent$$00000009)
    _printf_percent_end                      0x08000209   Thumb Code     0  _printf_percent_end.o(.ARM.Collect$$_printf_percent$$00000017)
    __rt_lib_init                            0x0800020d   Thumb Code     0  libinit.o(.ARM.Collect$$libinit$$00000000)
    __rt_lib_init_fp_1                       0x0800020f   Thumb Code     0  libinit2.o(.ARM.Collect$$libinit$$00000001)
    __rt_lib_init_heap_1                     0x08000213   Thumb Code     0  libinit2.o(.ARM.Collect$$libinit$$0000000A)
    __rt_lib_init_lc_common                  0x08000213   Thumb Code     0  libinit2.o(.ARM.Collect$$libinit$$0000000F)
    __rt_lib_init_preinit_1                  0x08000213   Thumb Code     0  libinit2.o(.ARM.Collect$$libinit$$00000004)
    __rt_lib_init_rand_1                     0x08000213   Thumb Code     0  libinit2.o(.ARM.Collect$$libinit$$0000000E)
    __rt_lib_init_user_alloc_1               0x08000213   Thumb Code     0  libinit2.o(.ARM.Collect$$libinit$$0000000C)
    __rt_lib_init_lc_collate_1               0x08000219   Thumb Code     0  libinit2.o(.ARM.Collect$$libinit$$00000011)
    __rt_lib_init_lc_ctype_1                 0x08000219   Thumb Code     0  libinit2.o(.ARM.Collect$$libinit$$00000013)
    __rt_lib_init_lc_monetary_1              0x08000219   Thumb Code     0  libinit2.o(.ARM.Collect$$libinit$$00000015)
    __rt_lib_init_lc_numeric_2               0x08000219   Thumb Code     0  libinit2.o(.ARM.Collect$$libinit$$00000016)
    __rt_lib_init_alloca_1                   0x08000223   Thumb Code     0  libinit2.o(.ARM.Collect$$libinit$$0000002E)
    __rt_lib_init_argv_1                     0x08000223   Thumb Code     0  libinit2.o(.ARM.Collect$$libinit$$0000002C)
    __rt_lib_init_atexit_1                   0x08000223   Thumb Code     0  libinit2.o(.ARM.Collect$$libinit$$0000001B)
    __rt_lib_init_clock_1                    0x08000223   Thumb Code     0  libinit2.o(.ARM.Collect$$libinit$$00000021)
    __rt_lib_init_cpp_1                      0x08000223   Thumb Code     0  libinit2.o(.ARM.Collect$$libinit$$00000032)
    __rt_lib_init_exceptions_1               0x08000223   Thumb Code     0  libinit2.o(.ARM.Collect$$libinit$$00000030)
    __rt_lib_init_fp_trap_1                  0x08000223   Thumb Code     0  libinit2.o(.ARM.Collect$$libinit$$0000001F)
    __rt_lib_init_getenv_1                   0x08000223   Thumb Code     0  libinit2.o(.ARM.Collect$$libinit$$00000023)
    __rt_lib_init_lc_numeric_1               0x08000223   Thumb Code     0  libinit2.o(.ARM.Collect$$libinit$$00000017)
    __rt_lib_init_lc_time_1                  0x08000223   Thumb Code     0  libinit2.o(.ARM.Collect$$libinit$$00000019)
    __rt_lib_init_return                     0x08000223   Thumb Code     0  libinit2.o(.ARM.Collect$$libinit$$00000033)
    __rt_lib_init_signal_1                   0x08000223   Thumb Code     0  libinit2.o(.ARM.Collect$$libinit$$0000001D)
    __rt_lib_init_stdio_1                    0x08000223   Thumb Code     0  libinit2.o(.ARM.Collect$$libinit$$00000025)
    __rt_lib_shutdown                        0x08000225   Thumb Code     0  libshutdown.o(.ARM.Collect$$libshutdown$$00000000)
    __rt_lib_shutdown_cpp_1                  0x08000227   Thumb Code     0  libshutdown2.o(.ARM.Collect$$libshutdown$$00000002)
    __rt_lib_shutdown_fp_trap_1              0x08000227   Thumb Code     0  libshutdown2.o(.ARM.Collect$$libshutdown$$00000007)
    __rt_lib_shutdown_heap_1                 0x08000227   Thumb Code     0  libshutdown2.o(.ARM.Collect$$libshutdown$$0000000F)
    __rt_lib_shutdown_return                 0x08000227   Thumb Code     0  libshutdown2.o(.ARM.Collect$$libshutdown$$00000010)
    __rt_lib_shutdown_signal_1               0x08000227   Thumb Code     0  libshutdown2.o(.ARM.Collect$$libshutdown$$0000000A)
    __rt_lib_shutdown_stdio_1                0x08000227   Thumb Code     0  libshutdown2.o(.ARM.Collect$$libshutdown$$00000004)
    __rt_lib_shutdown_user_alloc_1           0x08000227   Thumb Code     0  libshutdown2.o(.ARM.Collect$$libshutdown$$0000000C)
    __rt_entry                               0x08000229   Thumb Code     0  __rtentry.o(.ARM.Collect$$rtentry$$00000000)
    __rt_entry_presh_1                       0x08000229   Thumb Code     0  __rtentry2.o(.ARM.Collect$$rtentry$$00000002)
    __rt_entry_sh                            0x08000229   Thumb Code     0  __rtentry4.o(.ARM.Collect$$rtentry$$00000004)
    __rt_entry_li                            0x0800022f   Thumb Code     0  __rtentry2.o(.ARM.Collect$$rtentry$$0000000A)
    __rt_entry_postsh_1                      0x0800022f   Thumb Code     0  __rtentry2.o(.ARM.Collect$$rtentry$$00000009)
    __rt_entry_main                          0x08000233   Thumb Code     0  __rtentry2.o(.ARM.Collect$$rtentry$$0000000D)
    __rt_entry_postli_1                      0x08000233   Thumb Code     0  __rtentry2.o(.ARM.Collect$$rtentry$$0000000C)
    __rt_exit                                0x0800023b   Thumb Code     0  rtexit.o(.ARM.Collect$$rtexit$$00000000)
    __rt_exit_ls                             0x0800023d   Thumb Code     0  rtexit2.o(.ARM.Collect$$rtexit$$00000003)
    __rt_exit_prels_1                        0x0800023d   Thumb Code     0  rtexit2.o(.ARM.Collect$$rtexit$$00000002)
    __rt_exit_exit                           0x08000241   Thumb Code     0  rtexit2.o(.ARM.Collect$$rtexit$$00000004)
    Reset_Handler                            0x08000249   Thumb Code     8  startup_stm32f40_41xxx.o(.text)
    ADC_IRQHandler                           0x08000263   Thumb Code     0  startup_stm32f40_41xxx.o(.text)
    CAN1_RX0_IRQHandler                      0x08000263   Thumb Code     0  startup_stm32f40_41xxx.o(.text)
    CAN1_RX1_IRQHandler                      0x08000263   Thumb Code     0  startup_stm32f40_41xxx.o(.text)
    CAN1_SCE_IRQHandler                      0x08000263   Thumb Code     0  startup_stm32f40_41xxx.o(.text)
    CAN1_TX_IRQHandler                       0x08000263   Thumb Code     0  startup_stm32f40_41xxx.o(.text)
    CAN2_RX0_IRQHandler                      0x08000263   Thumb Code     0  startup_stm32f40_41xxx.o(.text)
    CAN2_RX1_IRQHandler                      0x08000263   Thumb Code     0  startup_stm32f40_41xxx.o(.text)
    CAN2_SCE_IRQHandler                      0x08000263   Thumb Code     0  startup_stm32f40_41xxx.o(.text)
    CAN2_TX_IRQHandler                       0x08000263   Thumb Code     0  startup_stm32f40_41xxx.o(.text)
    CRYP_IRQHandler                          0x08000263   Thumb Code     0  startup_stm32f40_41xxx.o(.text)
    DCMI_IRQHandler                          0x08000263   Thumb Code     0  startup_stm32f40_41xxx.o(.text)
    DMA1_Stream0_IRQHandler                  0x08000263   Thumb Code     0  startup_stm32f40_41xxx.o(.text)
    DMA1_Stream1_IRQHandler                  0x08000263   Thumb Code     0  startup_stm32f40_41xxx.o(.text)
    DMA1_Stream2_IRQHandler                  0x08000263   Thumb Code     0  startup_stm32f40_41xxx.o(.text)
    DMA1_Stream3_IRQHandler                  0x08000263   Thumb Code     0  startup_stm32f40_41xxx.o(.text)
    DMA1_Stream4_IRQHandler                  0x08000263   Thumb Code     0  startup_stm32f40_41xxx.o(.text)
    DMA1_Stream5_IRQHandler                  0x08000263   Thumb Code     0  startup_stm32f40_41xxx.o(.text)
    DMA1_Stream6_IRQHandler                  0x08000263   Thumb Code     0  startup_stm32f40_41xxx.o(.text)
    DMA1_Stream7_IRQHandler                  0x08000263   Thumb Code     0  startup_stm32f40_41xxx.o(.text)
    DMA2_Stream0_IRQHandler                  0x08000263   Thumb Code     0  startup_stm32f40_41xxx.o(.text)
    DMA2_Stream1_IRQHandler                  0x08000263   Thumb Code     0  startup_stm32f40_41xxx.o(.text)
    DMA2_Stream2_IRQHandler                  0x08000263   Thumb Code     0  startup_stm32f40_41xxx.o(.text)
    DMA2_Stream3_IRQHandler                  0x08000263   Thumb Code     0  startup_stm32f40_41xxx.o(.text)
    DMA2_Stream4_IRQHandler                  0x08000263   Thumb Code     0  startup_stm32f40_41xxx.o(.text)
    DMA2_Stream5_IRQHandler                  0x08000263   Thumb Code     0  startup_stm32f40_41xxx.o(.text)
    DMA2_Stream6_IRQHandler                  0x08000263   Thumb Code     0  startup_stm32f40_41xxx.o(.text)
    DMA2_Stream7_IRQHandler                  0x08000263   Thumb Code     0  startup_stm32f40_41xxx.o(.text)
    ETH_IRQHandler                           0x08000263   Thumb Code     0  startup_stm32f40_41xxx.o(.text)
    ETH_WKUP_IRQHandler                      0x08000263   Thumb Code     0  startup_stm32f40_41xxx.o(.text)
    EXTI0_IRQHandler                         0x08000263   Thumb Code     0  startup_stm32f40_41xxx.o(.text)
    EXTI15_10_IRQHandler                     0x08000263   Thumb Code     0  startup_stm32f40_41xxx.o(.text)
    EXTI1_IRQHandler                         0x08000263   Thumb Code     0  startup_stm32f40_41xxx.o(.text)
    EXTI2_IRQHandler                         0x08000263   Thumb Code     0  startup_stm32f40_41xxx.o(.text)
    EXTI3_IRQHandler                         0x08000263   Thumb Code     0  startup_stm32f40_41xxx.o(.text)
    EXTI4_IRQHandler                         0x08000263   Thumb Code     0  startup_stm32f40_41xxx.o(.text)
    EXTI9_5_IRQHandler                       0x08000263   Thumb Code     0  startup_stm32f40_41xxx.o(.text)
    FLASH_IRQHandler                         0x08000263   Thumb Code     0  startup_stm32f40_41xxx.o(.text)
    FPU_IRQHandler                           0x08000263   Thumb Code     0  startup_stm32f40_41xxx.o(.text)
    FSMC_IRQHandler                          0x08000263   Thumb Code     0  startup_stm32f40_41xxx.o(.text)
    HASH_RNG_IRQHandler                      0x08000263   Thumb Code     0  startup_stm32f40_41xxx.o(.text)
    I2C1_ER_IRQHandler                       0x08000263   Thumb Code     0  startup_stm32f40_41xxx.o(.text)
    I2C1_EV_IRQHandler                       0x08000263   Thumb Code     0  startup_stm32f40_41xxx.o(.text)
    I2C2_ER_IRQHandler                       0x08000263   Thumb Code     0  startup_stm32f40_41xxx.o(.text)
    I2C2_EV_IRQHandler                       0x08000263   Thumb Code     0  startup_stm32f40_41xxx.o(.text)
    I2C3_ER_IRQHandler                       0x08000263   Thumb Code     0  startup_stm32f40_41xxx.o(.text)
    I2C3_EV_IRQHandler                       0x08000263   Thumb Code     0  startup_stm32f40_41xxx.o(.text)
    OTG_FS_IRQHandler                        0x08000263   Thumb Code     0  startup_stm32f40_41xxx.o(.text)
    OTG_FS_WKUP_IRQHandler                   0x08000263   Thumb Code     0  startup_stm32f40_41xxx.o(.text)
    OTG_HS_EP1_IN_IRQHandler                 0x08000263   Thumb Code     0  startup_stm32f40_41xxx.o(.text)
    OTG_HS_EP1_OUT_IRQHandler                0x08000263   Thumb Code     0  startup_stm32f40_41xxx.o(.text)
    OTG_HS_IRQHandler                        0x08000263   Thumb Code     0  startup_stm32f40_41xxx.o(.text)
    OTG_HS_WKUP_IRQHandler                   0x08000263   Thumb Code     0  startup_stm32f40_41xxx.o(.text)
    PVD_IRQHandler                           0x08000263   Thumb Code     0  startup_stm32f40_41xxx.o(.text)
    RCC_IRQHandler                           0x08000263   Thumb Code     0  startup_stm32f40_41xxx.o(.text)
    RTC_Alarm_IRQHandler                     0x08000263   Thumb Code     0  startup_stm32f40_41xxx.o(.text)
    RTC_WKUP_IRQHandler                      0x08000263   Thumb Code     0  startup_stm32f40_41xxx.o(.text)
    SDIO_IRQHandler                          0x08000263   Thumb Code     0  startup_stm32f40_41xxx.o(.text)
    SPI1_IRQHandler                          0x08000263   Thumb Code     0  startup_stm32f40_41xxx.o(.text)
    SPI2_IRQHandler                          0x08000263   Thumb Code     0  startup_stm32f40_41xxx.o(.text)
    SPI3_IRQHandler                          0x08000263   Thumb Code     0  startup_stm32f40_41xxx.o(.text)
    TAMP_STAMP_IRQHandler                    0x08000263   Thumb Code     0  startup_stm32f40_41xxx.o(.text)
    TIM1_BRK_TIM9_IRQHandler                 0x08000263   Thumb Code     0  startup_stm32f40_41xxx.o(.text)
    TIM1_TRG_COM_TIM11_IRQHandler            0x08000263   Thumb Code     0  startup_stm32f40_41xxx.o(.text)
    TIM1_UP_TIM10_IRQHandler                 0x08000263   Thumb Code     0  startup_stm32f40_41xxx.o(.text)
    TIM2_IRQHandler                          0x08000263   Thumb Code     0  startup_stm32f40_41xxx.o(.text)
    TIM4_IRQHandler                          0x08000263   Thumb Code     0  startup_stm32f40_41xxx.o(.text)
    TIM5_IRQHandler                          0x08000263   Thumb Code     0  startup_stm32f40_41xxx.o(.text)
    TIM7_IRQHandler                          0x08000263   Thumb Code     0  startup_stm32f40_41xxx.o(.text)
    TIM8_BRK_TIM12_IRQHandler                0x08000263   Thumb Code     0  startup_stm32f40_41xxx.o(.text)
    TIM8_CC_IRQHandler                       0x08000263   Thumb Code     0  startup_stm32f40_41xxx.o(.text)
    TIM8_TRG_COM_TIM14_IRQHandler            0x08000263   Thumb Code     0  startup_stm32f40_41xxx.o(.text)
    TIM8_UP_TIM13_IRQHandler                 0x08000263   Thumb Code     0  startup_stm32f40_41xxx.o(.text)
    UART4_IRQHandler                         0x08000263   Thumb Code     0  startup_stm32f40_41xxx.o(.text)
    UART5_IRQHandler                         0x08000263   Thumb Code     0  startup_stm32f40_41xxx.o(.text)
    USART2_IRQHandler                        0x08000263   Thumb Code     0  startup_stm32f40_41xxx.o(.text)
    USART3_IRQHandler                        0x08000263   Thumb Code     0  startup_stm32f40_41xxx.o(.text)
    USART6_IRQHandler                        0x08000263   Thumb Code     0  startup_stm32f40_41xxx.o(.text)
    WWDG_IRQHandler                          0x08000263   Thumb Code     0  startup_stm32f40_41xxx.o(.text)
    __user_initial_stackheap                 0x08000265   Thumb Code     0  startup_stm32f40_41xxx.o(.text)
    OS_CPU_FP_Reg_Push                       0x08000289   Thumb Code     0  os_cpu_a.o(.text)
    OS_CPU_FP_Reg_Pop                        0x080002a3   Thumb Code     0  os_cpu_a.o(.text)
    OS_CPU_SR_Save                           0x080002b5   Thumb Code     0  os_cpu_a.o(.text)
    OS_CPU_SR_Restore                        0x080002bd   Thumb Code     0  os_cpu_a.o(.text)
    OSStartHighRdy                           0x080002c3   Thumb Code     0  os_cpu_a.o(.text)
    OSCtxSw                                  0x080002eb   Thumb Code     0  os_cpu_a.o(.text)
    OSIntCtxSw                               0x080002f5   Thumb Code     0  os_cpu_a.o(.text)
    OS_CPU_PendSVHandler                     0x080002ff   Thumb Code     0  os_cpu_a.o(.text)
    __I$use$semihosting                      0x08000365   Thumb Code     0  use_no_semi.o(.text)
    __use_no_semihosting_swi                 0x08000365   Thumb Code     2  use_no_semi.o(.text)
    __2printf                                0x08000369   Thumb Code    20  noretval__2printf.o(.text)
    __printf                                 0x08000381   Thumb Code   104  __printf.o(.text)
    _printf_int_dec                          0x080003e9   Thumb Code   104  _printf_dec.o(.text)
    __use_two_region_memory                  0x08000461   Thumb Code     2  heapauxi.o(.text)
    __rt_heap_escrow                         0x08000463   Thumb Code     2  heapauxi.o(.text)
    __rt_heap_expand                         0x08000465   Thumb Code     2  heapauxi.o(.text)
    __read_errno                             0x08000467   Thumb Code    10  _rserrno.o(.text)
    __set_errno                              0x08000471   Thumb Code    12  _rserrno.o(.text)
    _printf_int_common                       0x0800047d   Thumb Code   178  _printf_intcommon.o(.text)
    __lib_sel_fp_printf                      0x0800052f   Thumb Code     2  _printf_fp_dec.o(.text)
    _printf_fp_dec_real                      0x080006e1   Thumb Code   620  _printf_fp_dec.o(.text)
    _printf_char_file                        0x0800094d   Thumb Code    32  _printf_char_file.o(.text)
    __user_libspace                          0x08000971   Thumb Code     8  libspace.o(.text)
    __user_perproc_libspace                  0x08000971   Thumb Code     0  libspace.o(.text)
    __user_perthread_libspace                0x08000971   Thumb Code     0  libspace.o(.text)
    __rt_locale                              0x08000979   Thumb Code     8  rt_locale_intlibspace.o(.text)
    __aeabi_errno_addr                       0x08000981   Thumb Code     8  rt_errno_addr_intlibspace.o(.text)
    __errno$intlibspace                      0x08000981   Thumb Code     0  rt_errno_addr_intlibspace.o(.text)
    __rt_errno_addr$intlibspace              0x08000981   Thumb Code     0  rt_errno_addr_intlibspace.o(.text)
    _ll_udiv10                               0x08000989   Thumb Code   138  lludiv10.o(.text)
    _printf_char_common                      0x08000a1f   Thumb Code    32  _printf_char_common.o(.text)
    _printf_fp_infnan                        0x08000a45   Thumb Code   112  _printf_fp_infnan.o(.text)
    _btod_etento                             0x08000ac5   Thumb Code   224  bigflt0.o(.text)
    __user_setup_stackheap                   0x08000ba9   Thumb Code    74  sys_stackheap_outer.o(.text)
    exit                                     0x08000bf3   Thumb Code    18  exit.o(.text)
    strcmp                                   0x08000c05   Thumb Code   128  strcmpv7m.o(.text)
    _btod_d2e                                0x08000c85   Thumb Code    62  btod.o(CL$$btod_d2e)
    _d2e_denorm_low                          0x08000cc3   Thumb Code    70  btod.o(CL$$btod_d2e_denorm_low)
    _d2e_norm_op1                            0x08000d09   Thumb Code    96  btod.o(CL$$btod_d2e_norm_op1)
    __btod_div_common                        0x08000d69   Thumb Code   696  btod.o(CL$$btod_div_common)
    _e2e                                     0x080010a1   Thumb Code   220  btod.o(CL$$btod_e2e)
    _btod_ediv                               0x0800117d   Thumb Code    42  btod.o(CL$$btod_ediv)
    _btod_emul                               0x080011a7   Thumb Code    42  btod.o(CL$$btod_emul)
    __btod_mult_common                       0x080011d1   Thumb Code   580  btod.o(CL$$btod_mult_common)
    BusFault_Handler                         0x08001415   Thumb Code     4  stm32f4xx_it.o(i.BusFault_Handler)
    DebugMon_Handler                         0x08001419   Thumb Code     2  stm32f4xx_it.o(i.DebugMon_Handler)
    Delay_init                               0x0800141d   Thumb Code    56  delay.o(i.Delay_init)
    HardFault_Handler                        0x0800145d   Thumb Code     4  stm32f4xx_it.o(i.HardFault_Handler)
    LCD_Clear                                0x08001461   Thumb Code   110  ili9486.o(i.LCD_Clear)
    LCD_ILI9486_CMD                          0x080014d1   Thumb Code   460  ili9486.o(i.LCD_ILI9486_CMD)
    LCD_ILI9486_Parameter                    0x080016ad   Thumb Code   460  ili9486.o(i.LCD_ILI9486_Parameter)
    LCD_Init                                 0x08001889   Thumb Code   438  ili9486.o(i.LCD_Init)
    LCD_Port_Init                            0x08001a45   Thumb Code   344  ili9486.o(i.LCD_Port_Init)
    LCD_display_pic                          0x08001bb9   Thumb Code   158  ili9486.o(i.LCD_display_pic)
    MemManage_Handler                        0x08001c57   Thumb Code     4  stm32f4xx_it.o(i.MemManage_Handler)
    NMI_Handler                              0x08001c5b   Thumb Code     2  stm32f4xx_it.o(i.NMI_Handler)
    OSInit                                   0x08001c5d   Thumb Code    44  os_core.o(i.OSInit)
    OSInitHookBegin                          0x08001c89   Thumb Code    34  os_cpu_c.o(i.OSInitHookBegin)
    OSInitHookEnd                            0x08001cb9   Thumb Code     2  os_cpu_c.o(i.OSInitHookEnd)
    OSIntEnter                               0x08001cbd   Thumb Code    28  os_core.o(i.OSIntEnter)
    OSIntExit                                0x08001ce1   Thumb Code   112  os_core.o(i.OSIntExit)
    OSTCBInitHook                            0x08001d71   Thumb Code     2  os_cpu_c.o(i.OSTCBInitHook)
    OSTaskCreateExt                          0x08001d75   Thumb Code   170  os_task.o(i.OSTaskCreateExt)
    OSTaskCreateHook                         0x08001e2d   Thumb Code     2  os_cpu_c.o(i.OSTaskCreateHook)
    OSTaskDel                                0x08001e31   Thumb Code   306  os_task.o(i.OSTaskDel)
    OSTaskDelHook                            0x08001f91   Thumb Code     2  os_cpu_c.o(i.OSTaskDelHook)
    OSTaskIdleHook                           0x08001f93   Thumb Code     2  os_cpu_c.o(i.OSTaskIdleHook)
    OSTaskNameSet                            0x08001f95   Thumb Code    98  os_task.o(i.OSTaskNameSet)
    OSTaskReturnHook                         0x08002005   Thumb Code     2  os_cpu_c.o(i.OSTaskReturnHook)
    OSTaskStatHook                           0x08002007   Thumb Code     2  os_cpu_c.o(i.OSTaskStatHook)
    OSTaskStkChk                             0x08002009   Thumb Code   128  os_task.o(i.OSTaskStkChk)
    OSTaskStkInit                            0x08002091   Thumb Code   444  os_cpu_c.o(i.OSTaskStkInit)
    OSTaskSuspend                            0x080022b9   Thumb Code   152  os_task.o(i.OSTaskSuspend)
    OSTaskSwHook                             0x08002361   Thumb Code     2  os_cpu_c.o(i.OSTaskSwHook)
    OSTimeDly                                0x08002365   Thumb Code   100  os_time.o(i.OSTimeDly)
    OSTimeTick                               0x080023dd   Thumb Code   210  os_core.o(i.OSTimeTick)
    OSTimeTickHook                           0x080024c9   Thumb Code     2  os_cpu_c.o(i.OSTimeTickHook)
    OS_Dummy                                 0x080024cb   Thumb Code     2  os_core.o(i.OS_Dummy)
    OS_EventTaskRemove                       0x080024cd   Thumb Code    46  os_core.o(i.OS_EventTaskRemove)
    OS_EventTaskRemoveMulti                  0x080024fb   Thumb Code    58  os_core.o(i.OS_EventTaskRemoveMulti)
    OS_FlagInit                              0x08002535   Thumb Code    74  os_flag.o(i.OS_FlagInit)
    OS_FlagUnlink                            0x0800258d   Thumb Code    36  os_flag.o(i.OS_FlagUnlink)
    OS_MemClr                                0x080027d1   Thumb Code    18  os_core.o(i.OS_MemClr)
    OS_QInit                                 0x080027e5   Thumb Code    72  os_q.o(i.OS_QInit)
    OS_Sched                                 0x08002835   Thumb Code    88  os_core.o(i.OS_Sched)
    OS_TCBInit                               0x080028d5   Thumb Code   292  os_core.o(i.OS_TCBInit)
    OS_TaskIdle                              0x08002a15   Thumb Code    34  os_core.o(i.OS_TaskIdle)
    OS_TaskReturn                            0x08002a3d   Thumb Code    18  os_task.o(i.OS_TaskReturn)
    OS_TaskStat                              0x08002a55   Thumb Code   140  os_core.o(i.OS_TaskStat)
    OS_TaskStatStkChk                        0x08002af5   Thumb Code    54  os_core.o(i.OS_TaskStatStkChk)
    OS_TaskStkClr                            0x08002b31   Thumb Code    26  os_task.o(i.OS_TaskStkClr)
    SVC_Handler                              0x08002b4b   Thumb Code     2  stm32f4xx_it.o(i.SVC_Handler)
    SysTick_Handler                          0x08002c39   Thumb Code    16  main.o(i.SysTick_Handler)
    SystemInit                               0x08002c49   Thumb Code    88  system_stm32f4xx.o(i.SystemInit)
    TIM1_CC_IRQHandler                       0x08002cb1   Thumb Code   188  tim_in_1.o(i.TIM1_CC_IRQHandler)
    TIM3_IRQHandler                          0x08002d81   Thumb Code   204  pwm_out.o(i.TIM3_IRQHandler)
    TIM6_DAC_IRQHandler                      0x08002e59   Thumb Code   192  touch.o(i.TIM6_DAC_IRQHandler)
    USART1_IRQHandler                        0x08002f29   Thumb Code   166  uart.o(i.USART1_IRQHandler)
    UsageFault_Handler                       0x08002fe5   Thumb Code     4  stm32f4xx_it.o(i.UsageFault_Handler)
    __ARM_fpclassify                         0x08002fe9   Thumb Code    48  fpclassify.o(i.__ARM_fpclassify)
    __hardfp_cos                             0x08003019   Thumb Code   180  cos.o(i.__hardfp_cos)
    __hardfp_sin                             0x080030e1   Thumb Code   180  sin.o(i.__hardfp_sin)
    __ieee754_rem_pio2                       0x080031a9   Thumb Code   938  rred.o(i.__ieee754_rem_pio2)
    __kernel_cos                             0x080035e1   Thumb Code   322  cos_i.o(i.__kernel_cos)
    __kernel_poly                            0x08003751   Thumb Code   248  poly.o(i.__kernel_poly)
    __kernel_sin                             0x08003849   Thumb Code   280  sin_i.o(i.__kernel_sin)
    __mathlib_dbl_infnan                     0x08003979   Thumb Code    20  dunder.o(i.__mathlib_dbl_infnan)
    __mathlib_dbl_invalid                    0x08003991   Thumb Code    24  dunder.o(i.__mathlib_dbl_invalid)
    __mathlib_dbl_underflow                  0x080039b1   Thumb Code    24  dunder.o(i.__mathlib_dbl_underflow)
    _sys_exit                                0x080039d1   Thumb Code     4  uart.o(i._sys_exit)
    cos                                      0x080039d5   Thumb Code    16  cos.o(i.cos)
    delay_ms                                 0x080039e5   Thumb Code    28  delay.o(i.delay_ms)
    delay_us                                 0x08003a01   Thumb Code    26  delay.o(i.delay_us)
    dispaly_point                            0x08003a1b   Thumb Code    82  ili9486.o(i.dispaly_point)
    display_line                             0x08003a6d   Thumb Code   298  ili9486.o(i.display_line)
    fabs                                     0x08003ba9   Thumb Code    24  fabs.o(i.fabs)
    ferror                                   0x08003bc1   Thumb Code     8  uart.o(i.ferror)
    fputc                                    0x08003bc9   Thumb Code    14  uart.o(i.fputc)
    get_xyad_aveval                          0x08003bd9   Thumb Code   240  touch.o(i.get_xyad_aveval)
    init_timer6                              0x08003ce1   Thumb Code    70  touch.o(i.init_timer6)
    init_touch_gpio                          0x08003d31   Thumb Code   268  touch.o(i.init_touch_gpio)
    key_init                                 0x08003e51   Thumb Code    76  led.o(i.key_init)
    lcd_dis_adjust_point                     0x08003ea5   Thumb Code    68  touch.o(i.lcd_dis_adjust_point)
    led_init                                 0x08003ee9   Thumb Code   166  led.o(i.led_init)
    main                                     0x08003f9d   Thumb Code    88  main.o(i.main)
    return_xy_adval                          0x08004011   Thumb Code    82  touch.o(i.return_xy_adval)
    rev_touch_data                           0x0800406d   Thumb Code    84  touch.o(i.rev_touch_data)
    send_byte                                0x080040c5   Thumb Code    20  uart.o(i.send_byte)
    send_touch_cmd                           0x080040dd   Thumb Code    88  touch.o(i.send_touch_cmd)
    sendchar                                 0x0800413d   Thumb Code    14  uart.o(i.sendchar)
    sin                                      0x0800414b   Thumb Code    16  sin.o(i.sin)
    systick_init                             0x0800415b   Thumb Code    40  main.o(i.systick_init)
    tim_in_init                              0x08004185   Thumb Code   436  tim_in_1.o(i.tim_in_init)
    touch_adjust                             0x08004355   Thumb Code   620  touch.o(i.touch_adjust)
    uart1_init                               0x08004665   Thumb Code   266  uart.o(i.uart1_init)
    uart1_int_init                           0x08004785   Thumb Code   184  uart.o(i.uart1_int_init)
    _get_lc_numeric                          0x0800484d   Thumb Code    44  lc_numeric_c.o(locale$$code)
    __aeabi_dneg                             0x08004879   Thumb Code     0  basic.o(x$fpl$basic)
    _dneg                                    0x08004879   Thumb Code     6  basic.o(x$fpl$basic)
    __aeabi_fneg                             0x0800487f   Thumb Code     0  basic.o(x$fpl$basic)
    _fneg                                    0x0800487f   Thumb Code     6  basic.o(x$fpl$basic)
    _dabs                                    0x08004885   Thumb Code     6  basic.o(x$fpl$basic)
    _fabs                                    0x0800488b   Thumb Code     6  basic.o(x$fpl$basic)
    __aeabi_d2f                              0x08004891   Thumb Code     0  d2f.o(x$fpl$d2f)
    _d2f                                     0x08004891   Thumb Code    98  d2f.o(x$fpl$d2f)
    __aeabi_dadd                             0x080048f5   Thumb Code     0  daddsub_clz.o(x$fpl$dadd)
    _dadd                                    0x080048f5   Thumb Code   332  daddsub_clz.o(x$fpl$dadd)
    __aeabi_ddiv                             0x08004a45   Thumb Code     0  ddiv.o(x$fpl$ddiv)
    _ddiv                                    0x08004a45   Thumb Code   552  ddiv.o(x$fpl$ddiv)
    __aeabi_d2iz                             0x08004cf5   Thumb Code     0  dfix.o(x$fpl$dfix)
    _dfix                                    0x08004cf5   Thumb Code    94  dfix.o(x$fpl$dfix)
    __aeabi_i2d                              0x08004d53   Thumb Code     0  dflt_clz.o(x$fpl$dflt)
    _dflt                                    0x08004d53   Thumb Code    46  dflt_clz.o(x$fpl$dflt)
    __aeabi_ui2d                             0x08004d81   Thumb Code     0  dflt_clz.o(x$fpl$dfltu)
    _dfltu                                   0x08004d81   Thumb Code    38  dflt_clz.o(x$fpl$dfltu)
    __aeabi_dmul                             0x08004da9   Thumb Code     0  dmul.o(x$fpl$dmul)
    _dmul                                    0x08004da9   Thumb Code   332  dmul.o(x$fpl$dmul)
    __fpl_dnaninf                            0x08004efd   Thumb Code   156  dnaninf.o(x$fpl$dnaninf)
    __fpl_dretinf                            0x08004f99   Thumb Code    12  dretinf.o(x$fpl$dretinf)
    __aeabi_drsub                            0x08004fa5   Thumb Code     0  daddsub_clz.o(x$fpl$drsb)
    _drsb                                    0x08004fa5   Thumb Code    22  daddsub_clz.o(x$fpl$drsb)
    __aeabi_dsub                             0x08004fbd   Thumb Code     0  daddsub_clz.o(x$fpl$dsub)
    _dsub                                    0x08004fbd   Thumb Code   464  daddsub_clz.o(x$fpl$dsub)
    __aeabi_f2d                              0x08005191   Thumb Code     0  f2d.o(x$fpl$f2d)
    _f2d                                     0x08005191   Thumb Code    86  f2d.o(x$fpl$f2d)
    __fpl_fnaninf                            0x080051e7   Thumb Code   140  fnaninf.o(x$fpl$fnaninf)
    _fp_init                                 0x08005273   Thumb Code    10  fpinit.o(x$fpl$fpinit)
    __fplib_config_fpu_vfp                   0x0800527b   Thumb Code     0  fpinit.o(x$fpl$fpinit)
    __fplib_config_pureend_doubles           0x0800527b   Thumb Code     0  fpinit.o(x$fpl$fpinit)
    __fpl_fretinf                            0x0800527d   Thumb Code    10  fretinf.o(x$fpl$fretinf)
    _printf_fp_dec                           0x08005287   Thumb Code     4  printf1.o(x$fpl$printf1)
    __I$use$fp                               0x0800528a   Number         0  usenofp.o(x$fpl$usenofp)
    word                                     0x0800528a   Data          16  main.o(.constdata)
    gImage_11                                0x0800529a   Data       115208  main.o(.constdata)
    OSUnMapTbl                               0x080214b4   Data         256  os_core.o(.constdata)
    Region$$Table$$Base                      0x0802176c   Number         0  anon$$obj.o(Region$$Table)
    Region$$Table$$Limit                     0x0802178c   Number         0  anon$$obj.o(Region$$Table)
    __stdout                                 0x2000000c   Data           4  uart.o(.data)
    __stdin                                  0x20000010   Data           4  uart.o(.data)
    a                                        0x20000014   Data           4  pwm_out.o(.data)
    flag1                                    0x20000018   Data           4  pwm_out.o(.data)
    data                                     0x2000001c   Data           4  tim_in_1.o(.data)
    rec_ok                                   0x20000020   Data           1  tim_in_1.o(.data)
    flagg                                    0x20000021   Data           1  tim_in_1.o(.data)
    OSCtxSwCtr                               0x20000024   Data           4  os_core.o(.data)
    OSEventFreeList                          0x20000028   Data           4  os_core.o(.data)
    OSFlagFreeList                           0x2000002c   Data           4  os_core.o(.data)
    OSCPUUsage                               0x20000030   Data           1  os_core.o(.data)
    OSIdleCtrMax                             0x20000034   Data           4  os_core.o(.data)
    OSIdleCtrRun                             0x20000038   Data           4  os_core.o(.data)
    OSStatRdy                                0x2000003c   Data           1  os_core.o(.data)
    OSIntNesting                             0x2000003d   Data           1  os_core.o(.data)
    OSLockNesting                            0x2000003e   Data           1  os_core.o(.data)
    OSPrioCur                                0x2000003f   Data           1  os_core.o(.data)
    OSPrioHighRdy                            0x20000040   Data           1  os_core.o(.data)
    OSRdyGrp                                 0x20000041   Data           1  os_core.o(.data)
    OSRdyTbl                                 0x20000042   Data           8  os_core.o(.data)
    OSRunning                                0x2000004a   Data           1  os_core.o(.data)
    OSTaskCtr                                0x2000004b   Data           1  os_core.o(.data)
    OSIdleCtr                                0x2000004c   Data           4  os_core.o(.data)
    OSTCBCur                                 0x20000050   Data           4  os_core.o(.data)
    OSTCBFreeList                            0x20000054   Data           4  os_core.o(.data)
    OSTCBHighRdy                             0x20000058   Data           4  os_core.o(.data)
    OSTCBList                                0x2000005c   Data           4  os_core.o(.data)
    OSTickStepState                          0x20000060   Data           1  os_core.o(.data)
    OSQFreeList                              0x20000064   Data           4  os_core.o(.data)
    OSTaskRegNextAvailID                     0x20000068   Data           1  os_core.o(.data)
    OSTime                                   0x2000006c   Data           4  os_core.o(.data)
    OS_CPU_ExceptStkBase                     0x20000070   Data           4  os_cpu_c.o(.data)
    font_buffer                              0x20000074   Data         516  uart.o(.bss)
    t_adjust_para                            0x20000278   Data          20  touch.o(.bss)
    t_para                                   0x2000028c   Data          10  touch.o(.bss)
    OSEventTbl                               0x20000298   Data         480  os_core.o(.bss)
    OSFlagTbl                                0x20000478   Data          80  os_core.o(.bss)
    OSTaskStatStk                            0x200004c8   Data         512  os_core.o(.bss)
    OSTaskIdleStk                            0x200006c8   Data         512  os_core.o(.bss)
    OSTCBPrioTbl                             0x200008c8   Data         256  os_core.o(.bss)
    OSTCBTbl                                 0x200009c8   Data        1936  os_core.o(.bss)
    OSQTbl                                   0x20001158   Data          96  os_core.o(.bss)
    OS_CPU_ExceptStk                         0x200011b8   Data         512  os_cpu_c.o(.bss)
    __libspace_start                         0x200013b8   Data          96  libspace.o(.bss)
    __temporary_stack_top$libspace           0x20001418   Data           0  libspace.o(.bss)



==============================================================================

Memory Map of the image

  Image Entry point : 0x08000189

  Load Region LR_IROM1 (Base: 0x08000000, Size: 0x0002181c, Max: 0x00100000, ABSOLUTE)

    Execution Region ER_IROM1 (Exec base: 0x08000000, Load base: 0x08000000, Size: 0x000217a8, Max: 0x00100000, ABSOLUTE)

    Exec Addr    Load Addr    Size         Type   Attr      Idx    E Section Name        Object

    0x08000000   0x08000000   0x00000188   Data   RO            3    RESET               startup_stm32f40_41xxx.o
    0x08000188   0x08000188   0x00000008   Code   RO         1693  * !!!main             c_w.l(__main.o)
    0x08000190   0x08000190   0x00000034   Code   RO         2056    !!!scatter          c_w.l(__scatter.o)
    0x080001c4   0x080001c4   0x0000001a   Code   RO         2058    !!handler_copy      c_w.l(__scatter_copy.o)
    0x080001de   0x080001de   0x00000002   PAD
    0x080001e0   0x080001e0   0x0000001c   Code   RO         2060    !!handler_zi        c_w.l(__scatter_zi.o)
    0x080001fc   0x080001fc   0x00000000   Code   RO         1690    .ARM.Collect$$_printf_percent$$00000000  c_w.l(_printf_percent.o)
    0x080001fc   0x080001fc   0x00000006   Code   RO         1689    .ARM.Collect$$_printf_percent$$00000003  c_w.l(_printf_f.o)
    0x08000202   0x08000202   0x00000006   Code   RO         1688    .ARM.Collect$$_printf_percent$$00000009  c_w.l(_printf_d.o)
    0x08000208   0x08000208   0x00000004   Code   RO         1779    .ARM.Collect$$_printf_percent$$00000017  c_w.l(_printf_percent_end.o)
    0x0800020c   0x0800020c   0x00000002   Code   RO         1999    .ARM.Collect$$libinit$$00000000  c_w.l(libinit.o)
    0x0800020e   0x0800020e   0x00000004   Code   RO         1784    .ARM.Collect$$libinit$$00000001  c_w.l(libinit2.o)
    0x08000212   0x08000212   0x00000000   Code   RO         1787    .ARM.Collect$$libinit$$00000004  c_w.l(libinit2.o)
    0x08000212   0x08000212   0x00000000   Code   RO         1790    .ARM.Collect$$libinit$$0000000A  c_w.l(libinit2.o)
    0x08000212   0x08000212   0x00000000   Code   RO         1792    .ARM.Collect$$libinit$$0000000C  c_w.l(libinit2.o)
    0x08000212   0x08000212   0x00000000   Code   RO         1794    .ARM.Collect$$libinit$$0000000E  c_w.l(libinit2.o)
    0x08000212   0x08000212   0x00000006   Code   RO         1795    .ARM.Collect$$libinit$$0000000F  c_w.l(libinit2.o)
    0x08000218   0x08000218   0x00000000   Code   RO         1797    .ARM.Collect$$libinit$$00000011  c_w.l(libinit2.o)
    0x08000218   0x08000218   0x00000000   Code   RO         1799    .ARM.Collect$$libinit$$00000013  c_w.l(libinit2.o)
    0x08000218   0x08000218   0x00000000   Code   RO         1801    .ARM.Collect$$libinit$$00000015  c_w.l(libinit2.o)
    0x08000218   0x08000218   0x0000000a   Code   RO         1802    .ARM.Collect$$libinit$$00000016  c_w.l(libinit2.o)
    0x08000222   0x08000222   0x00000000   Code   RO         1803    .ARM.Collect$$libinit$$00000017  c_w.l(libinit2.o)
    0x08000222   0x08000222   0x00000000   Code   RO         1805    .ARM.Collect$$libinit$$00000019  c_w.l(libinit2.o)
    0x08000222   0x08000222   0x00000000   Code   RO         1807    .ARM.Collect$$libinit$$0000001B  c_w.l(libinit2.o)
    0x08000222   0x08000222   0x00000000   Code   RO         1809    .ARM.Collect$$libinit$$0000001D  c_w.l(libinit2.o)
    0x08000222   0x08000222   0x00000000   Code   RO         1811    .ARM.Collect$$libinit$$0000001F  c_w.l(libinit2.o)
    0x08000222   0x08000222   0x00000000   Code   RO         1813    .ARM.Collect$$libinit$$00000021  c_w.l(libinit2.o)
    0x08000222   0x08000222   0x00000000   Code   RO         1815    .ARM.Collect$$libinit$$00000023  c_w.l(libinit2.o)
    0x08000222   0x08000222   0x00000000   Code   RO         1817    .ARM.Collect$$libinit$$00000025  c_w.l(libinit2.o)
    0x08000222   0x08000222   0x00000000   Code   RO         1821    .ARM.Collect$$libinit$$0000002C  c_w.l(libinit2.o)
    0x08000222   0x08000222   0x00000000   Code   RO         1823    .ARM.Collect$$libinit$$0000002E  c_w.l(libinit2.o)
    0x08000222   0x08000222   0x00000000   Code   RO         1825    .ARM.Collect$$libinit$$00000030  c_w.l(libinit2.o)
    0x08000222   0x08000222   0x00000000   Code   RO         1827    .ARM.Collect$$libinit$$00000032  c_w.l(libinit2.o)
    0x08000222   0x08000222   0x00000002   Code   RO         1828    .ARM.Collect$$libinit$$00000033  c_w.l(libinit2.o)
    0x08000224   0x08000224   0x00000002   Code   RO         2053    .ARM.Collect$$libshutdown$$00000000  c_w.l(libshutdown.o)
    0x08000226   0x08000226   0x00000000   Code   RO         2011    .ARM.Collect$$libshutdown$$00000002  c_w.l(libshutdown2.o)
    0x08000226   0x08000226   0x00000000   Code   RO         2013    .ARM.Collect$$libshutdown$$00000004  c_w.l(libshutdown2.o)
    0x08000226   0x08000226   0x00000000   Code   RO         2016    .ARM.Collect$$libshutdown$$00000007  c_w.l(libshutdown2.o)
    0x08000226   0x08000226   0x00000000   Code   RO         2019    .ARM.Collect$$libshutdown$$0000000A  c_w.l(libshutdown2.o)
    0x08000226   0x08000226   0x00000000   Code   RO         2021    .ARM.Collect$$libshutdown$$0000000C  c_w.l(libshutdown2.o)
    0x08000226   0x08000226   0x00000000   Code   RO         2024    .ARM.Collect$$libshutdown$$0000000F  c_w.l(libshutdown2.o)
    0x08000226   0x08000226   0x00000002   Code   RO         2025    .ARM.Collect$$libshutdown$$00000010  c_w.l(libshutdown2.o)
    0x08000228   0x08000228   0x00000000   Code   RO         1739    .ARM.Collect$$rtentry$$00000000  c_w.l(__rtentry.o)
    0x08000228   0x08000228   0x00000000   Code   RO         1874    .ARM.Collect$$rtentry$$00000002  c_w.l(__rtentry2.o)
    0x08000228   0x08000228   0x00000006   Code   RO         1886    .ARM.Collect$$rtentry$$00000004  c_w.l(__rtentry4.o)
    0x0800022e   0x0800022e   0x00000000   Code   RO         1876    .ARM.Collect$$rtentry$$00000009  c_w.l(__rtentry2.o)
    0x0800022e   0x0800022e   0x00000004   Code   RO         1877    .ARM.Collect$$rtentry$$0000000A  c_w.l(__rtentry2.o)
    0x08000232   0x08000232   0x00000000   Code   RO         1879    .ARM.Collect$$rtentry$$0000000C  c_w.l(__rtentry2.o)
    0x08000232   0x08000232   0x00000008   Code   RO         1880    .ARM.Collect$$rtentry$$0000000D  c_w.l(__rtentry2.o)
    0x0800023a   0x0800023a   0x00000002   Code   RO         2000    .ARM.Collect$$rtexit$$00000000  c_w.l(rtexit.o)
    0x0800023c   0x0800023c   0x00000000   Code   RO         2027    .ARM.Collect$$rtexit$$00000002  c_w.l(rtexit2.o)
    0x0800023c   0x0800023c   0x00000004   Code   RO         2028    .ARM.Collect$$rtexit$$00000003  c_w.l(rtexit2.o)
    0x08000240   0x08000240   0x00000006   Code   RO         2029    .ARM.Collect$$rtexit$$00000004  c_w.l(rtexit2.o)
    0x08000246   0x08000246   0x00000002   PAD
    0x08000248   0x08000248   0x00000040   Code   RO            4    .text               startup_stm32f40_41xxx.o
    0x08000288   0x08000288   0x000000dc   Code   RO         1444    .text               os_cpu_a.o
    0x08000364   0x08000364   0x00000002   Code   RO         1602    .text               c_w.l(use_no_semi.o)
    0x08000366   0x08000366   0x00000002   PAD
    0x08000368   0x08000368   0x00000018   Code   RO         1662    .text               c_w.l(noretval__2printf.o)
    0x08000380   0x08000380   0x00000068   Code   RO         1664    .text               c_w.l(__printf.o)
    0x080003e8   0x080003e8   0x00000078   Code   RO         1666    .text               c_w.l(_printf_dec.o)
    0x08000460   0x08000460   0x00000006   Code   RO         1691    .text               c_w.l(heapauxi.o)
    0x08000466   0x08000466   0x00000016   Code   RO         1771    .text               c_w.l(_rserrno.o)
    0x0800047c   0x0800047c   0x000000b2   Code   RO         1773    .text               c_w.l(_printf_intcommon.o)
    0x0800052e   0x0800052e   0x0000041e   Code   RO         1775    .text               c_w.l(_printf_fp_dec.o)
    0x0800094c   0x0800094c   0x00000024   Code   RO         1777    .text               c_w.l(_printf_char_file.o)
    0x08000970   0x08000970   0x00000008   Code   RO         1870    .text               c_w.l(libspace.o)
    0x08000978   0x08000978   0x00000008   Code   RO         1891    .text               c_w.l(rt_locale_intlibspace.o)
    0x08000980   0x08000980   0x00000008   Code   RO         1896    .text               c_w.l(rt_errno_addr_intlibspace.o)
    0x08000988   0x08000988   0x0000008a   Code   RO         1906    .text               c_w.l(lludiv10.o)
    0x08000a12   0x08000a12   0x00000002   PAD
    0x08000a14   0x08000a14   0x00000030   Code   RO         1908    .text               c_w.l(_printf_char_common.o)
    0x08000a44   0x08000a44   0x00000080   Code   RO         1910    .text               c_w.l(_printf_fp_infnan.o)
    0x08000ac4   0x08000ac4   0x000000e4   Code   RO         1912    .text               c_w.l(bigflt0.o)
    0x08000ba8   0x08000ba8   0x0000004a   Code   RO         1974    .text               c_w.l(sys_stackheap_outer.o)
    0x08000bf2   0x08000bf2   0x00000012   Code   RO         1982    .text               c_w.l(exit.o)
    0x08000c04   0x08000c04   0x00000080   Code   RO         1988    .text               c_w.l(strcmpv7m.o)
    0x08000c84   0x08000c84   0x0000003e   Code   RO         1915    CL$$btod_d2e        c_w.l(btod.o)
    0x08000cc2   0x08000cc2   0x00000046   Code   RO         1917    CL$$btod_d2e_denorm_low  c_w.l(btod.o)
    0x08000d08   0x08000d08   0x00000060   Code   RO         1916    CL$$btod_d2e_norm_op1  c_w.l(btod.o)
    0x08000d68   0x08000d68   0x00000338   Code   RO         1925    CL$$btod_div_common  c_w.l(btod.o)
    0x080010a0   0x080010a0   0x000000dc   Code   RO         1922    CL$$btod_e2e        c_w.l(btod.o)
    0x0800117c   0x0800117c   0x0000002a   Code   RO         1919    CL$$btod_ediv       c_w.l(btod.o)
    0x080011a6   0x080011a6   0x0000002a   Code   RO         1918    CL$$btod_emul       c_w.l(btod.o)
    0x080011d0   0x080011d0   0x00000244   Code   RO         1924    CL$$btod_mult_common  c_w.l(btod.o)
    0x08001414   0x08001414   0x00000004   Code   RO           13    i.BusFault_Handler  stm32f4xx_it.o
    0x08001418   0x08001418   0x00000002   Code   RO           14    i.DebugMon_Handler  stm32f4xx_it.o
    0x0800141a   0x0800141a   0x00000002   PAD
    0x0800141c   0x0800141c   0x00000040   Code   RO          555    i.Delay_init        delay.o
    0x0800145c   0x0800145c   0x00000004   Code   RO           15    i.HardFault_Handler  stm32f4xx_it.o
    0x08001460   0x08001460   0x0000006e   Code   RO          474    i.LCD_Clear         ili9486.o
    0x080014ce   0x080014ce   0x00000002   PAD
    0x080014d0   0x080014d0   0x000001dc   Code   RO          475    i.LCD_ILI9486_CMD   ili9486.o
    0x080016ac   0x080016ac   0x000001dc   Code   RO          476    i.LCD_ILI9486_Parameter  ili9486.o
    0x08001888   0x08001888   0x000001bc   Code   RO          477    i.LCD_Init          ili9486.o
    0x08001a44   0x08001a44   0x00000174   Code   RO          478    i.LCD_Port_Init     ili9486.o
    0x08001bb8   0x08001bb8   0x0000009e   Code   RO          479    i.LCD_display_pic   ili9486.o
    0x08001c56   0x08001c56   0x00000004   Code   RO           16    i.MemManage_Handler  stm32f4xx_it.o
    0x08001c5a   0x08001c5a   0x00000002   Code   RO           17    i.NMI_Handler       stm32f4xx_it.o
    0x08001c5c   0x08001c5c   0x0000002c   Code   RO          694    i.OSInit            os_core.o
    0x08001c88   0x08001c88   0x00000030   Code   RO          902    i.OSInitHookBegin   os_cpu_c.o
    0x08001cb8   0x08001cb8   0x00000002   Code   RO          903    i.OSInitHookEnd     os_cpu_c.o
    0x08001cba   0x08001cba   0x00000002   PAD
    0x08001cbc   0x08001cbc   0x00000024   Code   RO          695    i.OSIntEnter        os_core.o
    0x08001ce0   0x08001ce0   0x00000090   Code   RO          696    i.OSIntExit         os_core.o
    0x08001d70   0x08001d70   0x00000002   Code   RO          904    i.OSTCBInitHook     os_cpu_c.o
    0x08001d72   0x08001d72   0x00000002   PAD
    0x08001d74   0x08001d74   0x000000b8   Code   RO         1302    i.OSTaskCreateExt   os_task.o
    0x08001e2c   0x08001e2c   0x00000002   Code   RO          905    i.OSTaskCreateHook  os_cpu_c.o
    0x08001e2e   0x08001e2e   0x00000002   PAD
    0x08001e30   0x08001e30   0x00000160   Code   RO         1303    i.OSTaskDel         os_task.o
    0x08001f90   0x08001f90   0x00000002   Code   RO          906    i.OSTaskDelHook     os_cpu_c.o
    0x08001f92   0x08001f92   0x00000002   Code   RO          907    i.OSTaskIdleHook    os_cpu_c.o
    0x08001f94   0x08001f94   0x00000070   Code   RO         1306    i.OSTaskNameSet     os_task.o
    0x08002004   0x08002004   0x00000002   Code   RO          908    i.OSTaskReturnHook  os_cpu_c.o
    0x08002006   0x08002006   0x00000002   Code   RO          909    i.OSTaskStatHook    os_cpu_c.o
    0x08002008   0x08002008   0x00000088   Code   RO         1312    i.OSTaskStkChk      os_task.o
    0x08002090   0x08002090   0x00000228   Code   RO          910    i.OSTaskStkInit     os_cpu_c.o
    0x080022b8   0x080022b8   0x000000a8   Code   RO         1313    i.OSTaskSuspend     os_task.o
    0x08002360   0x08002360   0x00000002   Code   RO          911    i.OSTaskSwHook      os_cpu_c.o
    0x08002362   0x08002362   0x00000002   PAD
    0x08002364   0x08002364   0x00000078   Code   RO         1402    i.OSTimeDly         os_time.o
    0x080023dc   0x080023dc   0x000000ec   Code   RO          701    i.OSTimeTick        os_core.o
    0x080024c8   0x080024c8   0x00000002   Code   RO          912    i.OSTimeTickHook    os_cpu_c.o
    0x080024ca   0x080024ca   0x00000002   Code   RO          703    i.OS_Dummy          os_core.o
    0x080024cc   0x080024cc   0x0000002e   Code   RO          705    i.OS_EventTaskRemove  os_core.o
    0x080024fa   0x080024fa   0x0000003a   Code   RO          706    i.OS_EventTaskRemoveMulti  os_core.o
    0x08002534   0x08002534   0x00000058   Code   RO          995    i.OS_FlagInit       os_flag.o
    0x0800258c   0x0800258c   0x00000024   Code   RO          997    i.OS_FlagUnlink     os_flag.o
    0x080025b0   0x080025b0   0x00000060   Code   RO          710    i.OS_InitEventList  os_core.o
    0x08002610   0x08002610   0x0000005c   Code   RO          711    i.OS_InitMisc       os_core.o
    0x0800266c   0x0800266c   0x00000044   Code   RO          712    i.OS_InitRdyList    os_core.o
    0x080026b0   0x080026b0   0x00000080   Code   RO          713    i.OS_InitTCBList    os_core.o
    0x08002730   0x08002730   0x00000050   Code   RO          714    i.OS_InitTaskIdle   os_core.o
    0x08002780   0x08002780   0x00000050   Code   RO          715    i.OS_InitTaskStat   os_core.o
    0x080027d0   0x080027d0   0x00000012   Code   RO          716    i.OS_MemClr         os_core.o
    0x080027e2   0x080027e2   0x00000002   PAD
    0x080027e4   0x080027e4   0x00000050   Code   RO         1184    i.OS_QInit          os_q.o
    0x08002834   0x08002834   0x00000074   Code   RO          718    i.OS_Sched          os_core.o
    0x080028a8   0x080028a8   0x0000002c   Code   RO          719    i.OS_SchedNew       os_core.o
    0x080028d4   0x080028d4   0x00000140   Code   RO          721    i.OS_TCBInit        os_core.o
    0x08002a14   0x08002a14   0x00000028   Code   RO          722    i.OS_TaskIdle       os_core.o
    0x08002a3c   0x08002a3c   0x00000018   Code   RO         1314    i.OS_TaskReturn     os_task.o
    0x08002a54   0x08002a54   0x000000a0   Code   RO          723    i.OS_TaskStat       os_core.o
    0x08002af4   0x08002af4   0x0000003c   Code   RO          724    i.OS_TaskStatStkChk  os_core.o
    0x08002b30   0x08002b30   0x0000001a   Code   RO         1315    i.OS_TaskStkClr     os_task.o
    0x08002b4a   0x08002b4a   0x00000002   Code   RO           19    i.SVC_Handler       stm32f4xx_it.o
    0x08002b4c   0x08002b4c   0x000000ec   Code   RO          106    i.SetSysClock       system_stm32f4xx.o
    0x08002c38   0x08002c38   0x00000010   Code   RO          147    i.SysTick_Handler   main.o
    0x08002c48   0x08002c48   0x00000068   Code   RO          108    i.SystemInit        system_stm32f4xx.o
    0x08002cb0   0x08002cb0   0x000000d0   Code   RO          432    i.TIM1_CC_IRQHandler  tim_in_1.o
    0x08002d80   0x08002d80   0x000000d8   Code   RO          374    i.TIM3_IRQHandler   pwm_out.o
    0x08002e58   0x08002e58   0x000000d0   Code   RO          603    i.TIM6_DAC_IRQHandler  touch.o
    0x08002f28   0x08002f28   0x000000bc   Code   RO          271    i.USART1_IRQHandler  uart.o
    0x08002fe4   0x08002fe4   0x00000004   Code   RO           20    i.UsageFault_Handler  stm32f4xx_it.o
    0x08002fe8   0x08002fe8   0x00000030   Code   RO         1969    i.__ARM_fpclassify  m_wm.l(fpclassify.o)
    0x08003018   0x08003018   0x000000c8   Code   RO         1713    i.__hardfp_cos      m_wm.l(cos.o)
    0x080030e0   0x080030e0   0x000000c8   Code   RO         1725    i.__hardfp_sin      m_wm.l(sin.o)
    0x080031a8   0x080031a8   0x00000438   Code   RO         1857    i.__ieee754_rem_pio2  m_wm.l(rred.o)
    0x080035e0   0x080035e0   0x00000170   Code   RO         1840    i.__kernel_cos      m_wm.l(cos_i.o)
    0x08003750   0x08003750   0x000000f8   Code   RO         1971    i.__kernel_poly     m_wm.l(poly.o)
    0x08003848   0x08003848   0x00000130   Code   RO         1862    i.__kernel_sin      m_wm.l(sin_i.o)
    0x08003978   0x08003978   0x00000014   Code   RO         1844    i.__mathlib_dbl_infnan  m_wm.l(dunder.o)
    0x0800398c   0x0800398c   0x00000004   PAD
    0x08003990   0x08003990   0x00000020   Code   RO         1846    i.__mathlib_dbl_invalid  m_wm.l(dunder.o)
    0x080039b0   0x080039b0   0x00000020   Code   RO         1849    i.__mathlib_dbl_underflow  m_wm.l(dunder.o)
    0x080039d0   0x080039d0   0x00000004   Code   RO          272    i._sys_exit         uart.o
    0x080039d4   0x080039d4   0x00000010   Code   RO         1715    i.cos               m_wm.l(cos.o)
    0x080039e4   0x080039e4   0x0000001c   Code   RO          558    i.delay_ms          delay.o
    0x08003a00   0x08003a00   0x0000001a   Code   RO          559    i.delay_us          delay.o
    0x08003a1a   0x08003a1a   0x00000052   Code   RO          480    i.dispaly_point     ili9486.o
    0x08003a6c   0x08003a6c   0x0000013c   Code   RO          481    i.display_line      ili9486.o
    0x08003ba8   0x08003ba8   0x00000018   Code   RO         1965    i.fabs              m_wm.l(fabs.o)
    0x08003bc0   0x08003bc0   0x00000008   Code   RO          274    i.ferror            uart.o
    0x08003bc8   0x08003bc8   0x0000000e   Code   RO          276    i.fputc             uart.o
    0x08003bd6   0x08003bd6   0x00000002   PAD
    0x08003bd8   0x08003bd8   0x00000108   Code   RO          604    i.get_xyad_aveval   touch.o
    0x08003ce0   0x08003ce0   0x00000050   Code   RO          605    i.init_timer6       touch.o
    0x08003d30   0x08003d30   0x00000120   Code   RO          606    i.init_touch_gpio   touch.o
    0x08003e50   0x08003e50   0x00000054   Code   RO          234    i.key_init          led.o
    0x08003ea4   0x08003ea4   0x00000044   Code   RO          607    i.lcd_dis_adjust_point  touch.o
    0x08003ee8   0x08003ee8   0x000000b4   Code   RO          236    i.led_init          led.o
    0x08003f9c   0x08003f9c   0x00000074   Code   RO          148    i.main              main.o
    0x08004010   0x08004010   0x0000005c   Code   RO          608    i.return_xy_adval   touch.o
    0x0800406c   0x0800406c   0x00000058   Code   RO          609    i.rev_touch_data    touch.o
    0x080040c4   0x080040c4   0x00000018   Code   RO          279    i.send_byte         uart.o
    0x080040dc   0x080040dc   0x00000060   Code   RO          610    i.send_touch_cmd    touch.o
    0x0800413c   0x0800413c   0x0000000e   Code   RO          280    i.sendchar          uart.o
    0x0800414a   0x0800414a   0x00000010   Code   RO         1727    i.sin               m_wm.l(sin.o)
    0x0800415a   0x0800415a   0x00000028   Code   RO          149    i.systick_init      main.o
    0x08004182   0x08004182   0x00000002   PAD
    0x08004184   0x08004184   0x000001d0   Code   RO          433    i.tim_in_init       tim_in_1.o
    0x08004354   0x08004354   0x00000310   Code   RO          611    i.touch_adjust      touch.o
    0x08004664   0x08004664   0x00000120   Code   RO          281    i.uart1_init        uart.o
    0x08004784   0x08004784   0x000000c8   Code   RO          282    i.uart1_int_init    uart.o
    0x0800484c   0x0800484c   0x0000002c   Code   RO         1938    locale$$code        c_w.l(lc_numeric_c.o)
    0x08004878   0x08004878   0x00000018   Code   RO         1829    x$fpl$basic         fz_wm.l(basic.o)
    0x08004890   0x08004890   0x00000062   Code   RO         1695    x$fpl$d2f           fz_wm.l(d2f.o)
    0x080048f2   0x080048f2   0x00000002   PAD
    0x080048f4   0x080048f4   0x00000150   Code   RO         1949    x$fpl$dadd          fz_wm.l(daddsub_clz.o)
    0x08004a44   0x08004a44   0x000002b0   Code   RO         1698    x$fpl$ddiv          fz_wm.l(ddiv.o)
    0x08004cf4   0x08004cf4   0x0000005e   Code   RO         1955    x$fpl$dfix          fz_wm.l(dfix.o)
    0x08004d52   0x08004d52   0x0000002e   Code   RO         1702    x$fpl$dflt          fz_wm.l(dflt_clz.o)
    0x08004d80   0x08004d80   0x00000026   Code   RO         1701    x$fpl$dfltu         fz_wm.l(dflt_clz.o)
    0x08004da6   0x08004da6   0x00000002   PAD
    0x08004da8   0x08004da8   0x00000154   Code   RO         1707    x$fpl$dmul          fz_wm.l(dmul.o)
    0x08004efc   0x08004efc   0x0000009c   Code   RO         1831    x$fpl$dnaninf       fz_wm.l(dnaninf.o)
    0x08004f98   0x08004f98   0x0000000c   Code   RO         1833    x$fpl$dretinf       fz_wm.l(dretinf.o)
    0x08004fa4   0x08004fa4   0x00000016   Code   RO         1950    x$fpl$drsb          fz_wm.l(daddsub_clz.o)
    0x08004fba   0x08004fba   0x00000002   PAD
    0x08004fbc   0x08004fbc   0x000001d4   Code   RO         1951    x$fpl$dsub          fz_wm.l(daddsub_clz.o)
    0x08005190   0x08005190   0x00000056   Code   RO         1709    x$fpl$f2d           fz_wm.l(f2d.o)
    0x080051e6   0x080051e6   0x0000008c   Code   RO         1835    x$fpl$fnaninf       fz_wm.l(fnaninf.o)
    0x08005272   0x08005272   0x0000000a   Code   RO         1959    x$fpl$fpinit        fz_wm.l(fpinit.o)
    0x0800527c   0x0800527c   0x0000000a   Code   RO         1837    x$fpl$fretinf       fz_wm.l(fretinf.o)
    0x08005286   0x08005286   0x00000004   Code   RO         1711    x$fpl$printf1       fz_wm.l(printf1.o)
    0x0800528a   0x0800528a   0x00000000   Code   RO         1839    x$fpl$usenofp       fz_wm.l(usenofp.o)
    0x0800528a   0x0800528a   0x0001c218   Data   RO          150    .constdata          main.o
    0x080214a2   0x080214a2   0x00000002   PAD
    0x080214a4   0x080214a4   0x00000010   Data   RO          613    .constdata          touch.o
    0x080214b4   0x080214b4   0x00000100   Data   RO          726    .constdata          os_core.o
    0x080215b4   0x080215b4   0x00000004   PAD
    0x080215b8   0x080215b8   0x00000030   Data   RO         1841    .constdata          m_wm.l(cos_i.o)
    0x080215e8   0x080215e8   0x000000c8   Data   RO         1859    .constdata          m_wm.l(rred.o)
    0x080216b0   0x080216b0   0x00000028   Data   RO         1863    .constdata          m_wm.l(sin_i.o)
    0x080216d8   0x080216d8   0x00000094   Data   RO         1913    .constdata          c_w.l(bigflt0.o)
    0x0802176c   0x0802176c   0x00000020   Data   RO         2054    Region$$Table       anon$$obj.o
    0x0802178c   0x0802178c   0x0000001c   Data   RO         1937    locale$$data        c_w.l(lc_numeric_c.o)


    Execution Region RW_IRAM1 (Exec base: 0x20000000, Load base: 0x080217a8, Size: 0x00001a18, Max: 0x00020000, ABSOLUTE)

    Exec Addr    Load Addr    Size         Type   Attr      Idx    E Section Name        Object

    0x20000000   0x080217a8   0x00000014   Data   RW          284    .data               uart.o
    0x20000014   0x080217bc   0x00000008   Data   RW          377    .data               pwm_out.o
    0x2000001c   0x080217c4   0x00000006   Data   RW          434    .data               tim_in_1.o
    0x20000022   0x080217ca   0x00000001   Data   RW          614    .data               touch.o
    0x20000023   0x080217cb   0x00000001   PAD
    0x20000024   0x080217cc   0x0000004c   Data   RW          727    .data               os_core.o
    0x20000070   0x08021818   0x00000004   Data   RW          914    .data               os_cpu_c.o
    0x20000074        -       0x00000204   Zero   RW          283    .bss                uart.o
    0x20000278        -       0x0000001e   Zero   RW          612    .bss                touch.o
    0x20000296   0x0802181c   0x00000002   PAD
    0x20000298        -       0x00000f20   Zero   RW          725    .bss                os_core.o
    0x200011b8        -       0x00000200   Zero   RW          913    .bss                os_cpu_c.o
    0x200013b8        -       0x00000060   Zero   RW         1871    .bss                c_w.l(libspace.o)
    0x20001418        -       0x00000200   Zero   RW            2    HEAP                startup_stm32f40_41xxx.o
    0x20001618        -       0x00000400   Zero   RW            1    STACK               startup_stm32f40_41xxx.o


==============================================================================

Image component sizes


      Code (inc. data)   RO Data    RW Data    ZI Data      Debug   Object Name

       118          8          0          0          0       1447   delay.o
      2434         84          0          0          0       6358   ili9486.o
       264         22          0          0          0        922   led.o
       172         28     115224          0          0      10662   main.o
      1868        334        256         76       3872      20162   os_core.o
       220         36          0          0          0        328   os_cpu_a.o
       618        122          0          4        512      14535   os_cpu_c.o
       124         14          0          0          0       1246   os_flag.o
        80          8          0          0          0        583   os_q.o
      1002        104          0          0          0       6133   os_task.o
       120         20          0          0          0        652   os_time.o
       216         12          0          8          0        756   pwm_out.o
        64         26        392          0       1536        872   startup_stm32f40_41xxx.o
        22          0          0          0          0     244363   stm32f4xx_it.o
       340         32          0          0          0       1629   system_stm32f4xx.o
       672         48          0          6          0       1963   tim_in_1.o
      1968        256         16          1         30      33468   touch.o
       740         64          0         20        516      33063   uart.o

    ----------------------------------------------------------------------
     11060       1218     115926        116       6468     379142   Object Totals
         0          0         32          0          0          0   (incl. Generated)
        18          0          6          1          2          0   (incl. Padding)

    ----------------------------------------------------------------------

      Code (inc. data)   RO Data    RW Data    ZI Data      Debug   Library Member Name

         8          0          0          0          0         68   __main.o
       104          0          0          0          0         84   __printf.o
         0          0          0          0          0          0   __rtentry.o
        12          0          0          0          0          0   __rtentry2.o
         6          0          0          0          0          0   __rtentry4.o
        52          8          0          0          0          0   __scatter.o
        26          0          0          0          0          0   __scatter_copy.o
        28          0          0          0          0          0   __scatter_zi.o
        48          6          0          0          0         96   _printf_char_common.o
        36          4          0          0          0         80   _printf_char_file.o
         6          0          0          0          0          0   _printf_d.o
       120         16          0          0          0         92   _printf_dec.o
         6          0          0          0          0          0   _printf_f.o
      1054          0          0          0          0        216   _printf_fp_dec.o
       128         16          0          0          0         84   _printf_fp_infnan.o
       178          0          0          0          0         88   _printf_intcommon.o
         0          0          0          0          0          0   _printf_percent.o
         4          0          0          0          0          0   _printf_percent_end.o
        22          0          0          0          0        100   _rserrno.o
       228          4        148          0          0         96   bigflt0.o
      1936        128          0          0          0        672   btod.o
        18          0          0          0          0         80   exit.o
         6          0          0          0          0        152   heapauxi.o
        44         10         28          0          0         76   lc_numeric_c.o
         2          0          0          0          0          0   libinit.o
        22          0          0          0          0          0   libinit2.o
         2          0          0          0          0          0   libshutdown.o
         2          0          0          0          0          0   libshutdown2.o
         8          4          0          0         96         68   libspace.o
       138          0          0          0          0         80   lludiv10.o
        24          4          0          0          0         84   noretval__2printf.o
         8          4          0          0          0         68   rt_errno_addr_intlibspace.o
         8          4          0          0          0         68   rt_locale_intlibspace.o
         2          0          0          0          0          0   rtexit.o
        10          0          0          0          0          0   rtexit2.o
       128          0          0          0          0         68   strcmpv7m.o
        74          0          0          0          0         80   sys_stackheap_outer.o
         2          0          0          0          0         68   use_no_semi.o
        24          0          0          0          0        164   basic.o
        98          4          0          0          0        140   d2f.o
       826         16          0          0          0        492   daddsub_clz.o
       688        140          0          0          0        256   ddiv.o
        94          4          0          0          0        140   dfix.o
        84          0          0          0          0        232   dflt_clz.o
       340         12          0          0          0        152   dmul.o
       156          4          0          0          0        140   dnaninf.o
        12          0          0          0          0        116   dretinf.o
        86          4          0          0          0        132   f2d.o
       140          4          0          0          0        132   fnaninf.o
        10          0          0          0          0        116   fpinit.o
        10          0          0          0          0        116   fretinf.o
         4          0          0          0          0        116   printf1.o
         0          0          0          0          0          0   usenofp.o
       216         20          0          0          0        288   cos.o
       368         46         48          0          0        200   cos_i.o
        84         16          0          0          0        372   dunder.o
        24          0          0          0          0        124   fabs.o
        48          0          0          0          0        124   fpclassify.o
       248          0          0          0          0        152   poly.o
      1080        142        200          0          0        188   rred.o
       216         20          0          0          0        288   sin.o
       304         24         40          0          0        208   sin_i.o

    ----------------------------------------------------------------------
      9678        664        464          0         96       6956   Library Totals
        18          0          0          0          0          0   (incl. Padding)

    ----------------------------------------------------------------------

      Code (inc. data)   RO Data    RW Data    ZI Data      Debug   Library Name

      4500        208        176          0         96       2568   c_w.l
      2572        188          0          0          0       2444   fz_wm.l
      2588        268        288          0          0       1944   m_wm.l

    ----------------------------------------------------------------------
      9678        664        464          0         96       6956   Library Totals

    ----------------------------------------------------------------------

==============================================================================


      Code (inc. data)   RO Data    RW Data    ZI Data      Debug   

     20738       1882     116390        116       6564     373746   Grand Totals
     20738       1882     116390        116       6564     373746   ELF Image Totals
     20738       1882     116390        116          0          0   ROM Totals

==============================================================================

    Total RO  Size (Code + RO Data)               137128 ( 133.91kB)
    Total RW  Size (RW Data + ZI Data)              6680 (   6.52kB)
    Total ROM Size (Code + RO Data + RW Data)     137244 ( 134.03kB)

==============================================================================

