Component: ARM Compiler 5.06 update 6 (build 750) Tool: armlink [4d35ed]

==============================================================================

Section Cross References

    startup_stm32f40_41xxx.o(STACK) refers (Special) to heapauxi.o(.text) for __use_two_region_memory
    startup_stm32f40_41xxx.o(HEAP) refers (Special) to heapauxi.o(.text) for __use_two_region_memory
    startup_stm32f40_41xxx.o(RESET) refers (Special) to heapauxi.o(.text) for __use_two_region_memory
    startup_stm32f40_41xxx.o(RESET) refers to startup_stm32f40_41xxx.o(STACK) for __initial_sp
    startup_stm32f40_41xxx.o(RESET) refers to startup_stm32f40_41xxx.o(.text) for Reset_Handler
    startup_stm32f40_41xxx.o(RESET) refers to stm32f4xx_it.o(i.NMI_Handler) for NMI_Handler
    startup_stm32f40_41xxx.o(RESET) refers to stm32f4xx_it.o(i.HardFault_Handler) for HardFault_Handler
    startup_stm32f40_41xxx.o(RESET) refers to stm32f4xx_it.o(i.MemManage_Handler) for MemManage_Handler
    startup_stm32f40_41xxx.o(RESET) refers to stm32f4xx_it.o(i.BusFault_Handler) for BusFault_Handler
    startup_stm32f40_41xxx.o(RESET) refers to stm32f4xx_it.o(i.UsageFault_Handler) for UsageFault_Handler
    startup_stm32f40_41xxx.o(RESET) refers to stm32f4xx_it.o(i.SVC_Handler) for SVC_Handler
    startup_stm32f40_41xxx.o(RESET) refers to stm32f4xx_it.o(i.DebugMon_Handler) for DebugMon_Handler
    startup_stm32f40_41xxx.o(RESET) refers to os_cpu_a.o(.text) for OS_CPU_PendSVHandler
    startup_stm32f40_41xxx.o(RESET) refers to main.o(i.SysTick_Handler) for SysTick_Handler
    startup_stm32f40_41xxx.o(RESET) refers to tim_in_1.o(i.TIM1_CC_IRQHandler) for TIM1_CC_IRQHandler
    startup_stm32f40_41xxx.o(RESET) refers to pwm_out.o(i.TIM3_IRQHandler) for TIM3_IRQHandler
    startup_stm32f40_41xxx.o(RESET) refers to uart.o(i.USART1_IRQHandler) for USART1_IRQHandler
    startup_stm32f40_41xxx.o(RESET) refers to touch.o(i.TIM6_DAC_IRQHandler) for TIM6_DAC_IRQHandler
    startup_stm32f40_41xxx.o(.text) refers (Special) to heapauxi.o(.text) for __use_two_region_memory
    startup_stm32f40_41xxx.o(.text) refers to system_stm32f4xx.o(i.SystemInit) for SystemInit
    startup_stm32f40_41xxx.o(.text) refers to __main.o(!!!main) for __main
    startup_stm32f40_41xxx.o(.text) refers to startup_stm32f40_41xxx.o(HEAP) for Heap_Mem
    startup_stm32f40_41xxx.o(.text) refers to startup_stm32f40_41xxx.o(STACK) for Stack_Mem
    system_stm32f4xx.o(i.SystemCoreClockUpdate) refers to system_stm32f4xx.o(.data) for SystemCoreClock
    system_stm32f4xx.o(i.SystemInit) refers to system_stm32f4xx.o(i.SetSysClock) for SetSysClock
    main.o(i.SysTick_Handler) refers to os_core.o(i.OSIntEnter) for OSIntEnter
    main.o(i.SysTick_Handler) refers to os_core.o(i.OSTimeTick) for OSTimeTick
    main.o(i.SysTick_Handler) refers to os_core.o(i.OSIntExit) for OSIntExit
    main.o(i.main) refers to _printf_percent.o(.ARM.Collect$$_printf_percent$$00000000) for _printf_percent
    main.o(i.main) refers to _printf_d.o(.ARM.Collect$$_printf_percent$$00000009) for _printf_d
    main.o(i.main) refers to _printf_s.o(.ARM.Collect$$_printf_percent$$00000014) for _printf_s
    main.o(i.main) refers to _printf_dec.o(.text) for _printf_int_dec
    main.o(i.main) refers to _printf_str.o(.text) for _printf_str
    main.o(i.main) refers to led.o(i.led_init) for led_init
    main.o(i.main) refers to led.o(i.key_init) for key_init
    main.o(i.main) refers to uart.o(i.uart1_init) for uart1_init
    main.o(i.main) refers to noretval__2printf.o(.text) for __2printf
    main.o(i.main) refers to can.o(i.init_can1) for init_can1
    main.o(i.main) refers to can.o(i.can1_send_msg) for can1_send_msg
    main.o(i.main) refers to can.o(i.can1_receive_msg) for can1_receive_msg
    main.o(i.main) refers to delay.o(i.delay_ms) for delay_ms
    main.o(i.main) refers to main.o(.data) for getid1
    main.o(i.main) refers to main.o(.bss) for rec_buf1
    led.o(i.key_status) refers to led.o(.data) for key_static
    uart.o(.rev16_text) refers (Special) to use_no_semi.o(.text) for __use_no_semihosting_swi
    uart.o(.revsh_text) refers (Special) to use_no_semi.o(.text) for __use_no_semihosting_swi
    uart.o(.rrx_text) refers (Special) to use_no_semi.o(.text) for __use_no_semihosting_swi
    uart.o(i.USART1_IRQHandler) refers (Special) to use_no_semi.o(.text) for __use_no_semihosting_swi
    uart.o(i.USART1_IRQHandler) refers to uart.o(.data) for group
    uart.o(i.USART1_IRQHandler) refers to uart.o(.bss) for font_buffer
    uart.o(i._sys_exit) refers (Special) to use_no_semi.o(.text) for __use_no_semihosting_swi
    uart.o(i._ttywrch) refers (Special) to use_no_semi.o(.text) for __use_no_semihosting_swi
    uart.o(i._ttywrch) refers to uart.o(i.sendchar) for sendchar
    uart.o(i.ferror) refers (Special) to use_no_semi.o(.text) for __use_no_semihosting_swi
    uart.o(i.fgetc) refers (Special) to use_no_semi.o(.text) for __use_no_semihosting_swi
    uart.o(i.fgetc) refers to uart.o(i.getkey) for getkey
[...]
    defsig_cppl_inner.o(.text) refers to defsig_general.o(.text) for __default_signal_display
    defsig_segv_inner.o(.text) refers to defsig_general.o(.text) for __default_signal_display
    defsig_other.o(.text) refers to defsig_general.o(.text) for __default_signal_display


==============================================================================

Removing Unused input sections from the image.

    Removing stm32f4xx_it.o(.rev16_text), (4 bytes).
    Removing stm32f4xx_it.o(.revsh_text), (4 bytes).
    Removing stm32f4xx_it.o(.rrx_text), (6 bytes).
    Removing stm32f4xx_it.o(i.PendSV_Handler), (2 bytes).
    Removing system_stm32f4xx.o(.rev16_text), (4 bytes).
    Removing system_stm32f4xx.o(.revsh_text), (4 bytes).
    Removing system_stm32f4xx.o(.rrx_text), (6 bytes).
    Removing system_stm32f4xx.o(i.SystemCoreClockUpdate), (192 bytes).
    Removing system_stm32f4xx.o(.data), (20 bytes).
    Removing main.o(.rev16_text), (4 bytes).
    Removing main.o(.revsh_text), (4 bytes).
    Removing main.o(.rrx_text), (6 bytes).
    Removing main.o(i.systick_init), (40 bytes).
    Removing led.o(.rev16_text), (4 bytes).
    Removing led.o(.revsh_text), (4 bytes).
    Removing led.o(.rrx_text), (6 bytes).
    Removing led.o(i.key_status), (236 bytes).
    Removing led.o(.data), (1 bytes).
    Removing uart.o(.rev16_text), (4 bytes).
    Removing uart.o(.revsh_text), (4 bytes).
    Removing uart.o(.rrx_text), (6 bytes).
    Removing uart.o(i._ttywrch), (12 bytes).
    Removing uart.o(i.fgetc), (10 bytes).
    Removing uart.o(i.getkey), (8 bytes).
    Removing uart.o(i.rev_byte), (28 bytes).
    Removing pwm_out.o(.rev16_text), (4 bytes).
    Removing pwm_out.o(.revsh_text), (4 bytes).
    Removing pwm_out.o(.rrx_text), (6 bytes).
    Removing pwm_out.o(i.NVIC_EncodePriority), (64 bytes).
    Removing pwm_out.o(i.pwm_io_init), (76 bytes).
    Removing pwm_out.o(i.pwm_out_init), (256 bytes).
    Removing tim_in_1.o(.rev16_text), (4 bytes).
    Removing tim_in_1.o(.revsh_text), (4 bytes).
    Removing tim_in_1.o(.rrx_text), (6 bytes).
    Removing tim_in_1.o(i.Get_key), (76 bytes).
    Removing tim_in_1.o(i.tim_in_init), (464 bytes).
    Removing ili9486.o(.rev16_text), (4 bytes).
    Removing ili9486.o(.revsh_text), (4 bytes).
    Removing ili9486.o(.rrx_text), (6 bytes).
    Removing ili9486.o(i.LCD_Clear), (110 bytes).
    Removing ili9486.o(i.LCD_ILI9486_CMD), (476 bytes).
    Removing ili9486.o(i.LCD_ILI9486_Parameter), (476 bytes).
    Removing ili9486.o(i.LCD_Init), (444 bytes).
    Removing ili9486.o(i.LCD_Port_Init), (372 bytes).
    Removing ili9486.o(i.LCD_display_pic), (158 bytes).
    Removing ili9486.o(i.dispaly_point), (82 bytes).
    Removing ili9486.o(i.display_line), (320 bytes).
    Removing ili9486.o(i.lcd_dis_txt), (98 bytes).
    Removing ili9486.o(i.play_Square), (84 bytes).
    Removing ili9486.o(i.play_string), (92 bytes).
    Removing delay.o(.rev16_text), (4 bytes).
    Removing delay.o(.revsh_text), (4 bytes).
    Removing delay.o(.rrx_text), (6 bytes).
    Removing delay.o(i.Delay_init), (64 bytes).
    Removing delay.o(i.Delay_ms), (68 bytes).
    Removing delay.o(i.Delay_us), (64 bytes).
    Removing touch.o(.rev16_text), (4 bytes).
    Removing touch.o(.revsh_text), (4 bytes).
    Removing touch.o(.rrx_text), (6 bytes).
    Removing touch.o(i.init_timer6), (80 bytes).
    Removing touch.o(i.init_touch_gpio), (288 bytes).
    Removing touch.o(i.lcd_dis_adjust_point), (68 bytes).
    Removing touch.o(i.touch_adjust), (768 bytes).
    Removing touch.o(.constdata), (16 bytes).
    Removing can.o(.rev16_text), (4 bytes).
    Removing can.o(.revsh_text), (4 bytes).
    Removing can.o(.rrx_text), (6 bytes).
    Removing os_core.o(i.OSEventNameGet), (104 bytes).
    Removing os_core.o(i.OSEventNameSet), (88 bytes).
    Removing os_core.o(i.OSEventPendMulti), (660 bytes).
    Removing os_core.o(i.OSInit), (44 bytes).
    Removing os_core.o(i.OSSchedLock), (64 bytes).
    Removing os_core.o(i.OSSchedUnlock), (96 bytes).
    Removing os_core.o(i.OSStart), (72 bytes).
    Removing os_core.o(i.OSStatInit), (76 bytes).
    Removing os_core.o(i.OSVersion), (6 bytes).
    Removing os_core.o(i.OS_Dummy), (2 bytes).
    Removing os_core.o(i.OS_EventTaskRdy), (144 bytes).
    Removing os_core.o(i.OS_EventTaskRemove), (46 bytes).
    Removing os_core.o(i.OS_EventTaskRemoveMulti), (58 bytes).
    Removing os_core.o(i.OS_EventTaskWait), (124 bytes).
    Removing os_core.o(i.OS_EventTaskWaitMulti), (148 bytes).
    Removing os_core.o(i.OS_EventWaitListInit), (28 bytes).
    Removing os_core.o(i.OS_InitEventList), (96 bytes).
    Removing os_core.o(i.OS_InitMisc), (92 bytes).
    Removing os_core.o(i.OS_InitRdyList), (68 bytes).
    Removing os_core.o(i.OS_InitTCBList), (128 bytes).
    Removing os_core.o(i.OS_InitTaskIdle), (80 bytes).
    Removing os_core.o(i.OS_InitTaskStat), (80 bytes).
    Removing os_core.o(i.OS_MemClr), (18 bytes).
    Removing os_core.o(i.OS_MemCopy), (20 bytes).
    Removing os_core.o(i.OS_Sched), (116 bytes).
    Removing os_core.o(i.OS_StrLen), (20 bytes).
    Removing os_core.o(i.OS_TCBInit), (320 bytes).
    Removing os_core.o(i.OS_TaskIdle), (40 bytes).
    Removing os_core.o(i.OS_TaskStat), (160 bytes).
    Removing os_core.o(i.OS_TaskStatStkChk), (60 bytes).
    Removing os_cpu_c.o(i.OSInitHookBegin), (48 bytes).
    Removing os_cpu_c.o(i.OSInitHookEnd), (2 bytes).
    Removing os_cpu_c.o(i.OSTCBInitHook), (2 bytes).
    Removing os_cpu_c.o(i.OSTaskCreateHook), (2 bytes).
    Removing os_cpu_c.o(i.OSTaskDelHook), (2 bytes).
    Removing os_cpu_c.o(i.OSTaskIdleHook), (2 bytes).
    Removing os_cpu_c.o(i.OSTaskReturnHook), (2 bytes).
    Removing os_cpu_c.o(i.OSTaskStatHook), (2 bytes).
    Removing os_cpu_c.o(i.OSTaskStkInit), (552 bytes).
    Removing os_cpu_c.o(.bss), (512 bytes).
    Removing os_flag.o(i.OSFlagAccept), (252 bytes).
    Removing os_flag.o(i.OSFlagCreate), (100 bytes).
    Removing os_flag.o(i.OSFlagDel), (228 bytes).
    Removing os_flag.o(i.OSFlagNameGet), (84 bytes).
    Removing os_flag.o(i.OSFlagNameSet), (72 bytes).
    Removing os_flag.o(i.OSFlagPend), (596 bytes).
    Removing os_flag.o(i.OSFlagPendGetFlagsRdy), (32 bytes).
    Removing os_flag.o(i.OSFlagPost), (320 bytes).
    Removing os_flag.o(i.OSFlagQuery), (48 bytes).
    Removing os_flag.o(i.OS_FlagBlock), (164 bytes).
    Removing os_flag.o(i.OS_FlagInit), (88 bytes).
    Removing os_flag.o(i.OS_FlagTaskRdy), (96 bytes).
    Removing os_flag.o(i.OS_FlagUnlink), (36 bytes).
    Removing os_mbox.o(i.OSMboxAccept), (38 bytes).
    Removing os_mbox.o(i.OSMboxCreate), (84 bytes).
    Removing os_mbox.o(i.OSMboxDel), (224 bytes).
    Removing os_mbox.o(i.OSMboxPend), (264 bytes).
    Removing os_mbox.o(i.OSMboxPendAbort), (128 bytes).
    Removing os_mbox.o(i.OSMboxPost), (80 bytes).
    Removing os_mbox.o(i.OSMboxPostOpt), (120 bytes).
    Removing os_mbox.o(i.OSMboxQuery), (76 bytes).
    Removing os_mutex.o(i.OSMutexAccept), (148 bytes).
    Removing os_mutex.o(i.OSMutexCreate), (164 bytes).
    Removing os_mutex.o(i.OSMutexDel), (308 bytes).
    Removing os_mutex.o(i.OSMutexPend), (588 bytes).
    Removing os_mutex.o(i.OSMutexPost), (208 bytes).
    Removing os_mutex.o(i.OSMutexQuery), (112 bytes).
    Removing os_mutex.o(i.OSMutex_RdyAtPrio), (132 bytes).
    Removing os_q.o(i.OSQAccept), (88 bytes).
    Removing os_q.o(i.OSQCreate), (160 bytes).
    Removing os_q.o(i.OSQDel), (260 bytes).
    Removing os_q.o(i.OSQFlush), (36 bytes).
    Removing os_q.o(i.OSQPend), (292 bytes).
    Removing os_q.o(i.OSQPendAbort), (128 bytes).
    Removing os_q.o(i.OSQPost), (114 bytes).
    Removing os_q.o(i.OSQPostFront), (116 bytes).
    Removing os_q.o(i.OSQPostOpt), (182 bytes).
    Removing os_q.o(i.OSQQuery), (98 bytes).
    Removing os_q.o(i.OS_QInit), (80 bytes).
    Removing os_sem.o(i.OSSemAccept), (42 bytes).
    Removing os_sem.o(i.OSSemCreate), (84 bytes).
    Removing os_sem.o(i.OSSemDel), (224 bytes).
    Removing os_sem.o(i.OSSemPend), (240 bytes).
    Removing os_sem.o(i.OSSemPendAbort), (128 bytes).
    Removing os_sem.o(i.OSSemPost), (88 bytes).
    Removing os_sem.o(i.OSSemQuery), (76 bytes).
    Removing os_sem.o(i.OSSemSet), (66 bytes).
    Removing os_task.o(i.OSTaskChangePrio), (416 bytes).
    Removing os_task.o(i.OSTaskCreate), (160 bytes).
    Removing os_task.o(i.OSTaskCreateExt), (184 bytes).
    Removing os_task.o(i.OSTaskDel), (352 bytes).
    Removing os_task.o(i.OSTaskDelReq), (108 bytes).
    Removing os_task.o(i.OSTaskNameGet), (128 bytes).
    Removing os_task.o(i.OSTaskNameSet), (112 bytes).
    Removing os_task.o(i.OSTaskQuery), (92 bytes).
    Removing os_task.o(i.OSTaskRegGet), (68 bytes).
    Removing os_task.o(i.OSTaskRegGetID), (64 bytes).
    Removing os_task.o(i.OSTaskRegSet), (72 bytes).
    Removing os_task.o(i.OSTaskResume), (176 bytes).
    Removing os_task.o(i.OSTaskStkChk), (136 bytes).
    Removing os_task.o(i.OSTaskSuspend), (168 bytes).
    Removing os_task.o(i.OS_TaskReturn), (24 bytes).
    Removing os_task.o(i.OS_TaskStkClr), (26 bytes).
    Removing os_time.o(i.OSTimeDly), (120 bytes).
    Removing os_time.o(i.OSTimeDlyHMSM), (96 bytes).
    Removing os_time.o(i.OSTimeDlyResume), (180 bytes).
    Removing os_time.o(i.OSTimeGet), (28 bytes).
    Removing os_time.o(i.OSTimeSet), (28 bytes).
    Removing start_task.o(.rev16_text), (4 bytes).
    Removing start_task.o(.revsh_text), (4 bytes).
    Removing start_task.o(.rrx_text), (6 bytes).
    Removing start_task.o(i.start_task), (248 bytes).
    Removing start_task.o(.bss), (2448 bytes).
    Removing start_task.o(.data), (29 bytes).
    Removing lcd_task.o(.rev16_text), (4 bytes).
    Removing lcd_task.o(.revsh_text), (4 bytes).
    Removing lcd_task.o(.rrx_text), (6 bytes).
    Removing lcd_task.o(i.lcd_task), (104 bytes).
    Removing lcd_task.o(.bss), (100 bytes).
    Removing lcd_task.o(.data), (115232 bytes).
    Removing play_task.o(.rev16_text), (4 bytes).
    Removing play_task.o(.revsh_text), (4 bytes).
    Removing play_task.o(.rrx_text), (6 bytes).
    Removing play_task.o(i.play_task), (60 bytes).
    Removing play_task.o(.bss), (100 bytes).
    Removing play_task.o(.data), (4 bytes).
    Removing check_task.o(.rev16_text), (4 bytes).
    Removing check_task.o(.revsh_text), (4 bytes).
    Removing check_task.o(.rrx_text), (6 bytes).
    Removing check_task.o(i.check_task), (116 bytes).
    Removing check_task.o(.bss), (172 bytes).
    Removing check_task.o(.data), (8 bytes).

199 unused section(s) (total 138658 bytes) removed from the image.

==============================================================================

Image Symbol Table

    Local Symbols

    Symbol Name                              Value     Ov Type        Size  Object(Section)

    ../clib/angel/boardlib.s                 0x00000000   Number         0  boardshut.o ABSOLUTE
    ../clib/angel/boardlib.s                 0x00000000   Number         0  boardinit3.o ABSOLUTE
    ../clib/angel/boardlib.s                 0x00000000   Number         0  boardinit2.o ABSOLUTE
    ../clib/angel/boardlib.s                 0x00000000   Number         0  boardinit1.o ABSOLUTE
    ../clib/angel/handlers.s                 0x00000000   Number         0  __scatter_zi.o ABSOLUTE
    ../clib/angel/handlers.s                 0x00000000   Number         0  __scatter_copy.o ABSOLUTE
    ../clib/angel/kernel.s                   0x00000000   Number         0  __rtentry.o ABSOLUTE
    ../clib/angel/kernel.s                   0x00000000   Number         0  __rtentry4.o ABSOLUTE
    ../clib/angel/kernel.s                   0x00000000   Number         0  rtexit2.o ABSOLUTE
    ../clib/angel/kernel.s                   0x00000000   Number         0  rtexit.o ABSOLUTE
    ../clib/angel/kernel.s                   0x00000000   Number         0  __rtentry2.o ABSOLUTE
    ../clib/angel/rt.s                       0x00000000   Number         0  rt_errno_addr_intlibspace.o ABSOLUTE
    ../clib/angel/rt.s                       0x00000000   Number         0  rt_locale_intlibspace.o ABSOLUTE
    ../clib/angel/rt.s                       0x00000000   Number         0  rt_locale.o ABSOLUTE
    ../clib/angel/rt.s                       0x00000000   Number         0  rt_errno_addr.o ABSOLUTE
    ../clib/angel/rt.s                       0x00000000   Number         0  rt_raise.o ABSOLUTE
    ../clib/angel/scatter.s                  0x00000000   Number         0  __scatter.o ABSOLUTE
    ../clib/angel/startup.s                  0x00000000   Number         0  __main.o ABSOLUTE
    ../clib/angel/sys.s                      0x00000000   Number         0  indicate_semi.o ABSOLUTE
    ../clib/angel/sys.s                      0x00000000   Number         0  sys_stackheap_outer.o ABSOLUTE
    ../clib/angel/sys.s                      0x00000000   Number         0  libspace.o ABSOLUTE
    ../clib/angel/sys.s                      0x00000000   Number         0  use_no_semi.o ABSOLUTE
    ../clib/angel/sysapp.c                   0x00000000   Number         0  sys_command.o ABSOLUTE
    ../clib/armsys.c                         0x00000000   Number         0  argv_veneer.o ABSOLUTE
    ../clib/armsys.c                         0x00000000   Number         0  argv_veneer.o ABSOLUTE
    ../clib/armsys.c                         0x00000000   Number         0  no_argv.o ABSOLUTE
    ../clib/armsys.c                         0x00000000   Number         0  _get_argv_nomalloc.o ABSOLUTE
    ../clib/bigflt.c                         0x00000000   Number         0  bigflt0.o ABSOLUTE
    ../clib/btod.s                           0x00000000   Number         0  btod.o ABSOLUTE
    ../clib/fenv.c                           0x00000000   Number         0  _rserrno.o ABSOLUTE
    ../clib/heapalloc.c                      0x00000000   Number         0  hrguard.o ABSOLUTE
    ../clib/heapaux.c                        0x00000000   Number         0  heapauxi.o ABSOLUTE
    ../clib/libinit.s                        0x00000000   Number         0  libinit2.o ABSOLUTE
    ../clib/libinit.s                        0x00000000   Number         0  libinit.o ABSOLUTE
    ../clib/libinit.s                        0x00000000   Number         0  libshutdown.o ABSOLUTE
    ../clib/libinit.s                        0x00000000   Number         0  libshutdown2.o ABSOLUTE
    ../clib/locale.s                         0x00000000   Number         0  lc_numeric_c.o ABSOLUTE
    ../clib/longlong.s                       0x00000000   Number         0  lludiv10.o ABSOLUTE
    ../clib/memcpset.s                       0x00000000   Number         0  strcmpv7m.o ABSOLUTE
    ../clib/printf.c                         0x00000000   Number         0  __printf_ss_wp.o ABSOLUTE
    ../clib/printf.c                         0x00000000   Number         0  __printf_flags_ss_wp.o ABSOLUTE
    ../clib/printf.c                         0x00000000   Number         0  __printf_nopercent.o ABSOLUTE
    ../clib/printf.c                         0x00000000   Number         0  __2printf.o ABSOLUTE
    ../clib/printf.c                         0x00000000   Number         0  _printf_fp_infnan.o ABSOLUTE
    ../clib/printf.c                         0x00000000   Number         0  _printf_char_common.o ABSOLUTE
    ../clib/printf.c                         0x00000000   Number         0  noretval__2printf.o ABSOLUTE
    ../clib/printf.c                         0x00000000   Number         0  _printf_char_file.o ABSOLUTE
    ../clib/printf.c                         0x00000000   Number         0  __printf.o ABSOLUTE
    ../clib/printf.c                         0x00000000   Number         0  _printf_char.o ABSOLUTE
    ../clib/printf.c                         0x00000000   Number         0  _printf_str.o ABSOLUTE
    ../clib/printf.c                         0x00000000   Number         0  _printf_fp_dec.o ABSOLUTE
    ../clib/printf.c                         0x00000000   Number         0  _printf_dec.o ABSOLUTE
    ../clib/printf.c                         0x00000000   Number         0  _printf_intcommon.o ABSOLUTE
    ../clib/printf.c                         0x00000000   Number         0  __printf_flags.o ABSOLUTE
    ../clib/printf.c                         0x00000000   Number         0  __printf_ss.o ABSOLUTE
    ../clib/printf.c                         0x00000000   Number         0  __printf_flags_ss.o ABSOLUTE
    ../clib/printf.c                         0x00000000   Number         0  __printf_wp.o ABSOLUTE
    ../clib/printf.c                         0x00000000   Number         0  __printf_flags_wp.o ABSOLUTE
    ../clib/printf_percent.s                 0x00000000   Number         0  _printf_d.o ABSOLUTE
    ../clib/printf_percent.s                 0x00000000   Number         0  _printf_s.o ABSOLUTE
    ../clib/printf_percent.s                 0x00000000   Number         0  _printf_percent.o ABSOLUTE
    ../clib/printf_percent.s                 0x00000000   Number         0  _printf_f.o ABSOLUTE
    ../clib/printf_percent.s                 0x00000000   Number         0  _printf_percent_end.o ABSOLUTE
    ../clib/signal.c                         0x00000000   Number         0  __raise.o ABSOLUTE
    ../clib/signal.c                         0x00000000   Number         0  defsig_other.o ABSOLUTE
    ../clib/signal.c                         0x00000000   Number         0  defsig_segv_inner.o ABSOLUTE
    ../clib/signal.c                         0x00000000   Number         0  defsig_cppl_inner.o ABSOLUTE
    ../clib/signal.c                         0x00000000   Number         0  defsig_pvfn_inner.o ABSOLUTE
    ../clib/signal.c                         0x00000000   Number         0  defsig_exit.o ABSOLUTE
    ../clib/signal.c                         0x00000000   Number         0  defsig_stak_inner.o ABSOLUTE
    ../clib/signal.c                         0x00000000   Number         0  defsig_rtred_inner.o ABSOLUTE
    ../clib/signal.c                         0x00000000   Number         0  defsig_rtmem_formal.o ABSOLUTE
    ../clib/signal.c                         0x00000000   Number         0  defsig_fpe_inner.o ABSOLUTE
    ../clib/signal.c                         0x00000000   Number         0  defsig_abrt_inner.o ABSOLUTE
    ../clib/signal.c                         0x00000000   Number         0  defsig_rtmem_outer.o ABSOLUTE
    ../clib/signal.c                         0x00000000   Number         0  defsig_general.o ABSOLUTE
    ../clib/signal.c                         0x00000000   Number         0  defsig_rtmem_inner.o ABSOLUTE
    ../clib/signal.s                         0x00000000   Number         0  defsig.o ABSOLUTE
    ../clib/stdlib.c                         0x00000000   Number         0  exit.o ABSOLUTE
    ../clib/string.c                         0x00000000   Number         0  strcpy.o ABSOLUTE
    ../fplib/basic.s                         0x00000000   Number         0  basic.o ABSOLUTE
    ../fplib/d2f.s                           0x00000000   Number         0  d2f.o ABSOLUTE
    ../fplib/daddsub.s                       0x00000000   Number         0  daddsub_clz.o ABSOLUTE
    ../fplib/ddiv.s                          0x00000000   Number         0  ddiv.o ABSOLUTE
    ../fplib/dfix.s                          0x00000000   Number         0  dfix.o ABSOLUTE
    ../fplib/dflt.s                          0x00000000   Number         0  dflt_clz.o ABSOLUTE
    ../fplib/dmul.s                          0x00000000   Number         0  dmul.o ABSOLUTE
    ../fplib/dnaninf.s                       0x00000000   Number         0  dnaninf.o ABSOLUTE
    ../fplib/dretinf.s                       0x00000000   Number         0  dretinf.o ABSOLUTE
    ../fplib/f2d.s                           0x00000000   Number         0  f2d.o ABSOLUTE
    ../fplib/fnaninf.s                       0x00000000   Number         0  fnaninf.o ABSOLUTE
    ../fplib/fpinit.s                        0x00000000   Number         0  fpinit.o ABSOLUTE
    ../fplib/fretinf.s                       0x00000000   Number         0  fretinf.o ABSOLUTE
    ../fplib/istatus.s                       0x00000000   Number         0  istatus.o ABSOLUTE
    ../fplib/printf1.s                       0x00000000   Number         0  printf1.o ABSOLUTE
    ../fplib/usenofp.s                       0x00000000   Number         0  usenofp.o ABSOLUTE
    ../mathlib/cos.c                         0x00000000   Number         0  cos.o ABSOLUTE
    ../mathlib/cos.c                         0x00000000   Number         0  cos_x.o ABSOLUTE
    ../mathlib/cos_i.c                       0x00000000   Number         0  cos_i.o ABSOLUTE
    ../mathlib/dunder.c                      0x00000000   Number         0  dunder.o ABSOLUTE
    ../mathlib/fabs.c                        0x00000000   Number         0  fabs.o ABSOLUTE
    ../mathlib/fpclassify.c                  0x00000000   Number         0  fpclassify.o ABSOLUTE
    ../mathlib/poly.c                        0x00000000   Number         0  poly.o ABSOLUTE
    ../mathlib/rred.c                        0x00000000   Number         0  rred.o ABSOLUTE
    ../mathlib/sin.c                         0x00000000   Number         0  sin_x.o ABSOLUTE
    ../mathlib/sin.c                         0x00000000   Number         0  sin.o ABSOLUTE
    ../mathlib/sin_i.c                       0x00000000   Number         0  sin_i.o ABSOLUTE
    ../mathlib/sin_i.c                       0x00000000   Number         0  sin_i_x.o ABSOLUTE
    ..\\cmsis\\src\\stm32f4xx_it.c           0x00000000   Number         0  stm32f4xx_it.o ABSOLUTE
    ..\\cmsis\\src\\system_stm32f4xx.c       0x00000000   Number         0  system_stm32f4xx.o ABSOLUTE
    ..\\ucosii_task\\src\\check_task.c       0x00000000   Number         0  check_task.o ABSOLUTE
    ..\\ucosii_task\\src\\lcd_task.c         0x00000000   Number         0  lcd_task.o ABSOLUTE
    ..\\ucosii_task\\src\\play_task.c        0x00000000   Number         0  play_task.o ABSOLUTE
    ..\\ucosii_task\\src\\start_task.c       0x00000000   Number         0  start_task.o ABSOLUTE
    ..\\user\\src\\UART.c                    0x00000000   Number         0  uart.o ABSOLUTE
    ..\\user\\src\\can.c                     0x00000000   Number         0  can.o ABSOLUTE
    ..\\user\\src\\delay.c                   0x00000000   Number         0  delay.o ABSOLUTE
    ..\\user\\src\\ili9486.c                 0x00000000   Number         0  ili9486.o ABSOLUTE
    ..\\user\\src\\led.c                     0x00000000   Number         0  led.o ABSOLUTE
    ..\\user\\src\\main.c                    0x00000000   Number         0  main.o ABSOLUTE
    ..\\user\\src\\pwm_out.c                 0x00000000   Number         0  pwm_out.o ABSOLUTE
    ..\\user\\src\\tim_in.c                  0x00000000   Number         0  tim_in_1.o ABSOLUTE
    ..\\user\\src\\touch.c                   0x00000000   Number         0  touch.o ABSOLUTE
    ..\cmsis\src\startup_stm32f40_41xxx.s    0x00000000   Number         0  startup_stm32f40_41xxx.o ABSOLUTE
    ..\cmsis\src\stm32f4xx_it.c              0x00000000   Number         0  stm32f4xx_it.o ABSOLUTE
    ..\cmsis\src\system_stm32f4xx.c          0x00000000   Number         0  system_stm32f4xx.o ABSOLUTE
    ..\ucosii_core\src\os_core.c             0x00000000   Number         0  os_core.o ABSOLUTE
    ..\ucosii_core\src\os_cpu_a.asm          0x00000000   Number         0  os_cpu_a.o ABSOLUTE
    ..\ucosii_core\src\os_cpu_c.c            0x00000000   Number         0  os_cpu_c.o ABSOLUTE
    ..\ucosii_core\src\os_flag.c             0x00000000   Number         0  os_flag.o ABSOLUTE
    ..\ucosii_core\src\os_mbox.c             0x00000000   Number         0  os_mbox.o ABSOLUTE
    ..\ucosii_core\src\os_mem.c              0x00000000   Number         0  os_mem.o ABSOLUTE
    ..\ucosii_core\src\os_mutex.c            0x00000000   Number         0  os_mutex.o ABSOLUTE
    ..\ucosii_core\src\os_q.c                0x00000000   Number         0  os_q.o ABSOLUTE
    ..\ucosii_core\src\os_sem.c              0x00000000   Number         0  os_sem.o ABSOLUTE
    ..\ucosii_core\src\os_task.c             0x00000000   Number         0  os_task.o ABSOLUTE
    ..\ucosii_core\src\os_time.c             0x00000000   Number         0  os_time.o ABSOLUTE
    ..\ucosii_core\src\os_tmr.c              0x00000000   Number         0  os_tmr.o ABSOLUTE
    ..\ucosii_task\src\check_task.c          0x00000000   Number         0  check_task.o ABSOLUTE
    ..\ucosii_task\src\lcd_task.c            0x00000000   Number         0  lcd_task.o ABSOLUTE
    ..\ucosii_task\src\play_task.c           0x00000000   Number         0  play_task.o ABSOLUTE
    ..\ucosii_task\src\start_task.c          0x00000000   Number         0  start_task.o ABSOLUTE
    ..\user\src\UART.c                       0x00000000   Number         0  uart.o ABSOLUTE
    ..\user\src\can.c                        0x00000000   Number         0  can.o ABSOLUTE
    ..\user\src\delay.c                      0x00000000   Number         0  delay.o ABSOLUTE
    ..\user\src\ili9486.c                    0x00000000   Number         0  ili9486.o ABSOLUTE
    ..\user\src\led.c                        0x00000000   Number         0  led.o ABSOLUTE
    ..\user\src\main.c                       0x00000000   Number         0  main.o ABSOLUTE
    ..\user\src\pwm_out.c                    0x00000000   Number         0  pwm_out.o ABSOLUTE
    ..\user\src\tim_in.c                     0x00000000   Number         0  tim_in_1.o ABSOLUTE
    ..\user\src\touch.c                      0x00000000   Number         0  touch.o ABSOLUTE
    dc.s                                     0x00000000   Number         0  dc.o ABSOLUTE
    RESET                                    0x08000000   Section      392  startup_stm32f40_41xxx.o(RESET)
    !!!main                                  0x08000188   Section        8  __main.o(!!!main)
    !!!scatter                               0x08000190   Section       52  __scatter.o(!!!scatter)
    !!handler_copy                           0x080001c4   Section       26  __scatter_copy.o(!!handler_copy)
    !!handler_zi                             0x080001e0   Section       28  __scatter_zi.o(!!handler_zi)
    .ARM.Collect$$_printf_percent$$00000000  0x080001fc   Section        0  _printf_percent.o(.ARM.Collect$$_printf_percent$$00000000)
    .ARM.Collect$$_printf_percent$$00000009  0x080001fc   Section        6  _printf_d.o(.ARM.Collect$$_printf_percent$$00000009)
    .ARM.Collect$$_printf_percent$$00000014  0x08000202   Section        6  _printf_s.o(.ARM.Collect$$_printf_percent$$00000014)
    .ARM.Collect$$_printf_percent$$00000017  0x08000208   Section        4  _printf_percent_end.o(.ARM.Collect$$_printf_percent$$00000017)
    .ARM.Collect$$libinit$$00000000          0x0800020c   Section        2  libinit.o(.ARM.Collect$$libinit$$00000000)
    .ARM.Collect$$libinit$$00000001          0x0800020e   Section        4  libinit2.o(.ARM.Collect$$libinit$$00000001)
    .ARM.Collect$$libinit$$00000004          0x08000212   Section        0  libinit2.o(.ARM.Collect$$libinit$$00000004)
    .ARM.Collect$$libinit$$0000000A          0x08000212   Section        0  libinit2.o(.ARM.Collect$$libinit$$0000000A)
    .ARM.Collect$$libinit$$0000000C          0x08000212   Section        0  libinit2.o(.ARM.Collect$$libinit$$0000000C)
    .ARM.Collect$$libinit$$0000000E          0x08000212   Section        0  libinit2.o(.ARM.Collect$$libinit$$0000000E)
    .ARM.Collect$$libinit$$00000011          0x08000212   Section        0  libinit2.o(.ARM.Collect$$libinit$$00000011)
    .ARM.Collect$$libinit$$00000013          0x08000212   Section        0  libinit2.o(.ARM.Collect$$libinit$$00000013)
    .ARM.Collect$$libinit$$00000015          0x08000212   Section        0  libinit2.o(.ARM.Collect$$libinit$$00000015)
    .ARM.Collect$$libinit$$00000017          0x08000212   Section        0  libinit2.o(.ARM.Collect$$libinit$$00000017)
    .ARM.Collect$$libinit$$00000019          0x08000212   Section        0  libinit2.o(.ARM.Collect$$libinit$$00000019)
    .ARM.Collect$$libinit$$0000001B          0x08000212   Section        0  libinit2.o(.ARM.Collect$$libinit$$0000001B)
    .ARM.Collect$$libinit$$0000001D          0x08000212   Section        0  libinit2.o(.ARM.Collect$$libinit$$0000001D)
    .ARM.Collect$$libinit$$0000001F          0x08000212   Section        0  libinit2.o(.ARM.Collect$$libinit$$0000001F)
    .ARM.Collect$$libinit$$00000021          0x08000212   Section        0  libinit2.o(.ARM.Collect$$libinit$$00000021)
    .ARM.Collect$$libinit$$00000023          0x08000212   Section        0  libinit2.o(.ARM.Collect$$libinit$$00000023)
    .ARM.Collect$$libinit$$00000025          0x08000212   Section        0  libinit2.o(.ARM.Collect$$libinit$$00000025)
    .ARM.Collect$$libinit$$0000002C          0x08000212   Section        0  libinit2.o(.ARM.Collect$$libinit$$0000002C)
    .ARM.Collect$$libinit$$0000002E          0x08000212   Section        0  libinit2.o(.ARM.Collect$$libinit$$0000002E)
    .ARM.Collect$$libinit$$00000030          0x08000212   Section        0  libinit2.o(.ARM.Collect$$libinit$$00000030)
    .ARM.Collect$$libinit$$00000032          0x08000212   Section        0  libinit2.o(.ARM.Collect$$libinit$$00000032)
    .ARM.Collect$$libinit$$00000033          0x08000212   Section        2  libinit2.o(.ARM.Collect$$libinit$$00000033)
    .ARM.Collect$$libshutdown$$00000000      0x08000214   Section        2  libshutdown.o(.ARM.Collect$$libshutdown$$00000000)
    .ARM.Collect$$libshutdown$$00000002      0x08000216   Section        0  libshutdown2.o(.ARM.Collect$$libshutdown$$00000002)
    .ARM.Collect$$libshutdown$$00000004      0x08000216   Section        0  libshutdown2.o(.ARM.Collect$$libshutdown$$00000004)
    .ARM.Collect$$libshutdown$$00000007      0x08000216   Section        0  libshutdown2.o(.ARM.Collect$$libshutdown$$00000007)
    .ARM.Collect$$libshutdown$$0000000A      0x08000216   Section        0  libshutdown2.o(.ARM.Collect$$libshutdown$$0000000A)
    .ARM.Collect$$libshutdown$$0000000C      0x08000216   Section        0  libshutdown2.o(.ARM.Collect$$libshutdown$$0000000C)
    .ARM.Collect$$libshutdown$$0000000F      0x08000216   Section        0  libshutdown2.o(.ARM.Collect$$libshutdown$$0000000F)
    .ARM.Collect$$libshutdown$$00000010      0x08000216   Section        2  libshutdown2.o(.ARM.Collect$$libshutdown$$00000010)
    .ARM.Collect$$rtentry$$00000000          0x08000218   Section        0  __rtentry.o(.ARM.Collect$$rtentry$$00000000)
    .ARM.Collect$$rtentry$$00000002          0x08000218   Section        0  __rtentry2.o(.ARM.Collect$$rtentry$$00000002)
    .ARM.Collect$$rtentry$$00000004          0x08000218   Section        6  __rtentry4.o(.ARM.Collect$$rtentry$$00000004)
    .ARM.Collect$$rtentry$$00000009          0x0800021e   Section        0  __rtentry2.o(.ARM.Collect$$rtentry$$00000009)
    .ARM.Collect$$rtentry$$0000000A          0x0800021e   Section        4  __rtentry2.o(.ARM.Collect$$rtentry$$0000000A)
    .ARM.Collect$$rtentry$$0000000C          0x08000222   Section        0  __rtentry2.o(.ARM.Collect$$rtentry$$0000000C)
    .ARM.Collect$$rtentry$$0000000D          0x08000222   Section        8  __rtentry2.o(.ARM.Collect$$rtentry$$0000000D)
    .ARM.Collect$$rtexit$$00000000           0x0800022a   Section        2  rtexit.o(.ARM.Collect$$rtexit$$00000000)
    .ARM.Collect$$rtexit$$00000002           0x0800022c   Section        0  rtexit2.o(.ARM.Collect$$rtexit$$00000002)
    .ARM.Collect$$rtexit$$00000003           0x0800022c   Section        4  rtexit2.o(.ARM.Collect$$rtexit$$00000003)
    .ARM.Collect$$rtexit$$00000004           0x08000230   Section        6  rtexit2.o(.ARM.Collect$$rtexit$$00000004)
    .text                                    0x08000238   Section       64  startup_stm32f40_41xxx.o(.text)
    $v0                                      0x08000238   Number         0  startup_stm32f40_41xxx.o(.text)
    .text                                    0x08000278   Section      220  os_cpu_a.o(.text)
    $v0                                      0x08000278   Number         0  os_cpu_a.o(.text)
    .text                                    0x08000354   Section        2  use_no_semi.o(.text)
    .text                                    0x08000358   Section        0  noretval__2printf.o(.text)
    .text                                    0x08000370   Section        0  __printf.o(.text)
    .text                                    0x080003d8   Section        0  _printf_str.o(.text)
    .text                                    0x0800042c   Section        0  _printf_dec.o(.text)
    .text                                    0x080004a4   Section        0  heapauxi.o(.text)
    .text                                    0x080004aa   Section        0  _printf_intcommon.o(.text)
    .text                                    0x0800055c   Section        0  _printf_char.o(.text)
    .text                                    0x08000588   Section        0  _printf_char_file.o(.text)
    .text                                    0x080005ac   Section        0  _printf_char_common.o(.text)
    _printf_input_char                       0x080005ad   Thumb Code    10  _printf_char_common.o(.text)
    .text                                    0x080005dc   Section        8  libspace.o(.text)
    .text                                    0x080005e4   Section       74  sys_stackheap_outer.o(.text)
    .text                                    0x0800062e   Section        0  exit.o(.text)
    i.BusFault_Handler                       0x08000640   Section        0  stm32f4xx_it.o(i.BusFault_Handler)
    i.DebugMon_Handler                       0x08000644   Section        0  stm32f4xx_it.o(i.DebugMon_Handler)
    i.HardFault_Handler                      0x08000646   Section        0  stm32f4xx_it.o(i.HardFault_Handler)
    i.MemManage_Handler                      0x0800064a   Section        0  stm32f4xx_it.o(i.MemManage_Handler)
    i.NMI_Handler                            0x0800064e   Section        0  stm32f4xx_it.o(i.NMI_Handler)
    i.OSIntEnter                             0x08000650   Section        0  os_core.o(i.OSIntEnter)
    i.OSIntExit                              0x08000674   Section        0  os_core.o(i.OSIntExit)
    i.OSTaskSwHook                           0x08000704   Section        0  os_cpu_c.o(i.OSTaskSwHook)
    i.OSTimeTick                             0x08000708   Section        0  os_core.o(i.OSTimeTick)
    i.OSTimeTickHook                         0x080007f4   Section        0  os_cpu_c.o(i.OSTimeTickHook)
    i.OS_SchedNew                            0x080007f8   Section        0  os_core.o(i.OS_SchedNew)
    OS_SchedNew                              0x080007f9   Thumb Code    26  os_core.o(i.OS_SchedNew)
    i.SVC_Handler                            0x08000824   Section        0  stm32f4xx_it.o(i.SVC_Handler)
    i.SetSysClock                            0x08000828   Section        0  system_stm32f4xx.o(i.SetSysClock)
    SetSysClock                              0x08000829   Thumb Code   220  system_stm32f4xx.o(i.SetSysClock)
    i.SysTick_Handler                        0x08000914   Section        0  main.o(i.SysTick_Handler)
    i.SystemInit                             0x08000924   Section        0  system_stm32f4xx.o(i.SystemInit)
    i.TIM1_CC_IRQHandler                     0x0800098c   Section        0  tim_in_1.o(i.TIM1_CC_IRQHandler)
    i.TIM3_IRQHandler                        0x08000a5c   Section        0  pwm_out.o(i.TIM3_IRQHandler)
    i.TIM6_DAC_IRQHandler                    0x08000b34   Section        0  touch.o(i.TIM6_DAC_IRQHandler)
    i.USART1_IRQHandler                      0x08000c04   Section        0  uart.o(i.USART1_IRQHandler)
    i.UsageFault_Handler                     0x08000cc0   Section        0  stm32f4xx_it.o(i.UsageFault_Handler)
    i._sys_exit                              0x08000cc4   Section        0  uart.o(i._sys_exit)
    i.can1_fifo_status                       0x08000cc8   Section        0  can.o(i.can1_fifo_status)
    i.can1_receive_msg                       0x08000cf0   Section        0  can.o(i.can1_receive_msg)
    i.can1_rx_msg                            0x08000d2c   Section        0  can.o(i.can1_rx_msg)
    i.can1_send_msg                          0x08000e28   Section        0  can.o(i.can1_send_msg)
    i.can1_tx_msg                            0x08000e6c   Section        0  can.o(i.can1_tx_msg)
    i.can1_tx_status                         0x08001024   Section        0  can.o(i.can1_tx_status)
    i.delay_ms                               0x080010a8   Section        0  delay.o(i.delay_ms)
    i.delay_us                               0x080010c4   Section        0  delay.o(i.delay_us)
    i.ferror                                 0x080010de   Section        0  uart.o(i.ferror)
    i.fputc                                  0x080010e6   Section        0  uart.o(i.fputc)
    i.get_xyad_aveval                        0x080010f4   Section        0  touch.o(i.get_xyad_aveval)
    i.init_can1                              0x080011fc   Section        0  can.o(i.init_can1)
    i.key_init                               0x080013d8   Section        0  led.o(i.key_init)
    i.led_init                               0x0800142c   Section        0  led.o(i.led_init)
    i.main                                   0x080014e0   Section        0  main.o(i.main)
    i.return_xy_adval                        0x0800157c   Section        0  touch.o(i.return_xy_adval)
    i.rev_touch_data                         0x080015d8   Section        0  touch.o(i.rev_touch_data)
    i.send_byte                              0x08001630   Section        0  uart.o(i.send_byte)
    i.send_touch_cmd                         0x08001648   Section        0  touch.o(i.send_touch_cmd)
    i.sendchar                               0x080016a8   Section        0  uart.o(i.sendchar)
    i.uart1_init                             0x080016b8   Section        0  uart.o(i.uart1_init)
    i.uart1_int_init                         0x080017d8   Section        0  uart.o(i.uart1_int_init)
    x$fpl$d2f                                0x080018a0   Section       98  d2f.o(x$fpl$d2f)
    $v0                                      0x080018a0   Number         0  d2f.o(x$fpl$d2f)
    x$fpl$ddiv                               0x08001904   Section      688  ddiv.o(x$fpl$ddiv)
    $v0                                      0x08001904   Number         0  ddiv.o(x$fpl$ddiv)
    ddiv_entry                               0x0800190b   Thumb Code     0  ddiv.o(x$fpl$ddiv)
    x$fpl$dfltu                              0x08001bb4   Section       38  dflt_clz.o(x$fpl$dfltu)
    $v0                                      0x08001bb4   Number         0  dflt_clz.o(x$fpl$dfltu)
    x$fpl$dmul                               0x08001bdc   Section      340  dmul.o(x$fpl$dmul)
    $v0                                      0x08001bdc   Number         0  dmul.o(x$fpl$dmul)
    x$fpl$dnaninf                            0x08001d30   Section      156  dnaninf.o(x$fpl$dnaninf)
    $v0                                      0x08001d30   Number         0  dnaninf.o(x$fpl$dnaninf)
    x$fpl$dretinf                            0x08001dcc   Section       12  dretinf.o(x$fpl$dretinf)
    $v0                                      0x08001dcc   Number         0  dretinf.o(x$fpl$dretinf)
    x$fpl$fpinit                             0x08001dd8   Section       10  fpinit.o(x$fpl$fpinit)
    $v0                                      0x08001dd8   Number         0  fpinit.o(x$fpl$fpinit)
    x$fpl$fretinf                            0x08001de2   Section       10  fretinf.o(x$fpl$fretinf)
    $v0                                      0x08001de2   Number         0  fretinf.o(x$fpl$fretinf)
    .constdata                               0x08001dec   Section      256  os_core.o(.constdata)
    x$fpl$usenofp                            0x08001dec   Section        0  usenofp.o(x$fpl$usenofp)
    .data                                    0x20000000   Section        4  main.o(.data)
    .data                                    0x20000004   Section       20  uart.o(.data)
    rev_cnt                                  0x20000004   Data           4  uart.o(.data)
    group                                    0x20000008   Data           1  uart.o(.data)
    addr_cnt                                 0x2000000c   Data           4  uart.o(.data)
    .data                                    0x20000018   Section        8  pwm_out.o(.data)
    .data                                    0x20000020   Section        6  tim_in_1.o(.data)
    .data                                    0x20000026   Section        1  touch.o(.data)
    t_pen_buf                                0x20000026   Data           1  touch.o(.data)
    .data                                    0x20000028   Section       76  os_core.o(.data)
    .data                                    0x20000074   Section        4  os_cpu_c.o(.data)
    .bss                                     0x20000078   Section      100  main.o(.bss)
    .bss                                     0x200000dc   Section      516  uart.o(.bss)
    .bss                                     0x200002e0   Section       30  touch.o(.bss)
    .bss                                     0x20000300   Section     3872  os_core.o(.bss)
    .bss                                     0x20001220   Section       96  libspace.o(.bss)
    HEAP                                     0x20001280   Section      512  startup_stm32f40_41xxx.o(HEAP)
    Heap_Mem                                 0x20001280   Data         512  startup_stm32f40_41xxx.o(HEAP)
    STACK                                    0x20001480   Section     1024  startup_stm32f40_41xxx.o(STACK)
    Stack_Mem                                0x20001480   Data        1024  startup_stm32f40_41xxx.o(STACK)
    __initial_sp                             0x20001880   Data           0  startup_stm32f40_41xxx.o(STACK)

    Global Symbols

    Symbol Name                              Value     Ov Type        Size  Object(Section)

    BuildAttributes$$THM_ISAv4$E$P$D$K$B$S$7EM$VFPi3$EXTD16$VFPS$VFMA$PE$A:L22UL41UL21$X:L11$S22US41US21$IEEE1$IW$USESV6$~STKCKD$USESV7$~SHL$OTIME$ROPI$IEEEX$EBA8$UX$STANDARDLIB$REQ8$PRES8$EABIv2 0x00000000   Number         0  anon$$obj.o ABSOLUTE
    __ARM_use_no_argv                        0x00000000   Number         0  main.o ABSOLUTE
    __ARM_exceptions_init                     - Undefined Weak Reference
    __alloca_initialize                       - Undefined Weak Reference
    __arm_preinit_                            - Undefined Weak Reference
    __cpp_initialize__aeabi_                  - Undefined Weak Reference
    __cxa_finalize                            - Undefined Weak Reference
    __sigvec_lookup                           - Undefined Weak Reference
    _atexit_init                              - Undefined Weak Reference
    _call_atexit_fns                          - Undefined Weak Reference
    _clock_init                               - Undefined Weak Reference
    _fp_trap_init                             - Undefined Weak Reference
    _fp_trap_shutdown                         - Undefined Weak Reference
    _get_lc_collate                           - Undefined Weak Reference
    _get_lc_ctype                             - Undefined Weak Reference
    _get_lc_monetary                          - Undefined Weak Reference
    _get_lc_time                              - Undefined Weak Reference
    _getenv_init                              - Undefined Weak Reference
    _handle_redirection                       - Undefined Weak Reference
    _init_alloc                               - Undefined Weak Reference
    _init_user_alloc                          - Undefined Weak Reference
    _initio                                   - Undefined Weak Reference
    _printf_mbtowc                            - Undefined Weak Reference
    _printf_post_padding                      - Undefined Weak Reference
    _printf_pre_padding                       - Undefined Weak Reference
    _printf_truncate_signed                   - Undefined Weak Reference
    _printf_truncate_unsigned                 - Undefined Weak Reference
    _rand_init                                - Undefined Weak Reference
    _signal_finish                            - Undefined Weak Reference
    _signal_init                              - Undefined Weak Reference
    _terminate_alloc                          - Undefined Weak Reference
    _terminate_user_alloc                     - Undefined Weak Reference
    _terminateio                              - Undefined Weak Reference
    __Vectors_Size                           0x00000188   Number         0  startup_stm32f40_41xxx.o ABSOLUTE
    __Vectors                                0x08000000   Data           4  startup_stm32f40_41xxx.o(RESET)
    __Vectors_End                            0x08000188   Data           0  startup_stm32f40_41xxx.o(RESET)
    __main                                   0x08000189   Thumb Code     8  __main.o(!!!main)
    __scatterload                            0x08000191   Thumb Code     0  __scatter.o(!!!scatter)
    __scatterload_rt2                        0x08000191   Thumb Code    44  __scatter.o(!!!scatter)
    __scatterload_rt2_thumb_only             0x08000191   Thumb Code     0  __scatter.o(!!!scatter)
    __scatterload_null                       0x0800019f   Thumb Code     0  __scatter.o(!!!scatter)
    __scatterload_copy                       0x080001c5   Thumb Code    26  __scatter_copy.o(!!handler_copy)
    __scatterload_zeroinit                   0x080001e1   Thumb Code    28  __scatter_zi.o(!!handler_zi)
    _printf_d                                0x080001fd   Thumb Code     0  _printf_d.o(.ARM.Collect$$_printf_percent$$00000009)
    _printf_percent                          0x080001fd   Thumb Code     0  _printf_percent.o(.ARM.Collect$$_printf_percent$$00000000)
    _printf_s                                0x08000203   Thumb Code     0  _printf_s.o(.ARM.Collect$$_printf_percent$$00000014)
    _printf_percent_end                      0x08000209   Thumb Code     0  _printf_percent_end.o(.ARM.Collect$$_printf_percent$$00000017)
    __rt_lib_init                            0x0800020d   Thumb Code     0  libinit.o(.ARM.Collect$$libinit$$00000000)
    __rt_lib_init_fp_1                       0x0800020f   Thumb Code     0  libinit2.o(.ARM.Collect$$libinit$$00000001)
    __rt_lib_init_alloca_1                   0x08000213   Thumb Code     0  libinit2.o(.ARM.Collect$$libinit$$0000002E)
    __rt_lib_init_argv_1                     0x08000213   Thumb Code     0  libinit2.o(.ARM.Collect$$libinit$$0000002C)
    __rt_lib_init_atexit_1                   0x08000213   Thumb Code     0  libinit2.o(.ARM.Collect$$libinit$$0000001B)
    __rt_lib_init_clock_1                    0x08000213   Thumb Code     0  libinit2.o(.ARM.Collect$$libinit$$00000021)
    __rt_lib_init_cpp_1                      0x08000213   Thumb Code     0  libinit2.o(.ARM.Collect$$libinit$$00000032)
    __rt_lib_init_exceptions_1               0x08000213   Thumb Code     0  libinit2.o(.ARM.Collect$$libinit$$00000030)
    __rt_lib_init_fp_trap_1                  0x08000213   Thumb Code     0  libinit2.o(.ARM.Collect$$libinit$$0000001F)
    __rt_lib_init_getenv_1                   0x08000213   Thumb Code     0  libinit2.o(.ARM.Collect$$libinit$$00000023)
    __rt_lib_init_heap_1                     0x08000213   Thumb Code     0  libinit2.o(.ARM.Collect$$libinit$$0000000A)
    __rt_lib_init_lc_collate_1               0x08000213   Thumb Code     0  libinit2.o(.ARM.Collect$$libinit$$00000011)
    __rt_lib_init_lc_ctype_1                 0x08000213   Thumb Code     0  libinit2.o(.ARM.Collect$$libinit$$00000013)
    __rt_lib_init_lc_monetary_1              0x08000213   Thumb Code     0  libinit2.o(.ARM.Collect$$libinit$$00000015)
    __rt_lib_init_lc_numeric_1               0x08000213   Thumb Code     0  libinit2.o(.ARM.Collect$$libinit$$00000017)
    __rt_lib_init_lc_time_1                  0x08000213   Thumb Code     0  libinit2.o(.ARM.Collect$$libinit$$00000019)
    __rt_lib_init_preinit_1                  0x08000213   Thumb Code     0  libinit2.o(.ARM.Collect$$libinit$$00000004)
    __rt_lib_init_rand_1                     0x08000213   Thumb Code     0  libinit2.o(.ARM.Collect$$libinit$$0000000E)
    __rt_lib_init_return                     0x08000213   Thumb Code     0  libinit2.o(.ARM.Collect$$libinit$$00000033)
    __rt_lib_init_signal_1                   0x08000213   Thumb Code     0  libinit2.o(.ARM.Collect$$libinit$$0000001D)
    __rt_lib_init_stdio_1                    0x08000213   Thumb Code     0  libinit2.o(.ARM.Collect$$libinit$$00000025)
    __rt_lib_init_user_alloc_1               0x08000213   Thumb Code     0  libinit2.o(.ARM.Collect$$libinit$$0000000C)
    __rt_lib_shutdown                        0x08000215   Thumb Code     0  libshutdown.o(.ARM.Collect$$libshutdown$$00000000)
    __rt_lib_shutdown_cpp_1                  0x08000217   Thumb Code     0  libshutdown2.o(.ARM.Collect$$libshutdown$$00000002)
    __rt_lib_shutdown_fp_trap_1              0x08000217   Thumb Code     0  libshutdown2.o(.ARM.Collect$$libshutdown$$00000007)
    __rt_lib_shutdown_heap_1                 0x08000217   Thumb Code     0  libshutdown2.o(.ARM.Collect$$libshutdown$$0000000F)
    __rt_lib_shutdown_return                 0x08000217   Thumb Code     0  libshutdown2.o(.ARM.Collect$$libshutdown$$00000010)
    __rt_lib_shutdown_signal_1               0x08000217   Thumb Code     0  libshutdown2.o(.ARM.Collect$$libshutdown$$0000000A)
    __rt_lib_shutdown_stdio_1                0x08000217   Thumb Code     0  libshutdown2.o(.ARM.Collect$$libshutdown$$00000004)
    __rt_lib_shutdown_user_alloc_1           0x08000217   Thumb Code     0  libshutdown2.o(.ARM.Collect$$libshutdown$$0000000C)
    __rt_entry                               0x08000219   Thumb Code     0  __rtentry.o(.ARM.Collect$$rtentry$$00000000)
    __rt_entry_presh_1                       0x08000219   Thumb Code     0  __rtentry2.o(.ARM.Collect$$rtentry$$00000002)
    __rt_entry_sh                            0x08000219   Thumb Code     0  __rtentry4.o(.ARM.Collect$$rtentry$$00000004)
    __rt_entry_li                            0x0800021f   Thumb Code     0  __rtentry2.o(.ARM.Collect$$rtentry$$0000000A)
    __rt_entry_postsh_1                      0x0800021f   Thumb Code     0  __rtentry2.o(.ARM.Collect$$rtentry$$00000009)
    __rt_entry_main                          0x08000223   Thumb Code     0  __rtentry2.o(.ARM.Collect$$rtentry$$0000000D)
    __rt_entry_postli_1                      0x08000223   Thumb Code     0  __rtentry2.o(.ARM.Collect$$rtentry$$0000000C)
    __rt_exit                                0x0800022b   Thumb Code     0  rtexit.o(.ARM.Collect$$rtexit$$00000000)
    __rt_exit_ls                             0x0800022d   Thumb Code     0  rtexit2.o(.ARM.Collect$$rtexit$$00000003)
    __rt_exit_prels_1                        0x0800022d   Thumb Code     0  rtexit2.o(.ARM.Collect$$rtexit$$00000002)
    __rt_exit_exit                           0x08000231   Thumb Code     0  rtexit2.o(.ARM.Collect$$rtexit$$00000004)
    Reset_Handler                            0x08000239   Thumb Code     8  startup_stm32f40_41xxx.o(.text)
    ADC_IRQHandler                           0x08000253   Thumb Code     0  startup_stm32f40_41xxx.o(.text)
    CAN1_RX0_IRQHandler                      0x08000253   Thumb Code     0  startup_stm32f40_41xxx.o(.text)
    CAN1_RX1_IRQHandler                      0x08000253   Thumb Code     0  startup_stm32f40_41xxx.o(.text)
    CAN1_SCE_IRQHandler                      0x08000253   Thumb Code     0  startup_stm32f40_41xxx.o(.text)
    CAN1_TX_IRQHandler                       0x08000253   Thumb Code     0  startup_stm32f40_41xxx.o(.text)
    CAN2_RX0_IRQHandler                      0x08000253   Thumb Code     0  startup_stm32f40_41xxx.o(.text)
    CAN2_RX1_IRQHandler                      0x08000253   Thumb Code     0  startup_stm32f40_41xxx.o(.text)
    CAN2_SCE_IRQHandler                      0x08000253   Thumb Code     0  startup_stm32f40_41xxx.o(.text)
    CAN2_TX_IRQHandler                       0x08000253   Thumb Code     0  startup_stm32f40_41xxx.o(.text)
    CRYP_IRQHandler                          0x08000253   Thumb Code     0  startup_stm32f40_41xxx.o(.text)
    DCMI_IRQHandler                          0x08000253   Thumb Code     0  startup_stm32f40_41xxx.o(.text)
    DMA1_Stream0_IRQHandler                  0x08000253   Thumb Code     0  startup_stm32f40_41xxx.o(.text)
    DMA1_Stream1_IRQHandler                  0x08000253   Thumb Code     0  startup_stm32f40_41xxx.o(.text)
    DMA1_Stream2_IRQHandler                  0x08000253   Thumb Code     0  startup_stm32f40_41xxx.o(.text)
    DMA1_Stream3_IRQHandler                  0x08000253   Thumb Code     0  startup_stm32f40_41xxx.o(.text)
    DMA1_Stream4_IRQHandler                  0x08000253   Thumb Code     0  startup_stm32f40_41xxx.o(.text)
    DMA1_Stream5_IRQHandler                  0x08000253   Thumb Code     0  startup_stm32f40_41xxx.o(.text)
    DMA1_Stream6_IRQHandler                  0x08000253   Thumb Code     0  startup_stm32f40_41xxx.o(.text)
    DMA1_Stream7_IRQHandler                  0x08000253   Thumb Code     0  startup_stm32f40_41xxx.o(.text)
    DMA2_Stream0_IRQHandler                  0x08000253   Thumb Code     0  startup_stm32f40_41xxx.o(.text)
    DMA2_Stream1_IRQHandler                  0x08000253   Thumb Code     0  startup_stm32f40_41xxx.o(.text)
    DMA2_Stream2_IRQHandler                  0x08000253   Thumb Code     0  startup_stm32f40_41xxx.o(.text)
    DMA2_Stream3_IRQHandler                  0x08000253   Thumb Code     0  startup_stm32f40_41xxx.o(.text)
    DMA2_Stream4_IRQHandler                  0x08000253   Thumb Code     0  startup_stm32f40_41xxx.o(.text)
    DMA2_Stream5_IRQHandler                  0x08000253   Thumb Code     0  startup_stm32f40_41xxx.o(.text)
    DMA2_Stream6_IRQHandler                  0x08000253   Thumb Code     0  startup_stm32f40_41xxx.o(.text)
    DMA2_Stream7_IRQHandler                  0x08000253   Thumb Code     0  startup_stm32f40_41xxx.o(.text)
    ETH_IRQHandler                           0x08000253   Thumb Code     0  startup_stm32f40_41xxx.o(.text)
    ETH_WKUP_IRQHandler                      0x08000253   Thumb Code     0  startup_stm32f40_41xxx.o(.text)
    EXTI0_IRQHandler                         0x08000253   Thumb Code     0  startup_stm32f40_41xxx.o(.text)
    EXTI15_10_IRQHandler                     0x08000253   Thumb Code     0  startup_stm32f40_41xxx.o(.text)
    EXTI1_IRQHandler                         0x08000253   Thumb Code     0  startup_stm32f40_41xxx.o(.text)
    EXTI2_IRQHandler                         0x08000253   Thumb Code     0  startup_stm32f40_41xxx.o(.text)
    EXTI3_IRQHandler                         0x08000253   Thumb Code     0  startup_stm32f40_41xxx.o(.text)
    EXTI4_IRQHandler                         0x08000253   Thumb Code     0  startup_stm32f40_41xxx.o(.text)
    EXTI9_5_IRQHandler                       0x08000253   Thumb Code     0  startup_stm32f40_41xxx.o(.text)
    FLASH_IRQHandler                         0x08000253   Thumb Code     0  startup_stm32f40_41xxx.o(.text)
    FPU_IRQHandler                           0x08000253   Thumb Code     0  startup_stm32f40_41xxx.o(.text)
    FSMC_IRQHandler                          0x08000253   Thumb Code     0  startup_stm32f40_41xxx.o(.text)
    HASH_RNG_IRQHandler                      0x08000253   Thumb Code     0  startup_stm32f40_41xxx.o(.text)
    I2C1_ER_IRQHandler                       0x08000253   Thumb Code     0  startup_stm32f40_41xxx.o(.text)
    I2C1_EV_IRQHandler                       0x08000253   Thumb Code     0  startup_stm32f40_41xxx.o(.text)
    I2C2_ER_IRQHandler                       0x08000253   Thumb Code     0  startup_stm32f40_41xxx.o(.text)
    I2C2_EV_IRQHandler                       0x08000253   Thumb Code     0  startup_stm32f40_41xxx.o(.text)
    I2C3_ER_IRQHandler                       0x08000253   Thumb Code     0  startup_stm32f40_41xxx.o(.text)
    I2C3_EV_IRQHandler                       0x08000253   Thumb Code     0  startup_stm32f40_41xxx.o(.text)
    OTG_FS_IRQHandler                        0x08000253   Thumb Code     0  startup_stm32f40_41xxx.o(.text)
    OTG_FS_WKUP_IRQHandler                   0x08000253   Thumb Code     0  startup_stm32f40_41xxx.o(.text)
    OTG_HS_EP1_IN_IRQHandler                 0x08000253   Thumb Code     0  startup_stm32f40_41xxx.o(.text)
    OTG_HS_EP1_OUT_IRQHandler                0x08000253   Thumb Code     0  startup_stm32f40_41xxx.o(.text)
    OTG_HS_IRQHandler                        0x08000253   Thumb Code     0  startup_stm32f40_41xxx.o(.text)
    OTG_HS_WKUP_IRQHandler                   0x08000253   Thumb Code     0  startup_stm32f40_41xxx.o(.text)
    PVD_IRQHandler                           0x08000253   Thumb Code     0  startup_stm32f40_41xxx.o(.text)
    RCC_IRQHandler                           0x08000253   Thumb Code     0  startup_stm32f40_41xxx.o(.text)
    RTC_Alarm_IRQHandler                     0x08000253   Thumb Code     0  startup_stm32f40_41xxx.o(.text)
    RTC_WKUP_IRQHandler                      0x08000253   Thumb Code     0  startup_stm32f40_41xxx.o(.text)
    SDIO_IRQHandler                          0x08000253   Thumb Code     0  startup_stm32f40_41xxx.o(.text)
    SPI1_IRQHandler                          0x08000253   Thumb Code     0  startup_stm32f40_41xxx.o(.text)
    SPI2_IRQHandler                          0x08000253   Thumb Code     0  startup_stm32f40_41xxx.o(.text)
    SPI3_IRQHandler                          0x08000253   Thumb Code     0  startup_stm32f40_41xxx.o(.text)
    TAMP_STAMP_IRQHandler                    0x08000253   Thumb Code     0  startup_stm32f40_41xxx.o(.text)
    TIM1_BRK_TIM9_IRQHandler                 0x08000253   Thumb Code     0  startup_stm32f40_41xxx.o(.text)
    TIM1_TRG_COM_TIM11_IRQHandler            0x08000253   Thumb Code     0  startup_stm32f40_41xxx.o(.text)
    TIM1_UP_TIM10_IRQHandler                 0x08000253   Thumb Code     0  startup_stm32f40_41xxx.o(.text)
    TIM2_IRQHandler                          0x08000253   Thumb Code     0  startup_stm32f40_41xxx.o(.text)
    TIM4_IRQHandler                          0x08000253   Thumb Code     0  startup_stm32f40_41xxx.o(.text)
    TIM5_IRQHandler                          0x08000253   Thumb Code     0  startup_stm32f40_41xxx.o(.text)
    TIM7_IRQHandler                          0x08000253   Thumb Code     0  startup_stm32f40_41xxx.o(.text)
    TIM8_BRK_TIM12_IRQHandler                0x08000253   Thumb Code     0  startup_stm32f40_41xxx.o(.text)
    TIM8_CC_IRQHandler                       0x08000253   Thumb Code     0  startup_stm32f40_41xxx.o(.text)
    TIM8_TRG_COM_TIM14_IRQHandler            0x08000253   Thumb Code     0  startup_stm32f40_41xxx.o(.text)
    TIM8_UP_TIM13_IRQHandler                 0x08000253   Thumb Code     0  startup_stm32f40_41xxx.o(.text)
    UART4_IRQHandler                         0x08000253   Thumb Code     0  startup_stm32f40_41xxx.o(.text)
    UART5_IRQHandler                         0x08000253   Thumb Code     0  startup_stm32f40_41xxx.o(.text)
    USART2_IRQHandler                        0x08000253   Thumb Code     0  startup_stm32f40_41xxx.o(.text)
    USART3_IRQHandler                        0x08000253   Thumb Code     0  startup_stm32f40_41xxx.o(.text)
    USART6_IRQHandler                        0x08000253   Thumb Code     0  startup_stm32f40_41xxx.o(.text)
    WWDG_IRQHandler                          0x08000253   Thumb Code     0  startup_stm32f40_41xxx.o(.text)
    __user_initial_stackheap                 0x08000255   Thumb Code     0  startup_stm32f40_41xxx.o(.text)
    OS_CPU_FP_Reg_Push                       0x08000279   Thumb Code     0  os_cpu_a.o(.text)
    OS_CPU_FP_Reg_Pop                        0x08000293   Thumb Code     0  os_cpu_a.o(.text)
    OS_CPU_SR_Save                           0x080002a5   Thumb Code     0  os_cpu_a.o(.text)
    OS_CPU_SR_Restore                        0x080002ad   Thumb Code     0  os_cpu_a.o(.text)
    OSStartHighRdy                           0x080002b3   Thumb Code     0  os_cpu_a.o(.text)
    OSCtxSw                                  0x080002db   Thumb Code     0  os_cpu_a.o(.text)
    OSIntCtxSw                               0x080002e5   Thumb Code     0  os_cpu_a.o(.text)
    OS_CPU_PendSVHandler                     0x080002ef   Thumb Code     0  os_cpu_a.o(.text)
    __I$use$semihosting                      0x08000355   Thumb Code     0  use_no_semi.o(.text)
    __use_no_semihosting_swi                 0x08000355   Thumb Code     2  use_no_semi.o(.text)
    __2printf                                0x08000359   Thumb Code    20  noretval__2printf.o(.text)
    __printf                                 0x08000371   Thumb Code   104  __printf.o(.text)
    _printf_str                              0x080003d9   Thumb Code    82  _printf_str.o(.text)
    _printf_int_dec                          0x0800042d   Thumb Code   104  _printf_dec.o(.text)
    __use_two_region_memory                  0x080004a5   Thumb Code     2  heapauxi.o(.text)
    __rt_heap_escrow$2region                 0x080004a7   Thumb Code     2  heapauxi.o(.text)
    __rt_heap_expand$2region                 0x080004a9   Thumb Code     2  heapauxi.o(.text)
    _printf_int_common                       0x080004ab   Thumb Code   178  _printf_intcommon.o(.text)
    _printf_cs_common                        0x0800055d   Thumb Code    20  _printf_char.o(.text)
    _printf_char                             0x08000571   Thumb Code    16  _printf_char.o(.text)
    _printf_string                           0x08000581   Thumb Code     8  _printf_char.o(.text)
    _printf_char_file                        0x08000589   Thumb Code    32  _printf_char_file.o(.text)
    _printf_char_common                      0x080005b7   Thumb Code    32  _printf_char_common.o(.text)
    __user_libspace                          0x080005dd   Thumb Code     8  libspace.o(.text)
    __user_perproc_libspace                  0x080005dd   Thumb Code     0  libspace.o(.text)
    __user_perthread_libspace                0x080005dd   Thumb Code     0  libspace.o(.text)
    __user_setup_stackheap                   0x080005e5   Thumb Code    74  sys_stackheap_outer.o(.text)
    exit                                     0x0800062f   Thumb Code    18  exit.o(.text)
    BusFault_Handler                         0x08000641   Thumb Code     4  stm32f4xx_it.o(i.BusFault_Handler)
    DebugMon_Handler                         0x08000645   Thumb Code     2  stm32f4xx_it.o(i.DebugMon_Handler)
    HardFault_Handler                        0x08000647   Thumb Code     4  stm32f4xx_it.o(i.HardFault_Handler)
    MemManage_Handler                        0x0800064b   Thumb Code     4  stm32f4xx_it.o(i.MemManage_Handler)
    NMI_Handler                              0x0800064f   Thumb Code     2  stm32f4xx_it.o(i.NMI_Handler)
    OSIntEnter                               0x08000651   Thumb Code    28  os_core.o(i.OSIntEnter)
    OSIntExit                                0x08000675   Thumb Code   112  os_core.o(i.OSIntExit)
    OSTaskSwHook                             0x08000705   Thumb Code     2  os_cpu_c.o(i.OSTaskSwHook)
    OSTimeTick                               0x08000709   Thumb Code   210  os_core.o(i.OSTimeTick)
    OSTimeTickHook                           0x080007f5   Thumb Code     2  os_cpu_c.o(i.OSTimeTickHook)
    SVC_Handler                              0x08000825   Thumb Code     2  stm32f4xx_it.o(i.SVC_Handler)
    SysTick_Handler                          0x08000915   Thumb Code    16  main.o(i.SysTick_Handler)
    SystemInit                               0x08000925   Thumb Code    88  system_stm32f4xx.o(i.SystemInit)
    TIM1_CC_IRQHandler                       0x0800098d   Thumb Code   188  tim_in_1.o(i.TIM1_CC_IRQHandler)
    TIM3_IRQHandler                          0x08000a5d   Thumb Code   204  pwm_out.o(i.TIM3_IRQHandler)
    TIM6_DAC_IRQHandler                      0x08000b35   Thumb Code   192  touch.o(i.TIM6_DAC_IRQHandler)
    USART1_IRQHandler                        0x08000c05   Thumb Code   166  uart.o(i.USART1_IRQHandler)
    UsageFault_Handler                       0x08000cc1   Thumb Code     4  stm32f4xx_it.o(i.UsageFault_Handler)
    _sys_exit                                0x08000cc5   Thumb Code     4  uart.o(i._sys_exit)
    can1_fifo_status                         0x08000cc9   Thumb Code    34  can.o(i.can1_fifo_status)
    can1_receive_msg                         0x08000cf1   Thumb Code    60  can.o(i.can1_receive_msg)
    can1_rx_msg                              0x08000d2d   Thumb Code   244  can.o(i.can1_rx_msg)
    can1_send_msg                            0x08000e29   Thumb Code    68  can.o(i.can1_send_msg)
    can1_tx_msg                              0x08000e6d   Thumb Code   432  can.o(i.can1_tx_msg)
    can1_tx_status                           0x08001025   Thumb Code   126  can.o(i.can1_tx_status)
    delay_ms                                 0x080010a9   Thumb Code    28  delay.o(i.delay_ms)
    delay_us                                 0x080010c5   Thumb Code    26  delay.o(i.delay_us)
    ferror                                   0x080010df   Thumb Code     8  uart.o(i.ferror)
    fputc                                    0x080010e7   Thumb Code    14  uart.o(i.fputc)
    get_xyad_aveval                          0x080010f5   Thumb Code   240  touch.o(i.get_xyad_aveval)
    init_can1                                0x080011fd   Thumb Code   458  can.o(i.init_can1)
    key_init                                 0x080013d9   Thumb Code    76  led.o(i.key_init)
    led_init                                 0x0800142d   Thumb Code   166  led.o(i.led_init)
    main                                     0x080014e1   Thumb Code    90  main.o(i.main)
    return_xy_adval                          0x0800157d   Thumb Code    82  touch.o(i.return_xy_adval)
    rev_touch_data                           0x080015d9   Thumb Code    84  touch.o(i.rev_touch_data)
    send_byte                                0x08001631   Thumb Code    20  uart.o(i.send_byte)
    send_touch_cmd                           0x08001649   Thumb Code    88  touch.o(i.send_touch_cmd)
    sendchar                                 0x080016a9   Thumb Code    14  uart.o(i.sendchar)
    uart1_init                               0x080016b9   Thumb Code   266  uart.o(i.uart1_init)
    uart1_int_init                           0x080017d9   Thumb Code   184  uart.o(i.uart1_int_init)
    __aeabi_d2f                              0x080018a1   Thumb Code     0  d2f.o(x$fpl$d2f)
    _d2f                                     0x080018a1   Thumb Code    98  d2f.o(x$fpl$d2f)
    __aeabi_ddiv                             0x08001905   Thumb Code     0  ddiv.o(x$fpl$ddiv)
    _ddiv                                    0x08001905   Thumb Code   552  ddiv.o(x$fpl$ddiv)
    __aeabi_ui2d                             0x08001bb5   Thumb Code     0  dflt_clz.o(x$fpl$dfltu)
    _dfltu                                   0x08001bb5   Thumb Code    38  dflt_clz.o(x$fpl$dfltu)
    __aeabi_dmul                             0x08001bdd   Thumb Code     0  dmul.o(x$fpl$dmul)
    _dmul                                    0x08001bdd   Thumb Code   332  dmul.o(x$fpl$dmul)
    __fpl_dnaninf                            0x08001d31   Thumb Code   156  dnaninf.o(x$fpl$dnaninf)
    __fpl_dretinf                            0x08001dcd   Thumb Code    12  dretinf.o(x$fpl$dretinf)
    _fp_init                                 0x08001dd9   Thumb Code    10  fpinit.o(x$fpl$fpinit)
    __fplib_config_fpu_vfp                   0x08001de1   Thumb Code     0  fpinit.o(x$fpl$fpinit)
    __fplib_config_pureend_doubles           0x08001de1   Thumb Code     0  fpinit.o(x$fpl$fpinit)
    __fpl_fretinf                            0x08001de3   Thumb Code    10  fretinf.o(x$fpl$fretinf)
    OSUnMapTbl                               0x08001dec   Data         256  os_core.o(.constdata)
    __I$use$fp                               0x08001dec   Number         0  usenofp.o(x$fpl$usenofp)
    Region$$Table$$Base                      0x08001eec   Number         0  anon$$obj.o(Region$$Table)
    Region$$Table$$Limit                     0x08001f0c   Number         0  anon$$obj.o(Region$$Table)
    getid1                                   0x20000000   Data           4  main.o(.data)
    __stdout                                 0x20000010   Data           4  uart.o(.data)
    __stdin                                  0x20000014   Data           4  uart.o(.data)
    a                                        0x20000018   Data           4  pwm_out.o(.data)
    flag1                                    0x2000001c   Data           4  pwm_out.o(.data)
    data                                     0x20000020   Data           4  tim_in_1.o(.data)
    rec_ok                                   0x20000024   Data           1  tim_in_1.o(.data)
    flagg                                    0x20000025   Data           1  tim_in_1.o(.data)
    OSCtxSwCtr                               0x20000028   Data           4  os_core.o(.data)
    OSEventFreeList                          0x2000002c   Data           4  os_core.o(.data)
    OSFlagFreeList                           0x20000030   Data           4  os_core.o(.data)
    OSCPUUsage                               0x20000034   Data           1  os_core.o(.data)
    OSIdleCtrMax                             0x20000038   Data           4  os_core.o(.data)
    OSIdleCtrRun                             0x2000003c   Data           4  os_core.o(.data)
    OSStatRdy                                0x20000040   Data           1  os_core.o(.data)
    OSIntNesting                             0x20000041   Data           1  os_core.o(.data)
    OSLockNesting                            0x20000042   Data           1  os_core.o(.data)
    OSPrioCur                                0x20000043   Data           1  os_core.o(.data)
    OSPrioHighRdy                            0x20000044   Data           1  os_core.o(.data)
    OSRdyGrp                                 0x20000045   Data           1  os_core.o(.data)
    OSRdyTbl                                 0x20000046   Data           8  os_core.o(.data)
    OSRunning                                0x2000004e   Data           1  os_core.o(.data)
    OSTaskCtr                                0x2000004f   Data           1  os_core.o(.data)
    OSIdleCtr                                0x20000050   Data           4  os_core.o(.data)
    OSTCBCur                                 0x20000054   Data           4  os_core.o(.data)
    OSTCBFreeList                            0x20000058   Data           4  os_core.o(.data)
    OSTCBHighRdy                             0x2000005c   Data           4  os_core.o(.data)
    OSTCBList                                0x20000060   Data           4  os_core.o(.data)
    OSTickStepState                          0x20000064   Data           1  os_core.o(.data)
    OSQFreeList                              0x20000068   Data           4  os_core.o(.data)
    OSTaskRegNextAvailID                     0x2000006c   Data           1  os_core.o(.data)
    OSTime                                   0x20000070   Data           4  os_core.o(.data)
    OS_CPU_ExceptStkBase                     0x20000074   Data           4  os_cpu_c.o(.data)
    rec_buf1                                 0x20000078   Data         100  main.o(.bss)
    font_buffer                              0x200000dc   Data         516  uart.o(.bss)
    t_adjust_para                            0x200002e0   Data          20  touch.o(.bss)
    t_para                                   0x200002f4   Data          10  touch.o(.bss)
    OSEventTbl                               0x20000300   Data         480  os_core.o(.bss)
    OSFlagTbl                                0x200004e0   Data          80  os_core.o(.bss)
    OSTaskStatStk                            0x20000530   Data         512  os_core.o(.bss)
    OSTaskIdleStk                            0x20000730   Data         512  os_core.o(.bss)
    OSTCBPrioTbl                             0x20000930   Data         256  os_core.o(.bss)
    OSTCBTbl                                 0x20000a30   Data        1936  os_core.o(.bss)
    OSQTbl                                   0x200011c0   Data          96  os_core.o(.bss)
    __libspace_start                         0x20001220   Data          96  libspace.o(.bss)
    __temporary_stack_top$libspace           0x20001280   Data           0  libspace.o(.bss)



==============================================================================

Memory Map of the image

  Image Entry point : 0x08000189

  Load Region LR_IROM1 (Base: 0x08000000, Size: 0x00001f84, Max: 0x00100000, ABSOLUTE)

    Execution Region ER_IROM1 (Exec base: 0x08000000, Load base: 0x08000000, Size: 0x00001f0c, Max: 0x00100000, ABSOLUTE)

    Exec Addr    Load Addr    Size         Type   Attr      Idx    E Section Name        Object

    0x08000000   0x08000000   0x00000188   Data   RO            3    RESET               startup_stm32f40_41xxx.o
    0x08000188   0x08000188   0x00000008   Code   RO         1748  * !!!main             c_w.l(__main.o)
    0x08000190   0x08000190   0x00000034   Code   RO         2061    !!!scatter          c_w.l(__scatter.o)
    0x080001c4   0x080001c4   0x0000001a   Code   RO         2063    !!handler_copy      c_w.l(__scatter_copy.o)
    0x080001de   0x080001de   0x00000002   PAD
    0x080001e0   0x080001e0   0x0000001c   Code   RO         2065    !!handler_zi        c_w.l(__scatter_zi.o)
    0x080001fc   0x080001fc   0x00000000   Code   RO         1743    .ARM.Collect$$_printf_percent$$00000000  c_w.l(_printf_percent.o)
    0x080001fc   0x080001fc   0x00000006   Code   RO         1741    .ARM.Collect$$_printf_percent$$00000009  c_w.l(_printf_d.o)
    0x08000202   0x08000202   0x00000006   Code   RO         1740    .ARM.Collect$$_printf_percent$$00000014  c_w.l(_printf_s.o)
    0x08000208   0x08000208   0x00000004   Code   RO         1803    .ARM.Collect$$_printf_percent$$00000017  c_w.l(_printf_percent_end.o)
    0x0800020c   0x0800020c   0x00000002   Code   RO         1940    .ARM.Collect$$libinit$$00000000  c_w.l(libinit.o)
    0x0800020e   0x0800020e   0x00000004   Code   RO         1941    .ARM.Collect$$libinit$$00000001  c_w.l(libinit2.o)
    0x08000212   0x08000212   0x00000000   Code   RO         1944    .ARM.Collect$$libinit$$00000004  c_w.l(libinit2.o)
    0x08000212   0x08000212   0x00000000   Code   RO         1947    .ARM.Collect$$libinit$$0000000A  c_w.l(libinit2.o)
    0x08000212   0x08000212   0x00000000   Code   RO         1949    .ARM.Collect$$libinit$$0000000C  c_w.l(libinit2.o)
    0x08000212   0x08000212   0x00000000   Code   RO         1951    .ARM.Collect$$libinit$$0000000E  c_w.l(libinit2.o)
    0x08000212   0x08000212   0x00000000   Code   RO         1954    .ARM.Collect$$libinit$$00000011  c_w.l(libinit2.o)
    0x08000212   0x08000212   0x00000000   Code   RO         1956    .ARM.Collect$$libinit$$00000013  c_w.l(libinit2.o)
    0x08000212   0x08000212   0x00000000   Code   RO         1958    .ARM.Collect$$libinit$$00000015  c_w.l(libinit2.o)
    0x08000212   0x08000212   0x00000000   Code   RO         1960    .ARM.Collect$$libinit$$00000017  c_w.l(libinit2.o)
    0x08000212   0x08000212   0x00000000   Code   RO         1962    .ARM.Collect$$libinit$$00000019  c_w.l(libinit2.o)
    0x08000212   0x08000212   0x00000000   Code   RO         1964    .ARM.Collect$$libinit$$0000001B  c_w.l(libinit2.o)
    0x08000212   0x08000212   0x00000000   Code   RO         1966    .ARM.Collect$$libinit$$0000001D  c_w.l(libinit2.o)
    0x08000212   0x08000212   0x00000000   Code   RO         1968    .ARM.Collect$$libinit$$0000001F  c_w.l(libinit2.o)
    0x08000212   0x08000212   0x00000000   Code   RO         1970    .ARM.Collect$$libinit$$00000021  c_w.l(libinit2.o)
    0x08000212   0x08000212   0x00000000   Code   RO         1972    .ARM.Collect$$libinit$$00000023  c_w.l(libinit2.o)
    0x08000212   0x08000212   0x00000000   Code   RO         1974    .ARM.Collect$$libinit$$00000025  c_w.l(libinit2.o)
    0x08000212   0x08000212   0x00000000   Code   RO         1978    .ARM.Collect$$libinit$$0000002C  c_w.l(libinit2.o)
    0x08000212   0x08000212   0x00000000   Code   RO         1980    .ARM.Collect$$libinit$$0000002E  c_w.l(libinit2.o)
    0x08000212   0x08000212   0x00000000   Code   RO         1982    .ARM.Collect$$libinit$$00000030  c_w.l(libinit2.o)
    0x08000212   0x08000212   0x00000000   Code   RO         1984    .ARM.Collect$$libinit$$00000032  c_w.l(libinit2.o)
    0x08000212   0x08000212   0x00000002   Code   RO         1985    .ARM.Collect$$libinit$$00000033  c_w.l(libinit2.o)
    0x08000214   0x08000214   0x00000002   Code   RO         2013    .ARM.Collect$$libshutdown$$00000000  c_w.l(libshutdown.o)
    0x08000216   0x08000216   0x00000000   Code   RO         2022    .ARM.Collect$$libshutdown$$00000002  c_w.l(libshutdown2.o)
    0x08000216   0x08000216   0x00000000   Code   RO         2024    .ARM.Collect$$libshutdown$$00000004  c_w.l(libshutdown2.o)
    0x08000216   0x08000216   0x00000000   Code   RO         2027    .ARM.Collect$$libshutdown$$00000007  c_w.l(libshutdown2.o)
    0x08000216   0x08000216   0x00000000   Code   RO         2030    .ARM.Collect$$libshutdown$$0000000A  c_w.l(libshutdown2.o)
    0x08000216   0x08000216   0x00000000   Code   RO         2032    .ARM.Collect$$libshutdown$$0000000C  c_w.l(libshutdown2.o)
    0x08000216   0x08000216   0x00000000   Code   RO         2035    .ARM.Collect$$libshutdown$$0000000F  c_w.l(libshutdown2.o)
    0x08000216   0x08000216   0x00000002   Code   RO         2036    .ARM.Collect$$libshutdown$$00000010  c_w.l(libshutdown2.o)
    0x08000218   0x08000218   0x00000000   Code   RO         1792    .ARM.Collect$$rtentry$$00000000  c_w.l(__rtentry.o)
    0x08000218   0x08000218   0x00000000   Code   RO         1844    .ARM.Collect$$rtentry$$00000002  c_w.l(__rtentry2.o)
    0x08000218   0x08000218   0x00000006   Code   RO         1856    .ARM.Collect$$rtentry$$00000004  c_w.l(__rtentry4.o)
    0x0800021e   0x0800021e   0x00000000   Code   RO         1846    .ARM.Collect$$rtentry$$00000009  c_w.l(__rtentry2.o)
    0x0800021e   0x0800021e   0x00000004   Code   RO         1847    .ARM.Collect$$rtentry$$0000000A  c_w.l(__rtentry2.o)
    0x08000222   0x08000222   0x00000000   Code   RO         1849    .ARM.Collect$$rtentry$$0000000C  c_w.l(__rtentry2.o)
    0x08000222   0x08000222   0x00000008   Code   RO         1850    .ARM.Collect$$rtentry$$0000000D  c_w.l(__rtentry2.o)
    0x0800022a   0x0800022a   0x00000002   Code   RO         1986    .ARM.Collect$$rtexit$$00000000  c_w.l(rtexit.o)
    0x0800022c   0x0800022c   0x00000000   Code   RO         1993    .ARM.Collect$$rtexit$$00000002  c_w.l(rtexit2.o)
    0x0800022c   0x0800022c   0x00000004   Code   RO         1994    .ARM.Collect$$rtexit$$00000003  c_w.l(rtexit2.o)
    0x08000230   0x08000230   0x00000006   Code   RO         1995    .ARM.Collect$$rtexit$$00000004  c_w.l(rtexit2.o)
    0x08000236   0x08000236   0x00000002   PAD
    0x08000238   0x08000238   0x00000040   Code   RO            4    .text               startup_stm32f40_41xxx.o
    0x08000278   0x08000278   0x000000dc   Code   RO         1561    .text               os_cpu_a.o
    0x08000354   0x08000354   0x00000002   Code   RO         1708    .text               c_w.l(use_no_semi.o)
    0x08000356   0x08000356   0x00000002   PAD
    0x08000358   0x08000358   0x00000018   Code   RO         1712    .text               c_w.l(noretval__2printf.o)
    0x08000370   0x08000370   0x00000068   Code   RO         1714    .text               c_w.l(__printf.o)
    0x080003d8   0x080003d8   0x00000052   Code   RO         1716    .text               c_w.l(_printf_str.o)
    0x0800042a   0x0800042a   0x00000002   PAD
    0x0800042c   0x0800042c   0x00000078   Code   RO         1718    .text               c_w.l(_printf_dec.o)
    0x080004a4   0x080004a4   0x00000006   Code   RO         1746    .text               c_w.l(heapauxi.o)
    0x080004aa   0x080004aa   0x000000b2   Code   RO         1795    .text               c_w.l(_printf_intcommon.o)
    0x0800055c   0x0800055c   0x0000002c   Code   RO         1799    .text               c_w.l(_printf_char.o)
    0x08000588   0x08000588   0x00000024   Code   RO         1801    .text               c_w.l(_printf_char_file.o)
    0x080005ac   0x080005ac   0x00000030   Code   RO         1870    .text               c_w.l(_printf_char_common.o)
    0x080005dc   0x080005dc   0x00000008   Code   RO         1924    .text               c_w.l(libspace.o)
    0x080005e4   0x080005e4   0x0000004a   Code   RO         1927    .text               c_w.l(sys_stackheap_outer.o)
    0x0800062e   0x0800062e   0x00000012   Code   RO         1931    .text               c_w.l(exit.o)
    0x08000640   0x08000640   0x00000004   Code   RO           13    i.BusFault_Handler  stm32f4xx_it.o
    0x08000644   0x08000644   0x00000002   Code   RO           14    i.DebugMon_Handler  stm32f4xx_it.o
    0x08000646   0x08000646   0x00000004   Code   RO           15    i.HardFault_Handler  stm32f4xx_it.o
    0x0800064a   0x0800064a   0x00000004   Code   RO           16    i.MemManage_Handler  stm32f4xx_it.o
    0x0800064e   0x0800064e   0x00000002   Code   RO           17    i.NMI_Handler       stm32f4xx_it.o
    0x08000650   0x08000650   0x00000024   Code   RO          801    i.OSIntEnter        os_core.o
    0x08000674   0x08000674   0x00000090   Code   RO          802    i.OSIntExit         os_core.o
    0x08000704   0x08000704   0x00000002   Code   RO         1024    i.OSTaskSwHook      os_cpu_c.o
    0x08000706   0x08000706   0x00000002   PAD
    0x08000708   0x08000708   0x000000ec   Code   RO          807    i.OSTimeTick        os_core.o
    0x080007f4   0x080007f4   0x00000002   Code   RO         1025    i.OSTimeTickHook    os_cpu_c.o
    0x080007f6   0x080007f6   0x00000002   PAD
    0x080007f8   0x080007f8   0x0000002c   Code   RO          825    i.OS_SchedNew       os_core.o
    0x08000824   0x08000824   0x00000002   Code   RO           19    i.SVC_Handler       stm32f4xx_it.o
    0x08000826   0x08000826   0x00000002   PAD
    0x08000828   0x08000828   0x000000ec   Code   RO          106    i.SetSysClock       system_stm32f4xx.o
    0x08000914   0x08000914   0x00000010   Code   RO          147    i.SysTick_Handler   main.o
    0x08000924   0x08000924   0x00000068   Code   RO          108    i.SystemInit        system_stm32f4xx.o
    0x0800098c   0x0800098c   0x000000d0   Code   RO          460    i.TIM1_CC_IRQHandler  tim_in_1.o
    0x08000a5c   0x08000a5c   0x000000d8   Code   RO          402    i.TIM3_IRQHandler   pwm_out.o
    0x08000b34   0x08000b34   0x000000d0   Code   RO          643    i.TIM6_DAC_IRQHandler  touch.o
    0x08000c04   0x08000c04   0x000000bc   Code   RO          295    i.USART1_IRQHandler  uart.o
    0x08000cc0   0x08000cc0   0x00000004   Code   RO           20    i.UsageFault_Handler  stm32f4xx_it.o
    0x08000cc4   0x08000cc4   0x00000004   Code   RO          296    i._sys_exit         uart.o
    0x08000cc8   0x08000cc8   0x00000028   Code   RO          737    i.can1_fifo_status  can.o
    0x08000cf0   0x08000cf0   0x0000003c   Code   RO          738    i.can1_receive_msg  can.o
    0x08000d2c   0x08000d2c   0x000000fc   Code   RO          739    i.can1_rx_msg       can.o
    0x08000e28   0x08000e28   0x00000044   Code   RO          740    i.can1_send_msg     can.o
    0x08000e6c   0x08000e6c   0x000001b8   Code   RO          741    i.can1_tx_msg       can.o
    0x08001024   0x08001024   0x00000084   Code   RO          742    i.can1_tx_status    can.o
    0x080010a8   0x080010a8   0x0000001c   Code   RO          598    i.delay_ms          delay.o
    0x080010c4   0x080010c4   0x0000001a   Code   RO          599    i.delay_us          delay.o
    0x080010de   0x080010de   0x00000008   Code   RO          298    i.ferror            uart.o
    0x080010e6   0x080010e6   0x0000000e   Code   RO          300    i.fputc             uart.o
    0x080010f4   0x080010f4   0x00000108   Code   RO          644    i.get_xyad_aveval   touch.o
    0x080011fc   0x080011fc   0x000001dc   Code   RO          743    i.init_can1         can.o
    0x080013d8   0x080013d8   0x00000054   Code   RO          255    i.key_init          led.o
    0x0800142c   0x0800142c   0x000000b4   Code   RO          257    i.led_init          led.o
    0x080014e0   0x080014e0   0x0000009c   Code   RO          148    i.main              main.o
    0x0800157c   0x0800157c   0x0000005c   Code   RO          648    i.return_xy_adval   touch.o
    0x080015d8   0x080015d8   0x00000058   Code   RO          649    i.rev_touch_data    touch.o
    0x08001630   0x08001630   0x00000018   Code   RO          303    i.send_byte         uart.o
    0x08001648   0x08001648   0x00000060   Code   RO          650    i.send_touch_cmd    touch.o
    0x080016a8   0x080016a8   0x0000000e   Code   RO          304    i.sendchar          uart.o
    0x080016b6   0x080016b6   0x00000002   PAD
    0x080016b8   0x080016b8   0x00000120   Code   RO          305    i.uart1_init        uart.o
    0x080017d8   0x080017d8   0x000000c8   Code   RO          306    i.uart1_int_init    uart.o
    0x080018a0   0x080018a0   0x00000062   Code   RO         1750    x$fpl$d2f           fz_wm.l(d2f.o)
    0x08001902   0x08001902   0x00000002   PAD
    0x08001904   0x08001904   0x000002b0   Code   RO         1753    x$fpl$ddiv          fz_wm.l(ddiv.o)
    0x08001bb4   0x08001bb4   0x00000026   Code   RO         1756    x$fpl$dfltu         fz_wm.l(dflt_clz.o)
    0x08001bda   0x08001bda   0x00000002   PAD
    0x08001bdc   0x08001bdc   0x00000154   Code   RO         1762    x$fpl$dmul          fz_wm.l(dmul.o)
    0x08001d30   0x08001d30   0x0000009c   Code   RO         1806    x$fpl$dnaninf       fz_wm.l(dnaninf.o)
    0x08001dcc   0x08001dcc   0x0000000c   Code   RO         1808    x$fpl$dretinf       fz_wm.l(dretinf.o)
    0x08001dd8   0x08001dd8   0x0000000a   Code   RO         1990    x$fpl$fpinit        fz_wm.l(fpinit.o)
    0x08001de2   0x08001de2   0x0000000a   Code   RO         1812    x$fpl$fretinf       fz_wm.l(fretinf.o)
    0x08001dec   0x08001dec   0x00000000   Code   RO         1814    x$fpl$usenofp       fz_wm.l(usenofp.o)
    0x08001dec   0x08001dec   0x00000100   Data   RO          832    .constdata          os_core.o
    0x08001eec   0x08001eec   0x00000020   Data   RO         2059    Region$$Table       anon$$obj.o


    Execution Region RW_IRAM1 (Exec base: 0x20000000, Load base: 0x08001f0c, Size: 0x00001880, Max: 0x00020000, ABSOLUTE)

    Exec Addr    Load Addr    Size         Type   Attr      Idx    E Section Name        Object

    0x20000000   0x08001f0c   0x00000004   Data   RW          151    .data               main.o
    0x20000004   0x08001f10   0x00000014   Data   RW          308    .data               uart.o
    0x20000018   0x08001f24   0x00000008   Data   RW          405    .data               pwm_out.o
    0x20000020   0x08001f2c   0x00000006   Data   RW          462    .data               tim_in_1.o
    0x20000026   0x08001f32   0x00000001   Data   RW          654    .data               touch.o
    0x20000027   0x08001f33   0x00000001   PAD
    0x20000028   0x08001f34   0x0000004c   Data   RW          833    .data               os_core.o
    0x20000074   0x08001f80   0x00000004   Data   RW         1027    .data               os_cpu_c.o
    0x20000078        -       0x00000064   Zero   RW          150    .bss                main.o
    0x200000dc        -       0x00000204   Zero   RW          307    .bss                uart.o
    0x200002e0        -       0x0000001e   Zero   RW          652    .bss                touch.o
    0x200002fe   0x08001f84   0x00000002   PAD
    0x20000300        -       0x00000f20   Zero   RW          831    .bss                os_core.o
    0x20001220        -       0x00000060   Zero   RW         1925    .bss                c_w.l(libspace.o)
    0x20001280        -       0x00000200   Zero   RW            2    HEAP                startup_stm32f40_41xxx.o
    0x20001480        -       0x00000400   Zero   RW            1    STACK               startup_stm32f40_41xxx.o


==============================================================================

Image component sizes


      Code (inc. data)   RO Data    RW Data    ZI Data      Debug   Object Name

      1468         66          0          0          0       5475   can.o
        54          0          0          0          0        970   delay.o
       264         22          0          0          0        898   led.o
       172         66          0          4        100     238431   main.o
       460         84        256         76       3872      11587   os_core.o
       220         36          0          0          0        316   os_cpu_a.o
         4          0          0          4          0       1964   os_cpu_c.o
       216         12          0          8          0        728   pwm_out.o
        64         26        392          0       1536        856   startup_stm32f40_41xxx.o
        22          0          0          0          0     244251   stm32f4xx_it.o
       340         32          0          0          0       1581   system_stm32f4xx.o
       208         20          0          6          0        777   tim_in_1.o
       748         62          0          1         30       4695   touch.o
       740         64          0         20        516      32919   uart.o

    ----------------------------------------------------------------------
      4988        490        680        120       6056     545448   Object Totals
         0          0         32          0          0          0   (incl. Generated)
         8          0          0          1          2          0   (incl. Padding)

    ----------------------------------------------------------------------

      Code (inc. data)   RO Data    RW Data    ZI Data      Debug   Library Member Name

         8          0          0          0          0         68   __main.o
       104          0          0          0          0         84   __printf.o
         0          0          0          0          0          0   __rtentry.o
        12          0          0          0          0          0   __rtentry2.o
         6          0          0          0          0          0   __rtentry4.o
        52          8          0          0          0          0   __scatter.o
        26          0          0          0          0          0   __scatter_copy.o
        28          0          0          0          0          0   __scatter_zi.o
        44          0          0          0          0        108   _printf_char.o
        48          6          0          0          0         96   _printf_char_common.o
        36          4          0          0          0         80   _printf_char_file.o
         6          0          0          0          0          0   _printf_d.o
       120         16          0          0          0         92   _printf_dec.o
       178          0          0          0          0         88   _printf_intcommon.o
         0          0          0          0          0          0   _printf_percent.o
         4          0          0          0          0          0   _printf_percent_end.o
         6          0          0          0          0          0   _printf_s.o
        82          0          0          0          0         80   _printf_str.o
        18          0          0          0          0         80   exit.o
         6          0          0          0          0        152   heapauxi.o
         2          0          0          0          0          0   libinit.o
         6          0          0          0          0          0   libinit2.o
         2          0          0          0          0          0   libshutdown.o
         2          0          0          0          0          0   libshutdown2.o
         8          4          0          0         96         68   libspace.o
        24          4          0          0          0         84   noretval__2printf.o
         2          0          0          0          0          0   rtexit.o
        10          0          0          0          0          0   rtexit2.o
        74          0          0          0          0         80   sys_stackheap_outer.o
         2          0          0          0          0         68   use_no_semi.o
        98          4          0          0          0        140   d2f.o
       688        140          0          0          0        256   ddiv.o
        38          0          0          0          0        116   dflt_clz.o
       340         12          0          0          0        152   dmul.o
       156          4          0          0          0        140   dnaninf.o
        12          0          0          0          0        116   dretinf.o
        10          0          0          0          0        116   fpinit.o
        10          0          0          0          0        116   fretinf.o
         0          0          0          0          0          0   usenofp.o

    ----------------------------------------------------------------------
      2280        202          0          0         96       2380   Library Totals
        12          0          0          0          0          0   (incl. Padding)

    ----------------------------------------------------------------------

      Code (inc. data)   RO Data    RW Data    ZI Data      Debug   Library Name

       916         42          0          0         96       1228   c_w.l
      1352        160          0          0          0       1152   fz_wm.l

    ----------------------------------------------------------------------
      2280        202          0          0         96       2380   Library Totals

    ----------------------------------------------------------------------

==============================================================================


      Code (inc. data)   RO Data    RW Data    ZI Data      Debug   

      7268        692        680        120       6152     542908   Grand Totals
      7268        692        680        120       6152     542908   ELF Image Totals
      7268        692        680        120          0          0   ROM Totals

==============================================================================

    Total RO  Size (Code + RO Data)                 7948 (   7.76kB)
    Total RW  Size (RW Data + ZI Data)              6272 (   6.13kB)
    Total ROM Size (Code + RO Data + RW Data)       8068 (   7.88kB)

==============================================================================

